05-07 08:39:09.446 W/skia    (  529): AGTM parsing failed flags.readFromStream(s) at 159
05-07 08:39:09.462 W/skia    (  529): AGTM parsing failed flags.readFromStream(s) at 159
05-07 08:39:09.462 W/skia    (  529): AGTM parsing failed flags.readFromStream(s) at 159
05-07 08:39:09.462 W/skia    (  529): AGTM parsing failed flags.readFromStream(s) at 159
05-07 08:39:09.462 W/skia    (  529): AGTM parsing failed flags.readFromStream(s) at 159
05-07 08:39:09.462 W/skia    (  529): AGTM parsing failed flags.readFromStream(s) at 159
05-07 08:39:09.462 W/skia    (  529): AGTM parsing failed flags.readFromStream(s) at 159
05-07 08:39:09.468 W/skia    (  529): AGTM parsing failed flags.readFromStream(s) at 159
05-07 08:39:09.468 W/skia    (  529): AGTM parsing failed flags.readFromStream(s) at 159
05-07 08:39:09.481 W/skia    (  529): AGTM parsing failed flags.readFromStream(s) at 159
05-07 08:39:09.482 W/skia    (  529): AGTM parsing failed flags.readFromStream(s) at 159
05-07 08:39:09.482 W/skia    (  529): AGTM parsing failed flags.readFromStream(s) at 159
05-07 08:39:09.482 W/skia    (  529): AGTM parsing failed flags.readFromStream(s) at 159
05-07 08:39:09.483 W/skia    (  529): AGTM parsing failed flags.readFromStream(s) at 159
05-07 08:39:09.483 W/skia    (  529): AGTM parsing failed flags.readFromStream(s) at 159
05-07 08:39:09.493 W/InputChannel-JNI(17995): Channel already disposed.
05-07 08:39:09.497 W/skia    (  529): AGTM parsing failed flags.readFromStream(s) at 159
05-07 08:39:09.497 W/skia    (  529): AGTM parsing failed flags.readFromStream(s) at 159
05-07 08:39:09.497 W/skia    (  529): AGTM parsing failed flags.readFromStream(s) at 159
05-07 08:39:09.498 W/skia    (  529): AGTM parsing failed flags.readFromStream(s) at 159
05-07 08:39:09.498 W/skia    (  529): AGTM parsing failed flags.readFromStream(s) at 159
05-07 08:39:09.498 W/skia    (  529): AGTM parsing failed flags.readFromStream(s) at 159
05-07 08:39:09.513 W/skia    (  529): AGTM parsing failed flags.readFromStream(s) at 159
05-07 08:39:09.514 W/skia    (  529): AGTM parsing failed flags.readFromStream(s) at 159
05-07 08:39:09.514 W/skia    (  529): AGTM parsing failed flags.readFromStream(s) at 159
05-07 08:39:09.514 W/skia    (  529): AGTM parsing failed flags.readFromStream(s) at 159
05-07 08:39:09.514 W/skia    (  529): AGTM parsing failed flags.readFromStream(s) at 159
05-07 08:39:09.514 W/skia    (  529): AGTM parsing failed flags.readFromStream(s) at 159
05-07 08:39:09.522 E/TransitionChain(  707): Can't collect into a chain with no transition
05-07 08:39:09.522 E/TransitionChain(  707): Can't collect into a chain with no transition
05-07 08:39:09.530 W/ActivityManager(  707): setHasOverlayUi called on unknown pid: 17848
05-07 08:39:09.544 E/BpTransactionCompletedListener(  529): Failed to transact (-32)
05-07 08:39:09.546 W/skia    (  529): AGTM parsing failed flags.readFromStream(s) at 159
05-07 08:39:09.546 W/skia    (  529): AGTM parsing failed flags.readFromStream(s) at 159
05-07 08:39:09.546 W/skia    (  529): AGTM parsing failed flags.readFromStream(s) at 159
05-07 08:39:09.546 W/skia    (  529): AGTM parsing failed flags.readFromStream(s) at 159
05-07 08:39:09.547 W/skia    (  529): AGTM parsing failed flags.readFromStream(s) at 159
05-07 08:39:09.547 W/skia    (  529): AGTM parsing failed flags.readFromStream(s) at 159
05-07 08:39:09.570 W/skia    (  529): AGTM parsing failed flags.readFromStream(s) at 159
05-07 08:39:09.570 W/skia    (  529): AGTM parsing failed flags.readFromStream(s) at 159
05-07 08:39:09.672 W/skia    (  529): AGTM parsing failed flags.readFromStream(s) at 159
05-07 08:39:09.672 W/skia    (  529): AGTM parsing failed flags.readFromStream(s) at 159
05-07 08:39:09.747 W/ActivityTaskManager(  707): Activity top resumed state loss timeout for ActivityRecord{36075894 u0 app.theprimeway.twa/.MainActivity t-1 f}}
05-07 08:39:10.303 W/skia    (  529): AGTM parsing failed flags.readFromStream(s) at 159
05-07 08:39:10.303 W/skia    (  529): AGTM parsing failed flags.readFromStream(s) at 159
05-07 08:39:10.375 W/AS.PlaybackActivityMon(  707): No piid assigned for invalid/internal port id 15
05-07 08:39:10.377 W/AS.PlaybackActivityMon(  707): No piid assigned for invalid/internal port id 15
05-07 08:39:10.404 W/skia    (  529): AGTM parsing failed flags.readFromStream(s) at 159
05-07 08:39:10.404 W/DisconnectHandler( 1016): No disconnect change found in the transition, not handling request.
05-07 08:39:10.404 W/skia    (  529): AGTM parsing failed flags.readFromStream(s) at 159
05-07 08:39:10.404 W/DisconnectHandler( 1016): No disconnect change found in the transition, not handling request.
05-07 08:39:10.421 W/SplitSelectStateCtor(14607): Missing session instanceIds
05-07 08:39:10.452 W/InputChannel-JNI(  707): Channel already disposed.
05-07 08:39:10.471 W/theprimeway.twa(18442): Unexpected CPU variant for x86: x86_64.
05-07 08:39:10.471 W/theprimeway.twa(18442): Known variants: atom, sandybridge, silvermont, goldmont, goldmont-plus, goldmont-without-sha-xsaves, tremont, kabylake, alderlake, pantherlake, default
05-07 08:39:10.637 W/skia    (  529): AGTM parsing failed flags.readFromStream(s) at 159
05-07 08:39:10.637 W/skia    (  529): AGTM parsing failed flags.readFromStream(s) at 159
05-07 08:39:10.681 W/skia    (  529): AGTM parsing failed flags.readFromStream(s) at 159
05-07 08:39:10.681 W/skia    (  529): AGTM parsing failed flags.readFromStream(s) at 159
05-07 08:39:10.681 W/skia    (  529): AGTM parsing failed flags.readFromStream(s) at 159
05-07 08:39:10.681 W/skia    (  529): AGTM parsing failed flags.readFromStream(s) at 159
05-07 08:39:10.681 W/skia    (  529): AGTM parsing failed flags.readFromStream(s) at 159
05-07 08:39:10.681 W/skia    (  529): AGTM parsing failed flags.readFromStream(s) at 159
05-07 08:39:10.681 W/skia    (  529): AGTM parsing failed flags.readFromStream(s) at 159
05-07 08:39:10.696 W/skia    (  529): AGTM parsing failed flags.readFromStream(s) at 159
05-07 08:39:10.696 W/skia    (  529): AGTM parsing failed flags.readFromStream(s) at 159
05-07 08:39:10.699 W/skia    (  529): AGTM parsing failed flags.readFromStream(s) at 159
05-07 08:39:10.699 W/skia    (  529): AGTM parsing failed flags.readFromStream(s) at 159
05-07 08:39:10.699 W/skia    (  529): AGTM parsing failed flags.readFromStream(s) at 159
05-07 08:39:10.699 W/skia    (  529): AGTM parsing failed flags.readFromStream(s) at 159
05-07 08:39:10.699 W/skia    (  529): AGTM parsing failed flags.readFromStream(s) at 159
05-07 08:39:10.712 W/skia    (  529): AGTM parsing failed flags.readFromStream(s) at 159
05-07 08:39:10.712 W/skia    (  529): AGTM parsing failed flags.readFromStream(s) at 159
05-07 08:39:10.712 W/skia    (  529): AGTM parsing failed flags.readFromStream(s) at 159
05-07 08:39:10.712 W/skia    (  529): AGTM parsing failed flags.readFromStream(s) at 159
05-07 08:39:10.712 W/skia    (  529): AGTM parsing failed flags.readFromStream(s) at 159
05-07 08:39:10.712 W/skia    (  529): AGTM parsing failed flags.readFromStream(s) at 159
05-07 08:39:10.713 W/skia    (  529): AGTM parsing failed flags.readFromStream(s) at 159
05-07 08:39:10.738 W/skia    (  529): AGTM parsing failed flags.readFromStream(s) at 159
05-07 08:39:10.738 W/skia    (  529): AGTM parsing failed flags.readFromStream(s) at 159
05-07 08:39:10.744 W/skia    (  529): AGTM parsing failed flags.readFromStream(s) at 159
05-07 08:39:10.745 W/skia    (  529): AGTM parsing failed flags.readFromStream(s) at 159
05-07 08:39:10.745 W/skia    (  529): AGTM parsing failed flags.readFromStream(s) at 159
05-07 08:39:10.745 W/skia    (  529): AGTM parsing failed flags.readFromStream(s) at 159
05-07 08:39:10.746 W/skia    (  529): AGTM parsing failed flags.readFromStream(s) at 159
05-07 08:39:10.746 W/skia    (  529): AGTM parsing failed flags.readFromStream(s) at 159
05-07 08:39:10.746 W/skia    (  529): AGTM parsing failed flags.readFromStream(s) at 159
05-07 08:39:10.762 W/skia    (  529): AGTM parsing failed flags.readFromStream(s) at 159
05-07 08:39:10.762 W/skia    (  529): AGTM parsing failed flags.readFromStream(s) at 159
05-07 08:39:10.762 W/skia    (  529): AGTM parsing failed flags.readFromStream(s) at 159
05-07 08:39:10.762 W/skia    (  529): AGTM parsing failed flags.readFromStream(s) at 159
05-07 08:39:10.762 W/skia    (  529): AGTM parsing failed flags.readFromStream(s) at 159
05-07 08:39:10.762 W/skia    (  529): AGTM parsing failed flags.readFromStream(s) at 159
05-07 08:39:10.762 W/skia    (  529): AGTM parsing failed flags.readFromStream(s) at 159
05-07 08:39:10.778 W/skia    (  529): AGTM parsing failed flags.readFromStream(s) at 159
05-07 08:39:10.778 W/skia    (  529): AGTM parsing failed flags.readFromStream(s) at 159
05-07 08:39:10.778 W/skia    (  529): AGTM parsing failed flags.readFromStream(s) at 159
05-07 08:39:10.778 W/skia    (  529): AGTM parsing failed flags.readFromStream(s) at 159
05-07 08:39:10.778 W/skia    (  529): AGTM parsing failed flags.readFromStream(s) at 159
05-07 08:39:10.778 W/skia    (  529): AGTM parsing failed flags.readFromStream(s) at 159
05-07 08:39:10.778 W/skia    (  529): AGTM parsing failed flags.readFromStream(s) at 159
05-07 08:39:10.795 W/skia    (  529): AGTM parsing failed flags.readFromStream(s) at 159
05-07 08:39:10.795 W/skia    (  529): AGTM parsing failed flags.readFromStream(s) at 159
05-07 08:39:10.795 W/skia    (  529): AGTM parsing failed flags.readFromStream(s) at 159
05-07 08:39:10.796 W/skia    (  529): AGTM parsing failed flags.readFromStream(s) at 159
05-07 08:39:10.796 W/skia    (  529): AGTM parsing failed flags.readFromStream(s) at 159
05-07 08:39:10.796 W/skia    (  529): AGTM parsing failed flags.readFromStream(s) at 159
05-07 08:39:10.796 W/skia    (  529): AGTM parsing failed flags.readFromStream(s) at 159
05-07 08:39:10.811 W/skia    (  529): AGTM parsing failed flags.readFromStream(s) at 159
05-07 08:39:10.811 W/skia    (  529): AGTM parsing failed flags.readFromStream(s) at 159
05-07 08:39:10.811 W/skia    (  529): AGTM parsing failed flags.readFromStream(s) at 159
05-07 08:39:10.811 W/skia    (  529): AGTM parsing failed flags.readFromStream(s) at 159
05-07 08:39:10.811 W/skia    (  529): AGTM parsing failed flags.readFromStream(s) at 159
05-07 08:39:10.811 W/skia    (  529): AGTM parsing failed flags.readFromStream(s) at 159
05-07 08:39:10.811 W/skia    (  529): AGTM parsing failed flags.readFromStream(s) at 159
05-07 08:39:10.827 W/skia    (  529): AGTM parsing failed flags.readFromStream(s) at 159
05-07 08:39:10.828 W/skia    (  529): AGTM parsing failed flags.readFromStream(s) at 159
05-07 08:39:10.828 W/skia    (  529): AGTM parsing failed flags.readFromStream(s) at 159
05-07 08:39:10.828 W/skia    (  529): AGTM parsing failed flags.readFromStream(s) at 159
05-07 08:39:10.828 W/skia    (  529): AGTM parsing failed flags.readFromStream(s) at 159
05-07 08:39:10.828 W/skia    (  529): AGTM parsing failed flags.readFromStream(s) at 159
05-07 08:39:10.828 W/skia    (  529): AGTM parsing failed flags.readFromStream(s) at 159
05-07 08:39:10.841 W/skia    (  529): AGTM parsing failed flags.readFromStream(s) at 159
05-07 08:39:10.841 W/skia    (  529): AGTM parsing failed flags.readFromStream(s) at 159
05-07 08:39:10.845 W/skia    (  529): AGTM parsing failed flags.readFromStream(s) at 159
05-07 08:39:10.845 W/skia    (  529): AGTM parsing failed flags.readFromStream(s) at 159
05-07 08:39:10.846 W/skia    (  529): AGTM parsing failed flags.readFromStream(s) at 159
05-07 08:39:10.846 W/skia    (  529): AGTM parsing failed flags.readFromStream(s) at 159
05-07 08:39:10.846 W/skia    (  529): AGTM parsing failed flags.readFromStream(s) at 159
05-07 08:39:10.846 W/skia    (  529): AGTM parsing failed flags.readFromStream(s) at 159
05-07 08:39:10.846 W/skia    (  529): AGTM parsing failed flags.readFromStream(s) at 159
05-07 08:39:10.862 W/skia    (  529): AGTM parsing failed flags.readFromStream(s) at 159
05-07 08:39:10.862 W/skia    (  529): AGTM parsing failed flags.readFromStream(s) at 159
05-07 08:39:10.863 W/skia    (  529): AGTM parsing failed flags.readFromStream(s) at 159
05-07 08:39:10.863 W/skia    (  529): AGTM parsing failed flags.readFromStream(s) at 159
05-07 08:39:10.863 W/skia    (  529): AGTM parsing failed flags.readFromStream(s) at 159
05-07 08:39:10.863 W/skia    (  529): AGTM parsing failed flags.readFromStream(s) at 159
05-07 08:39:10.863 W/skia    (  529): AGTM parsing failed flags.readFromStream(s) at 159
05-07 08:39:10.878 W/skia    (  529): AGTM parsing failed flags.readFromStream(s) at 159
05-07 08:39:10.879 W/skia    (  529): AGTM parsing failed flags.readFromStream(s) at 159
05-07 08:39:10.879 W/skia    (  529): AGTM parsing failed flags.readFromStream(s) at 159
05-07 08:39:10.879 W/skia    (  529): AGTM parsing failed flags.readFromStream(s) at 159
05-07 08:39:10.879 W/skia    (  529): AGTM parsing failed flags.readFromStream(s) at 159
05-07 08:39:10.879 W/skia    (  529): AGTM parsing failed flags.readFromStream(s) at 159
05-07 08:39:10.879 W/skia    (  529): AGTM parsing failed flags.readFromStream(s) at 159
05-07 08:39:10.894 W/skia    (  529): AGTM parsing failed flags.readFromStream(s) at 159
05-07 08:39:10.894 W/skia    (  529): AGTM parsing failed flags.readFromStream(s) at 159
05-07 08:39:10.894 W/skia    (  529): AGTM parsing failed flags.readFromStream(s) at 159
05-07 08:39:10.895 W/skia    (  529): AGTM parsing failed flags.readFromStream(s) at 159
05-07 08:39:10.895 W/skia    (  529): AGTM parsing failed flags.readFromStream(s) at 159
05-07 08:39:10.895 W/skia    (  529): AGTM parsing failed flags.readFromStream(s) at 159
05-07 08:39:10.895 W/skia    (  529): AGTM parsing failed flags.readFromStream(s) at 159
05-07 08:39:10.911 W/skia    (  529): AGTM parsing failed flags.readFromStream(s) at 159
05-07 08:39:10.912 W/skia    (  529): AGTM parsing failed flags.readFromStream(s) at 159
05-07 08:39:10.912 W/skia    (  529): AGTM parsing failed flags.readFromStream(s) at 159
05-07 08:39:10.912 W/skia    (  529): AGTM parsing failed flags.readFromStream(s) at 159
05-07 08:39:10.912 W/skia    (  529): AGTM parsing failed flags.readFromStream(s) at 159
05-07 08:39:10.912 W/skia    (  529): AGTM parsing failed flags.readFromStream(s) at 159
05-07 08:39:10.912 W/skia    (  529): AGTM parsing failed flags.readFromStream(s) at 159
05-07 08:39:10.927 W/skia    (  529): AGTM parsing failed flags.readFromStream(s) at 159
05-07 08:39:10.927 W/skia    (  529): AGTM parsing failed flags.readFromStream(s) at 159
05-07 08:39:10.928 W/skia    (  529): AGTM parsing failed flags.readFromStream(s) at 159
05-07 08:39:10.928 W/skia    (  529): AGTM parsing failed flags.readFromStream(s) at 159
05-07 08:39:10.928 W/skia    (  529): AGTM parsing failed flags.readFromStream(s) at 159
05-07 08:39:10.928 W/skia    (  529): AGTM parsing failed flags.readFromStream(s) at 159
05-07 08:39:10.928 W/skia    (  529): AGTM parsing failed flags.readFromStream(s) at 159
05-07 08:39:10.945 W/skia    (  529): AGTM parsing failed flags.readFromStream(s) at 159
05-07 08:39:10.945 W/skia    (  529): AGTM parsing failed flags.readFromStream(s) at 159
05-07 08:39:10.945 W/skia    (  529): AGTM parsing failed flags.readFromStream(s) at 159
05-07 08:39:10.945 W/skia    (  529): AGTM parsing failed flags.readFromStream(s) at 159
05-07 08:39:10.945 W/skia    (  529): AGTM parsing failed flags.readFromStream(s) at 159
05-07 08:39:10.945 W/skia    (  529): AGTM parsing failed flags.readFromStream(s) at 159
05-07 08:39:10.945 W/skia    (  529): AGTM parsing failed flags.readFromStream(s) at 159
05-07 08:39:10.949 W/skia    (  529): AGTM parsing failed flags.readFromStream(s) at 159
05-07 08:39:10.949 W/skia    (  529): AGTM parsing failed flags.readFromStream(s) at 159
05-07 08:39:10.949 W/skia    (  529): AGTM parsing failed flags.readFromStream(s) at 159
05-07 08:39:10.962 W/skia    (  529): AGTM parsing failed flags.readFromStream(s) at 159
05-07 08:39:10.962 W/skia    (  529): AGTM parsing failed flags.readFromStream(s) at 159
05-07 08:39:10.963 W/skia    (  529): AGTM parsing failed flags.readFromStream(s) at 159
05-07 08:39:10.963 W/skia    (  529): AGTM parsing failed flags.readFromStream(s) at 159
05-07 08:39:10.963 W/skia    (  529): AGTM parsing failed flags.readFromStream(s) at 159
05-07 08:39:10.963 W/skia    (  529): AGTM parsing failed flags.readFromStream(s) at 159
05-07 08:39:10.963 W/skia    (  529): AGTM parsing failed flags.readFromStream(s) at 159
05-07 08:39:10.979 W/skia    (  529): AGTM parsing failed flags.readFromStream(s) at 159
05-07 08:39:10.979 W/skia    (  529): AGTM parsing failed flags.readFromStream(s) at 159
05-07 08:39:10.979 W/skia    (  529): AGTM parsing failed flags.readFromStream(s) at 159
05-07 08:39:10.979 W/skia    (  529): AGTM parsing failed flags.readFromStream(s) at 159
05-07 08:39:10.979 W/skia    (  529): AGTM parsing failed flags.readFromStream(s) at 159
05-07 08:39:10.979 W/skia    (  529): AGTM parsing failed flags.readFromStream(s) at 159
05-07 08:39:10.979 W/skia    (  529): AGTM parsing failed flags.readFromStream(s) at 159
05-07 08:39:10.995 W/skia    (  529): AGTM parsing failed flags.readFromStream(s) at 159
05-07 08:39:10.995 W/skia    (  529): AGTM parsing failed flags.readFromStream(s) at 159
05-07 08:39:10.996 W/skia    (  529): AGTM parsing failed flags.readFromStream(s) at 159
05-07 08:39:10.996 W/skia    (  529): AGTM parsing failed flags.readFromStream(s) at 159
05-07 08:39:10.996 W/skia    (  529): AGTM parsing failed flags.readFromStream(s) at 159
05-07 08:39:10.996 W/skia    (  529): AGTM parsing failed flags.readFromStream(s) at 159
05-07 08:39:10.996 W/skia    (  529): AGTM parsing failed flags.readFromStream(s) at 159
05-07 08:39:11.011 W/skia    (  529): AGTM parsing failed flags.readFromStream(s) at 159
05-07 08:39:11.011 W/skia    (  529): AGTM parsing failed flags.readFromStream(s) at 159
05-07 08:39:11.012 W/skia    (  529): AGTM parsing failed flags.readFromStream(s) at 159
05-07 08:39:11.012 W/skia    (  529): AGTM parsing failed flags.readFromStream(s) at 159
05-07 08:39:11.012 W/skia    (  529): AGTM parsing failed flags.readFromStream(s) at 159
05-07 08:39:11.012 W/skia    (  529): AGTM parsing failed flags.readFromStream(s) at 159
05-07 08:39:11.012 W/skia    (  529): AGTM parsing failed flags.readFromStream(s) at 159
05-07 08:39:11.030 W/skia    (  529): AGTM parsing failed flags.readFromStream(s) at 159
05-07 08:39:11.030 W/skia    (  529): AGTM parsing failed flags.readFromStream(s) at 159
05-07 08:39:11.030 W/skia    (  529): AGTM parsing failed flags.readFromStream(s) at 159
05-07 08:39:11.030 W/skia    (  529): AGTM parsing failed flags.readFromStream(s) at 159
05-07 08:39:11.030 W/skia    (  529): AGTM parsing failed flags.readFromStream(s) at 159
05-07 08:39:11.030 W/skia    (  529): AGTM parsing failed flags.readFromStream(s) at 159
05-07 08:39:11.030 W/skia    (  529): AGTM parsing failed flags.readFromStream(s) at 159
05-07 08:39:11.044 W/skia    (  529): AGTM parsing failed flags.readFromStream(s) at 159
05-07 08:39:11.044 W/skia    (  529): AGTM parsing failed flags.readFromStream(s) at 159
05-07 08:39:11.044 W/skia    (  529): AGTM parsing failed flags.readFromStream(s) at 159
05-07 08:39:11.044 W/skia    (  529): AGTM parsing failed flags.readFromStream(s) at 159
05-07 08:39:11.044 W/skia    (  529): AGTM parsing failed flags.readFromStream(s) at 159
05-07 08:39:11.044 W/skia    (  529): AGTM parsing failed flags.readFromStream(s) at 159
05-07 08:39:11.044 W/skia    (  529): AGTM parsing failed flags.readFromStream(s) at 159
05-07 08:39:11.049 W/skia    (  529): AGTM parsing failed flags.readFromStream(s) at 159
05-07 08:39:11.049 W/skia    (  529): AGTM parsing failed flags.readFromStream(s) at 159
05-07 08:39:11.049 W/skia    (  529): AGTM parsing failed flags.readFromStream(s) at 159
05-07 08:39:11.062 W/skia    (  529): AGTM parsing failed flags.readFromStream(s) at 159
05-07 08:39:11.062 W/skia    (  529): AGTM parsing failed flags.readFromStream(s) at 159
05-07 08:39:11.062 W/skia    (  529): AGTM parsing failed flags.readFromStream(s) at 159
05-07 08:39:11.062 W/skia    (  529): AGTM parsing failed flags.readFromStream(s) at 159
05-07 08:39:11.062 W/skia    (  529): AGTM parsing failed flags.readFromStream(s) at 159
05-07 08:39:11.062 W/skia    (  529): AGTM parsing failed flags.readFromStream(s) at 159
05-07 08:39:11.062 W/skia    (  529): AGTM parsing failed flags.readFromStream(s) at 159
05-07 08:39:11.078 W/skia    (  529): AGTM parsing failed flags.readFromStream(s) at 159
05-07 08:39:11.078 W/skia    (  529): AGTM parsing failed flags.readFromStream(s) at 159
05-07 08:39:11.078 W/skia    (  529): AGTM parsing failed flags.readFromStream(s) at 159
05-07 08:39:11.078 W/skia    (  529): AGTM parsing failed flags.readFromStream(s) at 159
05-07 08:39:11.078 W/skia    (  529): AGTM parsing failed flags.readFromStream(s) at 159
05-07 08:39:11.078 W/skia    (  529): AGTM parsing failed flags.readFromStream(s) at 159
05-07 08:39:11.078 W/skia    (  529): AGTM parsing failed flags.readFromStream(s) at 159
05-07 08:39:11.094 W/skia    (  529): AGTM parsing failed flags.readFromStream(s) at 159
05-07 08:39:11.094 W/skia    (  529): AGTM parsing failed flags.readFromStream(s) at 159
05-07 08:39:11.094 W/skia    (  529): AGTM parsing failed flags.readFromStream(s) at 159
05-07 08:39:11.094 W/skia    (  529): AGTM parsing failed flags.readFromStream(s) at 159
05-07 08:39:11.094 W/skia    (  529): AGTM parsing failed flags.readFromStream(s) at 159
05-07 08:39:11.094 W/skia    (  529): AGTM parsing failed flags.readFromStream(s) at 159
05-07 08:39:11.094 W/skia    (  529): AGTM parsing failed flags.readFromStream(s) at 159
05-07 08:39:11.111 W/skia    (  529): AGTM parsing failed flags.readFromStream(s) at 159
05-07 08:39:11.111 W/skia    (  529): AGTM parsing failed flags.readFromStream(s) at 159
05-07 08:39:11.111 W/skia    (  529): AGTM parsing failed flags.readFromStream(s) at 159
05-07 08:39:11.111 W/skia    (  529): AGTM parsing failed flags.readFromStream(s) at 159
05-07 08:39:11.111 W/skia    (  529): AGTM parsing failed flags.readFromStream(s) at 159
05-07 08:39:11.111 W/skia    (  529): AGTM parsing failed flags.readFromStream(s) at 159
05-07 08:39:11.111 W/skia    (  529): AGTM parsing failed flags.readFromStream(s) at 159
05-07 08:39:11.128 W/skia    (  529): AGTM parsing failed flags.readFromStream(s) at 159
05-07 08:39:11.128 W/skia    (  529): AGTM parsing failed flags.readFromStream(s) at 159
05-07 08:39:11.128 W/skia    (  529): AGTM parsing failed flags.readFromStream(s) at 159
05-07 08:39:11.129 W/skia    (  529): AGTM parsing failed flags.readFromStream(s) at 159
05-07 08:39:11.129 W/skia    (  529): AGTM parsing failed flags.readFromStream(s) at 159
05-07 08:39:11.129 W/skia    (  529): AGTM parsing failed flags.readFromStream(s) at 159
05-07 08:39:11.129 W/skia    (  529): AGTM parsing failed flags.readFromStream(s) at 159
05-07 08:39:11.140 W/FirebaseApp(18442): Default FirebaseApp failed to initialize because no default options were found. This usually means that com.google.gms:google-services was not applied to your gradle project.
05-07 08:39:11.146 W/skia    (  529): AGTM parsing failed flags.readFromStream(s) at 159
05-07 08:39:11.146 W/skia    (  529): AGTM parsing failed flags.readFromStream(s) at 159
05-07 08:39:11.146 W/skia    (  529): AGTM parsing failed flags.readFromStream(s) at 159
05-07 08:39:11.146 W/skia    (  529): AGTM parsing failed flags.readFromStream(s) at 159
05-07 08:39:11.146 W/skia    (  529): AGTM parsing failed flags.readFromStream(s) at 159
05-07 08:39:11.146 W/skia    (  529): AGTM parsing failed flags.readFromStream(s) at 159
05-07 08:39:11.146 W/skia    (  529): AGTM parsing failed flags.readFromStream(s) at 159
05-07 08:39:11.152 W/skia    (  529): AGTM parsing failed flags.readFromStream(s) at 159
05-07 08:39:11.152 W/skia    (  529): AGTM parsing failed flags.readFromStream(s) at 159
05-07 08:39:11.152 W/skia    (  529): AGTM parsing failed flags.readFromStream(s) at 159
05-07 08:39:11.163 W/skia    (  529): AGTM parsing failed flags.readFromStream(s) at 159
05-07 08:39:11.163 W/skia    (  529): AGTM parsing failed flags.readFromStream(s) at 159
05-07 08:39:11.163 W/skia    (  529): AGTM parsing failed flags.readFromStream(s) at 159
05-07 08:39:11.163 W/skia    (  529): AGTM parsing failed flags.readFromStream(s) at 159
05-07 08:39:11.164 W/skia    (  529): AGTM parsing failed flags.readFromStream(s) at 159
05-07 08:39:11.164 W/skia    (  529): AGTM parsing failed flags.readFromStream(s) at 159
05-07 08:39:11.164 W/skia    (  529): AGTM parsing failed flags.readFromStream(s) at 159
05-07 08:39:11.238 W/SoLoader(18442): Initializing SoLoader: 0
05-07 08:39:11.242 W/SoLoader(18442): Recording new base apk path: /data/app/~~2iusY4guj6ts7k-sWRyt-w==/app.theprimeway.twa-1CuewkO7p5ysZt7MR8zbvw==/base.apk
05-07 08:39:11.242 W/SoLoader(18442): Previously recorded 0 base apk paths.
05-07 08:39:11.252 W/skia    (  529): AGTM parsing failed flags.readFromStream(s) at 159
05-07 08:39:11.309 W/SoLoader(18442): SoLoader initialized: 8
05-07 08:39:11.791 W/skia    (  529): AGTM parsing failed flags.readFromStream(s) at 159
05-07 08:39:11.867 W/libc    (18442): Access denied finding property "vendor.mesa.virtgpu.kumquat"
05-07 08:39:11.873 W/HWUI    (18442): Failed to choose config with EGL_SWAP_BEHAVIOR_PRESERVED, retrying without...
05-07 08:39:11.873 W/HWUI    (18442): Failed to initialize 101010-2 format, error = EGL_SUCCESS
05-07 08:39:12.409 W/unknown:BridgelessReact(18442): ReactHost{0}.startSurface(surfaceId = 0): Schedule
05-07 08:39:12.409 W/unknown:BridgelessReact(18442): ReactHost{0}.attachSurface(surfaceId = 0)
05-07 08:39:12.412 W/unknown:BridgelessReact(18442): ReactHost{0}.getOrCreateReactInstanceTask()
05-07 08:39:12.412 W/unknown:BridgelessReact(18442): ReactHost{0}.getOrCreateReactInstanceTask(): Start
05-07 08:39:12.412 W/unknown:BridgelessReact(18442): ReactHost{0}.getJSBundleLoader()
05-07 08:39:12.412 W/unknown:BridgelessReact(18442): ReactHost{0}.isMetroRunning()
05-07 08:39:12.429 W/WindowOnBackDispatcher(18442): OnBackInvokedCallback is not enabled for the application.
05-07 08:39:12.429 W/WindowOnBackDispatcher(18442): Set 'android:enableOnBackInvokedCallback="true"' in the application manifest.
05-07 08:39:12.437 W/unknown:BridgelessReact(18442): ReactHost{0}.onHostResume(activity)
05-07 08:39:12.438 W/unknown:ReactNative(18442): Packager connection already open, nooping.
05-07 08:39:12.445 W/HWUI    (18442): Unknown dataspace 0
05-07 08:39:12.453 W/InputChannel-JNI(  707): Channel already disposed.
05-07 08:39:12.464 W/libc    (18442): Access denied finding property "vendor.mesa.virtgpu.kumquat"
05-07 08:39:12.470 W/skia    (  529): AGTM parsing failed flags.readFromStream(s) at 159
05-07 08:39:12.573 W/skia    (  529): AGTM parsing failed flags.readFromStream(s) at 159
05-07 08:39:13.034 E/TaskPersister(  707): File error accessing recents directory (directory doesn't exist?).
05-07 08:39:13.114 W/unknown:BridgelessReact(18442): ReactHost{0}.isMetroRunning(): Async result = true
05-07 08:39:13.115 W/unknown:BridgelessReact(18442): ReactHost{0}.loadJSBundleFromMetro()
05-07 08:39:13.152 W/InputChannel-JNI(  707): Channel already disposed.
05-07 08:39:13.172 W/skia    (  529): AGTM parsing failed flags.readFromStream(s) at 159
05-07 08:39:13.275 W/skia    (  529): AGTM parsing failed flags.readFromStream(s) at 159
05-07 08:39:13.482 E/Nl80211Native(  707): getChannelsMhzForBand: Wiphy index not recorded for band 8
05-07 08:39:13.482 E/Nl80211Native(  707): getChannelsMhzForBand: Wiphy index not recorded for band 16
05-07 08:39:13.537 W/Nl80211Utils(  707): Malformed NEW_INTERFACE response: missing attributes
05-07 08:39:15.256 W/ActivityTaskManager(  707): Activity transferring splash screen timeout for ActivityRecord{134423623 u0 app.theprimeway.twa/.MainActivity t21} state 2
05-07 08:39:15.270 W/skia    (  529): AGTM parsing failed flags.readFromStream(s) at 159
05-07 08:39:15.373 W/skia    (  529): AGTM parsing failed flags.readFromStream(s) at 159
05-07 08:39:15.473 W/skia    (  529): AGTM parsing failed flags.readFromStream(s) at 159
05-07 08:39:15.589 W/skia    (  529): AGTM parsing failed flags.readFromStream(s) at 159
05-07 08:39:15.689 W/skia    (  529): AGTM parsing failed flags.readFromStream(s) at 159
05-07 08:39:16.713 W/unknown:BridgelessReact(18442): ReactHost{0}.loadJSBundleFromMetro(): Creating BundleLoader
05-07 08:39:16.714 W/unknown:BridgelessReact(18442): ReactHost{0}.getOrCreateReactInstanceTask(): Creating BridgelessReactContext
05-07 08:39:16.720 W/unknown:BridgelessReact(18442): ReactHost{0}.getOrCreateReactInstanceTask(): Creating ReactInstance
05-07 08:39:17.136 I/ExpoModulesCore(18442): ✅ AppContext was initialized
05-07 08:39:17.230 W/unknown:BridgelessReact(18442): ReactHost{0}.getOrCreateReactInstanceTask(): Loading JS Bundle
05-07 08:39:17.230 W/unknown:BridgelessReact(18442): ReactHost{0}.getOrCreateReactInstanceTask(): DevSupportManager.onNewReactContextCreated()
05-07 08:39:17.239 W/unknown:BridgelessReact(18442): ReactHost{0}.startSurface(surfaceId = 0): Execute
05-07 08:39:17.245 W/unknown:ReactNative(18442): Packager connection already open, nooping.
05-07 08:39:17.246 W/unknown:BridgelessReact(18442): ReactHost{0}.ReactContext.onHostResume()
05-07 08:39:17.256 W/unknown:BridgelessReact(18442): ReactHost{0}.getOrCreateReactInstanceTask(): Executing ReactInstanceEventListeners
05-07 08:39:17.815 W/ResourcesManager(18442): Found a null ResourcesImpl, skipped.
05-07 08:39:17.815 W/ResourcesManager(18442): Found a null ResourcesImpl, skipped.
05-07 08:39:17.815 W/ResourcesManager(18442): Found a null ResourcesImpl, skipped.
05-07 08:39:18.053 W/unknown:ViewManagerPropertyUpdater(18442): Could not find generated setter for class com.th3rdwave.safeareacontext.SafeAreaProviderManager
05-07 08:39:18.058 W/unknown:ViewManagerPropertyUpdater(18442): Could not find generated setter for class com.facebook.react.uimanager.LayoutShadowNode
05-07 08:39:18.060 W/unknown:ViewManagerPropertyUpdater(18442): Could not find generated setter for class com.swmansion.rnscreens.SearchBarManager
05-07 08:39:18.062 W/unknown:ViewManagerPropertyUpdater(18442): Could not find generated setter for class com.swmansion.rnscreens.ScreenFooterManager
05-07 08:39:18.065 W/unknown:ViewManagerPropertyUpdater(18442): Could not find generated setter for class com.swmansion.rnscreens.gamma.tabs.TabScreenViewManager
05-07 08:39:18.068 W/unknown:ViewManagerPropertyUpdater(18442): Could not find generated setter for class expo.modules.kotlin.views.GroupViewManagerWrapper
05-07 08:39:18.070 W/unknown:ViewManagerPropertyUpdater(18442): Could not find generated setter for class com.swmansion.rnscreens.ScreenContainerViewManager
05-07 08:39:18.072 W/unknown:ViewManagerPropertyUpdater(18442): Could not find generated setter for class com.swmansion.rnscreens.gamma.tabs.TabsHostViewManager
05-07 08:39:18.074 W/unknown:ViewManagerPropertyUpdater(18442): Could not find generated setter for class com.swmansion.rnscreens.ModalScreenViewManager
05-07 08:39:18.076 W/unknown:ViewManagerPropertyUpdater(18442): Could not find generated setter for class com.swmansion.rnscreens.ScreenStackHeaderConfigViewManager
05-07 08:39:18.077 W/unknown:ViewManagerPropertyUpdater(18442): Could not find generated setter for class com.swmansion.rnscreens.ScreenContentWrapperManager
05-07 08:39:18.078 W/unknown:ViewManagerPropertyUpdater(18442): Could not find generated setter for class com.th3rdwave.safeareacontext.SafeAreaViewManager
05-07 08:39:18.081 W/unknown:ViewManagerPropertyUpdater(18442): Could not find generated setter for class com.th3rdwave.safeareacontext.SafeAreaViewShadowNode
05-07 08:39:18.082 W/unknown:ViewManagerPropertyUpdater(18442): Could not find generated setter for class com.swmansion.rnscreens.safearea.SafeAreaViewManager
05-07 08:39:18.082 W/unknown:ViewManagerPropertyUpdater(18442): Could not find generated setter for class com.swmansion.rnscreens.safearea.paper.SafeAreaViewShadowNode
05-07 08:39:18.083 W/unknown:ViewManagerPropertyUpdater(18442): Could not find generated setter for class com.swmansion.rnscreens.ScreenViewManager
05-07 08:39:18.083 W/unknown:ViewManagerPropertyUpdater(18442): Could not find generated setter for class expo.modules.kotlin.views.SimpleViewManagerWrapper
05-07 08:39:18.084 W/unknown:ViewManagerPropertyUpdater(18442): Could not find generated setter for class com.swmansion.rnscreens.gamma.stack.host.StackHostViewManager
05-07 08:39:18.084 W/unknown:ViewManagerPropertyUpdater(18442): Could not find generated setter for class com.reactnativegooglesignin.RNGoogleSigninButtonViewManager
05-07 08:39:18.085 W/unknown:ViewManagerPropertyUpdater(18442): Could not find generated setter for class com.swmansion.rnscreens.ScreenStackHeaderSubviewManager
05-07 08:39:18.086 W/unknown:ViewManagerPropertyUpdater(18442): Could not find generated setter for class com.swmansion.rnscreens.gamma.stack.screen.StackScreenViewManager
05-07 08:39:18.088 W/unknown:ViewManagerPropertyUpdater(18442): Could not find generated setter for class com.swmansion.rnscreens.ScreenStackViewManager
05-07 08:39:18.167 W/unknown:ViewManagerPropertyUpdater(18442): Could not find generated setter for class com.horcrux.svg.RenderableViewManager$DefsViewManager
05-07 08:39:18.169 W/unknown:ViewManagerPropertyUpdater(18442): Could not find generated setter for class com.horcrux.svg.VirtualViewManager$RenderableShadowNode
05-07 08:39:18.174 W/unknown:ViewManagerPropertyUpdater(18442): Could not find generated setter for class com.facebook.react.views.debuggingoverlay.DebuggingOverlayManager
05-07 08:39:18.183 W/unknown:ViewManagerPropertyUpdater(18442): Could not find generated setter for class com.horcrux.svg.RenderableViewManager$FeMergeManager
05-07 08:39:18.188 W/unknown:ViewManagerPropertyUpdater(18442): Could not find generated setter for class com.facebook.react.views.safeareaview.ReactSafeAreaViewManager
05-07 08:39:18.193 W/unknown:ViewManagerPropertyUpdater(18442): Could not find generated setter for class com.horcrux.svg.RenderableViewManager$LinearGradientManager
05-07 08:39:18.197 W/unknown:ViewManagerPropertyUpdater(18442): Could not find generated setter for class com.horcrux.svg.RenderableViewManager$FeGaussianBlurManager
05-07 08:39:18.202 W/unknown:ViewManagerPropertyUpdater(18442): Could not find generated setter for class com.facebook.react.views.progressbar.ReactProgressBarViewManager
05-07 08:39:18.202 W/unknown:ViewManagerPropertyUpdater(18442): Could not find generated setter for class com.facebook.react.views.progressbar.ProgressBarShadowNode
05-07 08:39:18.208 W/unknown:ViewManagerPropertyUpdater(18442): Could not find generated setter for class com.facebook.react.views.scroll.ReactHorizontalScrollViewManager
05-07 08:39:18.216 W/unknown:ViewManagerPropertyUpdater(18442): Could not find generated setter for class com.facebook.react.views.text.ReactTextViewManager
05-07 08:39:18.217 W/unknown:ViewManagerPropertyUpdater(18442): Could not find generated setter for class com.facebook.react.views.text.ReactTextShadowNode
05-07 08:39:18.222 W/unknown:ViewManagerPropertyUpdater(18442): Could not find generated setter for class com.horcrux.svg.RenderableViewManager$FeColorMatrixManager
05-07 08:39:18.225 W/unknown:ViewManagerPropertyUpdater(18442): Could not find generated setter for class com.facebook.react.views.scroll.ReactHorizontalScrollContainerViewManager
05-07 08:39:18.230 W/unknown:ViewManagerPropertyUpdater(18442): Could not find generated setter for class com.horcrux.svg.RenderableViewManager$ClipPathViewManager
05-07 08:39:18.238 W/unknown:ViewManagerPropertyUpdater(18442): Could not find generated setter for class com.horcrux.svg.RenderableViewManager$SymbolManager
05-07 08:39:18.246 W/unknown:ViewManagerPropertyUpdater(18442): Could not find generated setter for class com.horcrux.svg.RenderableViewManager$PatternManager
05-07 08:39:18.251 W/unknown:ViewManagerPropertyUpdater(18442): Could not find generated setter for class com.horcrux.svg.RenderableViewManager$FeBlendManager
05-07 08:39:18.254 W/unknown:ViewManagerPropertyUpdater(18442): Could not find generated setter for class com.facebook.react.views.view.ReactViewManager
05-07 08:39:18.261 W/unknown:ViewManagerPropertyUpdater(18442): Could not find generated setter for class com.horcrux.svg.SvgViewManager
05-07 08:39:18.267 W/unknown:ViewManagerPropertyUpdater(18442): Could not find generated setter for class com.facebook.react.views.switchview.ReactSwitchManager
05-07 08:39:18.267 W/unknown:ViewManagerPropertyUpdater(18442): Could not find generated setter for class com.facebook.react.views.switchview.ReactSwitchShadowNode
05-07 08:39:18.273 W/unknown:ViewManagerPropertyUpdater(18442): Could not find generated setter for class com.horcrux.svg.RenderableViewManager$UseViewManager
05-07 08:39:18.278 W/unknown:ViewManagerPropertyUpdater(18442): Could not find generated setter for class com.horcrux.svg.RenderableViewManager$CircleViewManager
05-07 08:39:18.284 W/unknown:ViewManagerPropertyUpdater(18442): Could not find generated setter for class com.horcrux.svg.RenderableViewManager$TSpanViewManager
05-07 08:39:18.290 W/unknown:ViewManagerPropertyUpdater(18442): Could not find generated setter for class com.horcrux.svg.RenderableViewManager$FilterManager
05-07 08:39:18.296 W/unknown:ViewManagerPropertyUpdater(18442): Could not find generated setter for class com.horcrux.svg.RenderableViewManager$MarkerManager
05-07 08:39:18.303 W/unknown:ViewManagerPropertyUpdater(18442): Could not find generated setter for class com.swmansion.gesturehandler.react.RNGestureHandlerButtonViewManager
05-07 08:39:18.312 W/unknown:ViewManagerPropertyUpdater(18442): Could not find generated setter for class com.facebook.react.views.modal.ReactModalHostManager
05-07 08:39:18.317 W/unknown:ViewManagerPropertyUpdater(18442): Could not find generated setter for class com.horcrux.svg.RenderableViewManager$ForeignObjectManager
05-07 08:39:18.325 W/unknown:ViewManagerPropertyUpdater(18442): Could not find generated setter for class com.horcrux.svg.RenderableViewManager$EllipseViewManager
05-07 08:39:18.337 W/unknown:ViewManagerPropertyUpdater(18442): Could not find generated setter for class com.horcrux.svg.RenderableViewManager$LineViewManager
05-07 08:39:18.344 W/unknown:ViewManagerPropertyUpdater(18442): Could not find generated setter for class com.facebook.react.views.text.frescosupport.FrescoBasedReactTextInlineImageViewManager
05-07 08:39:18.345 W/unknown:ViewManagerPropertyUpdater(18442): Could not find generated setter for class com.facebook.react.views.text.frescosupport.FrescoBasedReactTextInlineImageShadowNode
05-07 08:39:18.349 W/unknown:ViewManagerPropertyUpdater(18442): Could not find generated setter for class com.horcrux.svg.RenderableViewManager$FeFloodManager
05-07 08:39:18.354 W/unknown:ViewManagerPropertyUpdater(18442): Could not find generated setter for class com.horcrux.svg.RenderableViewManager$GroupViewManager
05-07 08:39:18.362 W/unknown:ViewManagerPropertyUpdater(18442): Could not find generated setter for class com.horcrux.svg.RenderableViewManager$TextViewManager
05-07 08:39:18.371 W/unknown:ViewManagerPropertyUpdater(18442): Could not find generated setter for class com.horcrux.svg.RenderableViewManager$ImageViewManager
05-07 08:39:18.379 W/unknown:ViewManagerPropertyUpdater(18442): Could not find generated setter for class com.horcrux.svg.RenderableViewManager$FeCompositeManager
05-07 08:39:18.392 W/unknown:ViewManagerPropertyUpdater(18442): Could not find generated setter for class com.facebook.react.views.image.ReactImageManager
05-07 08:39:18.402 W/unknown:ViewManagerPropertyUpdater(18442): Could not find generated setter for class com.horcrux.svg.RenderableViewManager$RadialGradientManager
05-07 08:39:18.411 W/unknown:ViewManagerPropertyUpdater(18442): Could not find generated setter for class com.horcrux.svg.RenderableViewManager$MaskManager
05-07 08:39:18.416 W/unknown:ViewManagerPropertyUpdater(18442): Could not find generated setter for class com.facebook.react.views.unimplementedview.ReactUnimplementedViewManager
05-07 08:39:18.423 W/unknown:ViewManagerPropertyUpdater(18442): Could not find generated setter for class com.horcrux.svg.RenderableViewManager$RectViewManager
05-07 08:39:18.432 W/unknown:ViewManagerPropertyUpdater(18442): Could not find generated setter for class com.horcrux.svg.RenderableViewManager$TextPathViewManager
05-07 08:39:18.445 W/unknown:ViewManagerPropertyUpdater(18442): Could not find generated setter for class com.facebook.react.views.scroll.ReactScrollViewManager
05-07 08:39:18.451 W/unknown:ViewManagerPropertyUpdater(18442): Could not find generated setter for class com.horcrux.svg.RenderableViewManager$FeOffsetManager
05-07 08:39:18.456 W/unknown:ViewManagerPropertyUpdater(18442): Could not find generated setter for class com.horcrux.svg.RenderableViewManager$PathViewManager
05-07 08:39:18.463 W/unknown:ViewManagerPropertyUpdater(18442): Could not find generated setter for class com.facebook.react.views.drawer.ReactDrawerLayoutManager
05-07 08:39:18.470 W/unknown:ViewManagerPropertyUpdater(18442): Could not find generated setter for class com.facebook.react.views.swiperefresh.SwipeRefreshLayoutManager
05-07 08:39:18.479 W/unknown:ViewManagerPropertyUpdater(18442): Could not find generated setter for class com.facebook.react.views.textinput.ReactTextInputManager
05-07 08:39:18.482 W/unknown:ViewManagerPropertyUpdater(18442): Could not find generated setter for class com.facebook.react.views.textinput.ReactTextInputShadowNode
05-07 08:39:18.492 W/unknown:ViewManagerPropertyUpdater(18442): Could not find generated setter for class com.swmansion.gesturehandler.react.RNGestureHandlerRootViewManager
05-07 08:39:18.554 W/BridgelessReactContext(18442): [WARNING] Bridgeless doesn't support CatalystInstance. Accessing an API that's not part of the new architecture is not encouraged usage.
05-07 08:39:18.575 I/ExpoModulesCore(18442): ✅ JSI interop was installed
05-07 08:39:18.590 I/ExpoModulesCore(18442): ✅ Constants were exported
05-07 08:39:18.854 I/ReactNativeJS(18442): Running "main" with {"rootTag":1,"initialProps":{},"fabric":true}
05-07 08:39:19.258 W/ActivityTaskManager(  707): Launch timeout has expired, giving up wake lock!
05-07 08:39:21.107 W/ReactNativeJS(18442): 'Require cycle: src/features/settings/index.ts -> src/features/settings/screens/SettingsScreen.tsx -> src/features/settings/index.ts\n\nRequire cycles are allowed, but can result in uninitialized values. Consider refactoring to remove the need for a cycle.', { [Stack] name: 'Stack' }
05-07 08:39:21.845 W/System  (14607): A resource failed to call release. 
05-07 08:39:21.845 W/System  (14607): A resource failed to call release. 
05-07 08:39:21.845 W/System  (14607): A resource failed to call release. 
05-07 08:39:21.845 W/System  (14607): A resource failed to call release. 
05-07 08:39:23.616 W/unknown:ReactNative(18442): StatusBarModule: Ignored status bar change, current activity is edge-to-edge.
05-07 08:39:23.617 W/unknown:ReactNative(18442): StatusBarModule: Ignored status bar change, current activity is edge-to-edge.
05-07 08:39:23.634 W/[RNScreens](18442): backTitleFontFamily prop is not available on Android
05-07 08:39:23.635 W/[RNScreens](18442): disableBackButtonMenu prop is not available on Android
05-07 08:39:23.635 W/[RNScreens](18442): backTitleVisible prop is not available on Android
05-07 08:39:23.635 W/[RNScreens](18442): topInsetEnabled prop is not available on Android
05-07 08:39:23.635 W/[RNScreens](18442): largeTitleHideShadow prop is not available on Android
05-07 08:39:23.635 W/[RNScreens](18442): largeTitleFontWeight prop is not available on Android
05-07 08:39:23.635 W/[RNScreens](18442): userInterfaceStyle prop is not available on Android
05-07 08:39:23.635 W/[RNScreens](18442): largeTitleFontFamily prop is not available on Android
05-07 08:39:23.636 W/ReactNativeJS(18442): 'Push notifications only work on physical devices', { [Stack] name: 'Stack' }
05-07 08:39:23.672 I/ReactNative(18442): [GESTURE HANDLER] Initialize gesture handler for root view com.facebook.react.runtime.ReactSurfaceView{94f54f8 V.E...... ......ID 0,0-1080,2424 #1}
05-07 08:39:24.691 W/InputChannel-JNI(  707): Channel already disposed.
05-07 08:39:24.701 W/PackageConfigPersister(  707): App-specific configuration not found for packageName: app.theprimeway.twa and userId: 0
05-07 08:39:24.736 W/skia    (  529): AGTM parsing failed flags.readFromStream(s) at 159
05-07 08:39:24.837 W/skia    (  529): AGTM parsing failed flags.readFromStream(s) at 159
05-07 08:39:24.938 W/skia    (  529): AGTM parsing failed flags.readFromStream(s) at 159
05-07 08:39:25.040 W/skia    (  529): AGTM parsing failed flags.readFromStream(s) at 159
05-07 08:39:25.135 W/[RNScreens](18442): backTitleFontFamily prop is not available on Android
05-07 08:39:25.135 W/[RNScreens](18442): disableBackButtonMenu prop is not available on Android
05-07 08:39:25.135 W/[RNScreens](18442): backTitleVisible prop is not available on Android
05-07 08:39:25.135 W/[RNScreens](18442): topInsetEnabled prop is not available on Android
05-07 08:39:25.135 W/[RNScreens](18442): largeTitleHideShadow prop is not available on Android
05-07 08:39:25.135 W/[RNScreens](18442): largeTitleFontWeight prop is not available on Android
05-07 08:39:25.136 W/[RNScreens](18442): userInterfaceStyle prop is not available on Android
05-07 08:39:25.136 W/[RNScreens](18442): largeTitleFontFamily prop is not available on Android
05-07 08:39:25.137 W/[RNScreens](18442): backTitleFontFamily prop is not available on Android
05-07 08:39:25.138 W/[RNScreens](18442): disableBackButtonMenu prop is not available on Android
05-07 08:39:25.138 W/[RNScreens](18442): backTitleVisible prop is not available on Android
05-07 08:39:25.138 W/[RNScreens](18442): topInsetEnabled prop is not available on Android
05-07 08:39:25.138 W/[RNScreens](18442): largeTitleHideShadow prop is not available on Android
05-07 08:39:25.138 W/[RNScreens](18442): largeTitleFontWeight prop is not available on Android
05-07 08:39:25.138 W/[RNScreens](18442): userInterfaceStyle prop is not available on Android
05-07 08:39:25.138 W/[RNScreens](18442): largeTitleFontFamily prop is not available on Android
05-07 08:39:25.200 W/theprimeway.twa(18442): Suspending all threads took: 6.297ms
05-07 08:39:25.201 W/skia    (  529): AGTM parsing failed flags.readFromStream(s) at 159
05-07 08:39:25.302 W/skia    (  529): AGTM parsing failed flags.readFromStream(s) at 159
05-07 08:39:25.403 W/skia    (  529): AGTM parsing failed flags.readFromStream(s) at 159
05-07 08:39:25.504 W/skia    (  529): AGTM parsing failed flags.readFromStream(s) at 159
05-07 08:39:25.605 W/skia    (  529): AGTM parsing failed flags.readFromStream(s) at 159
05-07 08:39:25.706 W/skia    (  529): AGTM parsing failed flags.readFromStream(s) at 159
05-07 08:39:25.809 W/skia    (  529): AGTM parsing failed flags.readFromStream(s) at 159
05-07 08:39:26.869 W/skia    (  529): AGTM parsing failed flags.readFromStream(s) at 159
05-07 08:39:26.969 W/skia    (  529): AGTM parsing failed flags.readFromStream(s) at 159
05-07 08:39:27.071 W/skia    (  529): AGTM parsing failed flags.readFromStream(s) at 159
05-07 08:39:27.173 W/skia    (  529): AGTM parsing failed flags.readFromStream(s) at 159
05-07 08:39:36.879 W/InputChannel-JNI(  707): Channel already disposed.
05-07 08:39:36.903 W/skia    (  529): AGTM parsing failed flags.readFromStream(s) at 159
05-07 08:39:36.960 W/InputChannel-JNI(  707): Channel already disposed.
05-07 08:39:37.055 W/skia    (  529): AGTM parsing failed flags.readFromStream(s) at 159
05-07 08:39:37.156 W/skia    (  529): AGTM parsing failed flags.readFromStream(s) at 159
05-07 08:39:37.347 W/InputChannel-JNI(  707): Channel already disposed.
05-07 08:39:37.459 W/skia    (  529): AGTM parsing failed flags.readFromStream(s) at 159
05-07 08:39:37.506 W/InputChannel-JNI(  707): Channel already disposed.
05-07 08:39:37.561 W/skia    (  529): AGTM parsing failed flags.readFromStream(s) at 159
05-07 08:39:37.595 W/InputChannel-JNI(  707): Channel already disposed.
05-07 08:39:37.604 E/WindowManager(  707): Unexpected pending sleeping group. Requested Group 0 Current Sleeping group 0
05-07 08:39:37.648 W/skia    (  529): AGTM parsing failed flags.readFromStream(s) at 159
05-07 08:39:37.649 W/skia    (  529): AGTM parsing failed flags.readFromStream(s) at 159
05-07 08:39:37.649 W/skia    (  529): AGTM parsing failed flags.readFromStream(s) at 159
05-07 08:39:37.659 W/InputChannel-JNI(  707): Channel already disposed.
05-07 08:39:37.686 W/skia    (  529): AGTM parsing failed flags.readFromStream(s) at 159
05-07 08:39:37.710 W/InputChannel-JNI(  707): Channel already disposed.
05-07 08:39:37.710 W/libc    (  707): Access denied finding property "vendor.mesa.virtgpu.kumquat"
05-07 08:39:37.704 W/PowerManagerSer(  707): type=1400 audit(0.0:27): avc:  denied  { read } for  name="u:object_r:vendor_default_prop:s0" dev="tmpfs" ino=404 scontext=u:r:system_server:s0 tcontext=u:object_r:vendor_default_prop:s0 tclass=file permissive=0
05-07 08:39:37.790 W/skia    (  529): AGTM parsing failed flags.readFromStream(s) at 159
05-07 08:39:37.858 E/GFXSTREAM(  707): [egl.cpp(2130)] eglQueryContext 32c0  EGL_BAD_ATTRIBUTE
05-07 08:39:37.858 E/GFXSTREAM(  707): [egl.cpp(2131)] tid 766: error 0x3004 (EGL_BAD_ATTRIBUTE)
05-07 08:39:37.906 W/skia    (  529): AGTM parsing failed flags.readFromStream(s) at 159
05-07 08:39:37.939 W/InputChannel-JNI(  707): Channel already disposed.
05-07 08:39:38.034 W/skia    (  529): AGTM parsing failed flags.readFromStream(s) at 159
05-07 08:39:38.047 W/InputChannel-JNI(  707): Channel already disposed.
