--------- beginning of system
05-07 09:09:44.856 W/Looper  (22939): Slow dispatch took 342ms android.ui app=system_server main=false group=TOP_APP h=com.android.server.am.ActivityManagerService$UiHandler c=null m=68
05-07 09:09:44.857 W/Looper  (22939): Slow delivery took 346ms android.ui app=system_server main=false group=TOP_APP h=com.android.server.am.ActivityManagerService$UiHandler c=null m=68
--------- beginning of main
05-07 09:09:44.927 E/SatelliteController(23382): registerForSatelliteModemStateChanged: mSatelliteSessionController is not initialized yet
05-07 09:09:44.927 E/SatelliteController(23382): unregisterForModemStateChanged: mSatelliteSessionController is not initialized yet
05-07 09:09:44.970 W/Looper  (22939): Drained
05-07 09:09:45.139 E/SatelliteController(23382): registerForSatelliteCommunicationAccessStateChanged: SatelliteManager is null
05-07 09:09:45.230 W/ContextImpl(22939): Calling a method in the system process without a qualified user: android.app.ContextImpl.sendBroadcastMultiplePermissions:1375 android.content.Context.sendBroadcastMultiplePermissions:2803 com.android.server.TelephonyRegistry.broadcastServiceStateChanged:4404 com.android.server.TelephonyRegistry.notifyServiceStateForPhoneId:1930 com.android.internal.telephony.ITelephonyRegistry$Stub.onTransact:629 
05-07 09:09:45.258 W/ContextImpl(22939): Calling a method in the system process without a qualified user: android.app.ContextImpl.sendBroadcastMultiplePermissions:1408 com.android.server.TelephonyRegistry.broadcastServiceStateChanged:4409 com.android.server.TelephonyRegistry.notifyServiceStateForPhoneId:1930 com.android.internal.telephony.ITelephonyRegistry$Stub.onTransact:629 android.os.Binder.execTransactInternal:1364 
05-07 09:09:45.287 W/.apps.wellbeing(27484): Suspending all threads took: 92.271ms
05-07 09:09:45.341 W/ContextImpl(22939): Calling a method in the system process without a qualified user: android.app.ContextImpl.sendBroadcastMultiplePermissions:1408 com.android.server.TelephonyRegistry.broadcastServiceStateChanged:4418 com.android.server.TelephonyRegistry.notifyServiceStateForPhoneId:1930 com.android.internal.telephony.ITelephonyRegistry$Stub.onTransact:629 android.os.Binder.execTransactInternal:1364 
05-07 09:09:45.360 W/BatteryUsageContentProvider(28397): getBatteryEvents() in 9/ms
05-07 09:09:45.383 W/ContextImpl(22939): Calling a method in the system process without a qualified user: android.app.ContextImpl.sendBroadcastMultiplePermissions:1408 com.android.server.TelephonyRegistry.broadcastServiceStateChanged:4424 com.android.server.TelephonyRegistry.notifyServiceStateForPhoneId:1930 com.android.internal.telephony.ITelephonyRegistry$Stub.onTransact:629 android.os.Binder.execTransactInternal:1364 
05-07 09:09:45.610 W/skia    (  529): AGTM parsing failed flags.readFromStream(s) at 159
05-07 09:09:45.781 W/ActivityManager(22939): Slow operation: 62ms so far, now at startProcess: done starting proc!
05-07 09:09:45.791 W/ContextImpl(22939): Calling a method in the system process without a qualified user: android.app.ContextImpl.sendBroadcastMultiplePermissions:1408 android.content.Context.sendBroadcastMultiplePermissions:2749 android.content.Context.sendBroadcastMultiplePermissions:2737 com.android.server.TelephonyRegistry.broadcastDataConnectionStateChanged:4623 com.android.server.TelephonyRegistry.notifyDataConnectionForSubscriber:2405 
05-07 09:09:45.805 W/m.android.phone(23382): Suspending all threads took: 14.637ms
05-07 09:09:45.847 E/WifiDataStall(22939): onDataConnectionStateChanged unexpected State: 3
05-07 09:09:45.908 W/ActivityManager(22939): Slow operation: 151ms so far, now at startProcess: returned from zygote!
05-07 09:09:45.909 W/ActivityManager(22939): Slow operation: 151ms so far, now at startProcess: done updating battery stats
05-07 09:09:45.923 W/ActivityManager(22939): Slow operation: 166ms so far, now at startProcess: building log message
05-07 09:09:45.935 W/ActivityManager(22939): Slow operation: 177ms so far, now at startProcess: starting to update pids map
05-07 09:09:45.939 W/ActivityManager(22939): Slow operation: 182ms so far, now at startProcess: done updating pids map
05-07 09:09:45.953 W/JobInfo (27484): Requested important-while-foreground flag for job47 is ignored and takes no effect
05-07 09:09:45.961 W/UsageSyncManager(27484): <DWB> Last (TimeDelta{wallTime=2026-05-07T13:54:14.445Z, elapsedSinceBoot=PT30M6.037S}, boot count 4) and current (TimeDelta{wallTime=2026-05-07T14:09:45.181Z, elapsedSinceBoot=PT41M11.75S}, boot count 4) deltas are different. Increase event shift by PT4M25.023S.
05-07 09:09:45.975 E/MboOceController(22939): onDataConnectionStateChanged unexpected State: 3
05-07 09:09:45.995 W/skia    (  529): AGTM parsing failed flags.readFromStream(s) at 159
05-07 09:09:46.128 W/oadcastreceiver(29371): Unexpected CPU variant for x86: x86_64.
05-07 09:09:46.128 W/oadcastreceiver(29371): Known variants: atom, sandybridge, silvermont, goldmont, goldmont-plus, goldmont-without-sha-xsaves, tremont, kabylake, alderlake, pantherlake, default
05-07 09:09:46.147 W/UsageSyncManager(27484): <DWB> Deferring shifting events by PT10H54M38.174S
05-07 09:09:46.152 W/libc    (26209): Access denied finding property "vendor.mesa.virtgpu.kumquat"
05-07 09:09:46.205 W/HWUI    (26209): Failed to choose config with EGL_SWAP_BEHAVIOR_PRESERVED, retrying without...
05-07 09:09:46.211 W/HWUI    (26209): Failed to initialize 101010-2 format, error = EGL_SUCCESS
05-07 09:09:46.388 W/ForegroundServiceTypeLoggerModule(22939): Foreground service start for UID: 10159 does not have any types
05-07 09:09:46.461 W/libbinder.IPCThreadState(22939): Sending oneway calls to frozen process.
05-07 09:09:46.461 W/libbinder.IPCThreadState(22939): Sending oneway calls to frozen process.
05-07 09:09:46.465 E/AppOps  (22939): attributionTag VCN not declared in manifest of android
05-07 09:09:46.476 W/ActivityManager(22939): Slow operation: 83ms so far, now at attachApplicationLocked: immediately after bindApplication
05-07 09:09:46.476 W/ActivityManager(22939): Slow operation: 83ms so far, now at attachApplicationLocked: after updateLruProcessLocked
05-07 09:09:46.485 W/ActivityManager(22939): Slow operation: 91ms so far, now at attachApplicationLocked: after updateOomAdjLocked
05-07 09:09:46.523 W/HeadsetPhoneState(23365): startListenForPhoneState: no event to listen
05-07 09:09:46.553 W/libbinder.Binder(27484): Binder transaction to android.content.IContentProvider, function: UNKNOWN_FUNCTION_NAME, code: 21, took 1477ms. Data bytes: 336 Reply bytes: 80 Flags: 18
05-07 09:09:46.644 E/CCTFlatFileLogStore(26411): Failed to get boot count.
05-07 09:09:46.644 E/CCTFlatFileLogStore(26411): java.util.concurrent.TimeoutException: Timed out waiting for Task
05-07 09:09:46.644 E/CCTFlatFileLogStore(26411): 	at fpig.o(:com.google.android.gms@261631038@26.16.31 (260800-900800821):57)
05-07 09:09:46.644 E/CCTFlatFileLogStore(26411): 	at bhnj.v(:com.google.android.gms@261631038@26.16.31 (260800-900800821):21)
05-07 09:09:46.644 E/CCTFlatFileLogStore(26411): 	at bhoz.run(:com.google.android.gms@261631038@26.16.31 (260800-900800821):14)
05-07 09:09:46.644 E/CCTFlatFileLogStore(26411): 	at bjwq.c(:com.google.android.gms@261631038@26.16.31 (260800-900800821):50)
05-07 09:09:46.644 E/CCTFlatFileLogStore(26411): 	at bjwq.run(:com.google.android.gms@261631038@26.16.31 (260800-900800821):66)
05-07 09:09:46.644 E/CCTFlatFileLogStore(26411): 	at java.util.concurrent.ThreadPoolExecutor.runWorker(ThreadPoolExecutor.java:1100)
05-07 09:09:46.644 E/CCTFlatFileLogStore(26411): 	at java.util.concurrent.ThreadPoolExecutor$Worker.run(ThreadPoolExecutor.java:624)
05-07 09:09:46.644 E/CCTFlatFileLogStore(26411): 	at bkch.run(:com.google.android.gms@261631038@26.16.31 (260800-900800821):8)
05-07 09:09:46.644 E/CCTFlatFileLogStore(26411): 	at java.lang.Thread.run(Thread.java:1572)
05-07 09:09:46.665 W/Telephony(23382): registerMmTelCapabilityCallback: registration failed, no ImsService available. Exception: code: 1
05-07 09:09:46.692 W/ForegroundServiceTypeLoggerModule(22939): FGS stop call for: 10159 has no types!
05-07 09:09:46.792 W/m.android.phone(23382): Suspending all threads took: 7.991ms
05-07 09:09:46.902 E/SatelliteController(23382): registerForSatelliteModemStateChanged: mSatelliteSessionController is not initialized yet
05-07 09:09:46.902 E/SatelliteController(23382): unregisterForModemStateChanged: mSatelliteSessionController is not initialized yet
05-07 09:09:46.930 E/SatelliteController(23382): registerForSatelliteModemStateChanged: mSatelliteSessionController is not initialized yet
05-07 09:09:46.930 E/SatelliteController(23382): unregisterForModemStateChanged: mSatelliteSessionController is not initialized yet
05-07 09:09:46.987 E/SatelliteController(23382): registerForSatelliteCommunicationAccessStateChanged: SatelliteManager is null
05-07 09:09:47.046 W/ContextImpl(22939): Calling a method in the system process without a qualified user: android.app.ContextImpl.sendBroadcastMultiplePermissions:1375 android.content.Context.sendBroadcastMultiplePermissions:2803 com.android.server.TelephonyRegistry.broadcastServiceStateChanged:4404 com.android.server.TelephonyRegistry.notifyServiceStateForPhoneId:1930 com.android.internal.telephony.ITelephonyRegistry$Stub.onTransact:629 
05-07 09:09:47.055 W/ContextImpl(22939): Calling a method in the system process without a qualified user: android.app.ContextImpl.sendBroadcastMultiplePermissions:1408 com.android.server.TelephonyRegistry.broadcastServiceStateChanged:4409 com.android.server.TelephonyRegistry.notifyServiceStateForPhoneId:1930 com.android.internal.telephony.ITelephonyRegistry$Stub.onTransact:629 android.os.Binder.execTransactInternal:1364 
05-07 09:09:47.064 W/ContextImpl(22939): Calling a method in the system process without a qualified user: android.app.ContextImpl.sendBroadcastMultiplePermissions:1408 com.android.server.TelephonyRegistry.broadcastServiceStateChanged:4418 com.android.server.TelephonyRegistry.notifyServiceStateForPhoneId:1930 com.android.internal.telephony.ITelephonyRegistry$Stub.onTransact:629 android.os.Binder.execTransactInternal:1364 
05-07 09:09:47.067 W/ContextImpl(22939): Calling a method in the system process without a qualified user: android.app.ContextImpl.sendBroadcastMultiplePermissions:1408 com.android.server.TelephonyRegistry.broadcastServiceStateChanged:4424 com.android.server.TelephonyRegistry.notifyServiceStateForPhoneId:1930 com.android.internal.telephony.ITelephonyRegistry$Stub.onTransact:629 android.os.Binder.execTransactInternal:1364 
05-07 09:09:47.161 W/skia    (  529): AGTM parsing failed flags.readFromStream(s) at 159
05-07 09:09:47.184 W/ContextImpl(22939): Calling a method in the system process without a qualified user: android.app.ContextImpl.sendBroadcastMultiplePermissions:1408 android.content.Context.sendBroadcastMultiplePermissions:2749 android.content.Context.sendBroadcastMultiplePermissions:2737 com.android.server.TelephonyRegistry.broadcastDataConnectionStateChanged:4623 com.android.server.TelephonyRegistry.notifyDataConnectionForSubscriber:2405 
05-07 09:09:47.255 W/libbinder.IPCThreadState(22939): Sending oneway calls to frozen process.
05-07 09:09:47.255 W/libbinder.IPCThreadState(22939): Sending oneway calls to frozen process.
05-07 09:09:47.262 E/AppOps  (22939): attributionTag VCN not declared in manifest of android
05-07 09:09:47.278 W/HeadsetPhoneState(23365): startListenForPhoneState: no event to listen
05-07 09:09:47.306 W/.gms.persistent(26411): Cleared Reference was only reachable from finalizer (only reported once)
05-07 09:09:47.423 W/Telephony(23382): registerMmTelCapabilityCallback: registration failed, no ImsService available. Exception: code: 1
05-07 09:09:47.423 W/Telephony(23382): registerImsRegistrationCallback: registration failed, no ImsService available. Exception: code: 1
05-07 09:09:47.508 W/Telephony(23382): registerMmTelCapabilityCallback: registration failed, no ImsService available. Exception: code: 1
05-07 09:09:47.508 W/Telephony(23382): registerImsRegistrationCallback: registration failed, no ImsService available. Exception: code: 1
05-07 09:09:47.528 W/Telephony(23382): registerMmTelCapabilityCallback: registration failed, no ImsService available. Exception: code: 1
05-07 09:09:47.683 W/Telephony(23382): registerMmTelCapabilityCallback: registration failed, no ImsService available. Exception: code: 1
05-07 09:09:47.684 W/Telephony(23382): registerImsRegistrationCallback: registration failed, no ImsService available. Exception: code: 1
05-07 09:09:47.689 W/Telephony(23382): registerMmTelCapabilityCallback: registration failed, no ImsService available. Exception: code: 1
05-07 09:09:49.013 W/skia    (  529): AGTM parsing failed flags.readFromStream(s) at 159
05-07 09:09:52.604 W/ReactNativeJS(29055): Cannot connect to Expo CLI.
05-07 09:09:52.604 W/ReactNativeJS(29055): 
05-07 09:09:52.604 W/ReactNativeJS(29055): Try the following to fix the issue:
05-07 09:09:52.604 W/ReactNativeJS(29055): - Ensure that Expo dev server is running and available on the same network
05-07 09:09:52.604 W/ReactNativeJS(29055): - Ensure that your device/emulator is connected to your machine and has USB debugging enabled - run 'adb devices' to see a list of connected devices
05-07 09:09:52.604 W/ReactNativeJS(29055): - If you're on a physical device connected to the same machine, run 'adb reverse tcp:8081 tcp:8081' to forward requests from your device
05-07 09:09:52.604 W/ReactNativeJS(29055): 
05-07 09:09:52.604 W/ReactNativeJS(29055): URL: 10.0.2.2:8081
05-07 09:09:52.604 W/ReactNativeJS(29055): 
05-07 09:09:52.604 W/ReactNativeJS(29055): Error: undefined
05-07 09:09:52.850 W/AppOps  (22939): Noting op not finished: uid 10224 pkg com.google.android.gms code 113 startTime of in progress event=1778162986723
05-07 09:09:52.902 W/AppOps  (22939): Noting op not finished: uid 10224 pkg com.google.android.gms code 79 startTime of in progress event=1778162986723
05-07 09:09:53.852 W/AppOps  (22939): Noting op not finished: uid 10224 pkg com.google.android.gms code 113 startTime of in progress event=1778162986723
05-07 09:10:00.175 W/skia    (  529): AGTM parsing failed flags.readFromStream(s) at 159
05-07 09:10:19.095 W/skia    (  529): AGTM parsing failed flags.readFromStream(s) at 159
05-07 09:10:39.058 W/skia    (  529): AGTM parsing failed flags.readFromStream(s) at 159
05-07 09:10:42.109 W/libbinder.IPCThreadState(22939): Sending oneway calls to frozen process.
05-07 09:10:42.110 W/libbinder.IPCThreadState(22939): Sending oneway calls to frozen process.
05-07 09:10:42.112 W/libbinder.IPCThreadState(22939): Sending oneway calls to frozen process.
05-07 09:10:42.114 W/libbinder.IPCThreadState(22939): Sending oneway calls to frozen process.
05-07 09:10:42.115 W/libbinder.IPCThreadState(22939): Sending oneway calls to frozen process.
05-07 09:10:42.115 W/libbinder.IPCThreadState(22939): Sending oneway calls to frozen process.
05-07 09:10:46.853 W/Looper  (22939): Slow dispatch took 193ms android.ui app=system_server main=false group=TOP_APP h=com.android.server.am.ActivityManagerService$UiHandler c=com.android.server.am.UidObserverController$$ExternalSyntheticLambda0@8fa8333 m=0
05-07 09:10:51.976 W/libbinder.IPCThreadState(22939): Sending oneway calls to frozen process.
05-07 09:10:51.976 W/libbinder.IPCThreadState(22939): Sending oneway calls to frozen process.
05-07 09:10:51.991 W/libbinder.IPCThreadState(22939): Sending oneway calls to frozen process.
05-07 09:10:51.991 W/libbinder.IPCThreadState(22939): Sending oneway calls to frozen process.
05-07 09:10:51.991 W/libbinder.IPCThreadState(22939): Sending oneway calls to frozen process.
05-07 09:10:51.991 W/libbinder.IPCThreadState(22939): Sending oneway calls to frozen process.
05-07 09:10:53.811 W/libbinder.Binder(22939): Binder transaction to android.content.pm.IPackageManager, function: UNKNOWN_FUNCTION_NAME, code: 1598311760, took 2718ms. Data bytes: 80 Reply bytes: 4 Flags: 16
05-07 09:10:58.576 E/libbinder.IPCThreadState(  488): binder thread pool (1 threads) starved for 104 ms
05-07 09:10:59.582 W/Looper  (22939): Slow delivery took 247ms android.fg app=system_server main=false group=FOREGROUND h=android.os.Handler c=com.android.server.net.NetworkManagementService$NetdUnsolicitedEventListener$$ExternalSyntheticLambda3@74aac70 m=0
05-07 09:11:07.896 W/skia    (  529): AGTM parsing failed flags.readFromStream(s) at 159
05-07 09:11:13.029 W/libbinder.Binder(22939): Binder transaction to android.content.pm.IPackageManager, function: UNKNOWN_FUNCTION_NAME, code: 1598311760, took 2753ms. Data bytes: 80 Reply bytes: 4 Flags: 16
05-07 09:11:19.525 W/skia    (  529): AGTM parsing failed flags.readFromStream(s) at 159
05-07 09:11:22.267 W/libbinder.Binder(22939): Binder transaction to android.content.pm.IPackageManager, function: UNKNOWN_FUNCTION_NAME, code: 1598311760, took 1694ms. Data bytes: 80 Reply bytes: 4 Flags: 16
05-07 09:11:31.340 W/libbinder.Binder(22939): Binder transaction to android.content.pm.IPackageManager, function: UNKNOWN_FUNCTION_NAME, code: 1598311760, took 1051ms. Data bytes: 80 Reply bytes: 4 Flags: 16
05-07 09:11:42.995 W/Looper  (22939): Drained
05-07 09:11:43.397 W/libbinder.Binder(22939): Binder transaction to android.content.pm.IPackageManager, function: UNKNOWN_FUNCTION_NAME, code: 1598311760, took 2037ms. Data bytes: 80 Reply bytes: 4 Flags: 16
05-07 09:11:48.657 W/libbinder.IPCThreadState(22939): Sending oneway calls to frozen process.
05-07 09:11:48.657 W/libbinder.IPCThreadState(22939): Sending oneway calls to frozen process.
05-07 09:11:48.657 W/libbinder.IPCThreadState(22939): Sending oneway calls to frozen process.
05-07 09:11:48.657 W/libbinder.IPCThreadState(22939): Sending oneway calls to frozen process.
05-07 09:11:48.657 W/libbinder.IPCThreadState(22939): Sending oneway calls to frozen process.
05-07 09:11:48.657 W/libbinder.IPCThreadState(22939): Sending oneway calls to frozen process.
05-07 09:11:51.685 W/libbinder.Binder(22939): Binder transaction to android.content.pm.IPackageManager, function: UNKNOWN_FUNCTION_NAME, code: 1598311760, took 1333ms. Data bytes: 80 Reply bytes: 4 Flags: 16
05-07 09:11:53.739 F/bluetooth(23365): system/gd/hci/hci_layer.cc:565 on_hardware_error: Hardware Error Event with code 0x42
--------- beginning of crash
05-07 09:11:54.404 F/libc    (23365): Fatal signal 6 (SIGABRT), code -1 (SI_QUEUE) in tid 23503 (gd_stack_thread), pid 23365 (droid.bluetooth)
05-07 09:11:54.737 W/libbinder.IPCThreadState(22939): Sending oneway calls to frozen process.
05-07 09:11:54.738 W/libbinder.IPCThreadState(22939): Sending oneway calls to frozen process.
05-07 09:11:54.738 W/libbinder.IPCThreadState(22939): Sending oneway calls to frozen process.
05-07 09:11:54.738 W/libbinder.IPCThreadState(22939): Sending oneway calls to frozen process.
05-07 09:11:54.738 W/libbinder.IPCThreadState(22939): Sending oneway calls to frozen process.
05-07 09:11:54.738 W/libbinder.IPCThreadState(22939): Sending oneway calls to frozen process.
05-07 09:11:56.611 E/Nl80211Native(22939): getChannelsMhzForBand: Wiphy index not recorded for band 8
05-07 09:11:56.612 E/Nl80211Native(22939): getChannelsMhzForBand: Wiphy index not recorded for band 16
05-07 09:11:57.299 W/Nl80211Utils(22939): Malformed NEW_INTERFACE response: missing attributes
05-07 09:11:57.849 E/DEBUG   (29470): failed to read process info: failed to open /proc/23365: No such file or directory
05-07 09:11:58.018 W/libbinder.IPCThreadState(22939): Sending oneway calls to frozen process.
05-07 09:11:58.018 W/libbinder.IPCThreadState(22939): Sending oneway calls to frozen process.
05-07 09:11:58.019 W/libbinder.IPCThreadState(22939): Sending oneway calls to frozen process.
05-07 09:11:58.019 W/libbinder.IPCThreadState(22939): Sending oneway calls to frozen process.
05-07 09:11:58.019 W/libbinder.IPCThreadState(22939): Sending oneway calls to frozen process.
05-07 09:11:58.019 W/libbinder.IPCThreadState(22939): Sending oneway calls to frozen process.
05-07 09:11:59.815 W/skia    (  529): AGTM parsing failed flags.readFromStream(s) at 159
05-07 09:12:00.457 W/skia    (  529): AGTM parsing failed flags.readFromStream(s) at 159
05-07 09:12:01.670 W/libbinder.Binder(22939): Binder transaction to android.content.pm.IPackageManager, function: UNKNOWN_FUNCTION_NAME, code: 1598311760, took 1368ms. Data bytes: 80 Reply bytes: 4 Flags: 16
05-07 09:12:07.836 W/libbinder.IPCThreadState(22939): Sending oneway calls to frozen process.
05-07 09:12:07.836 W/libbinder.IPCThreadState(22939): Sending oneway calls to frozen process.
05-07 09:12:07.837 W/libbinder.IPCThreadState(22939): Sending oneway calls to frozen process.
05-07 09:12:07.837 W/libbinder.IPCThreadState(22939): Sending oneway calls to frozen process.
05-07 09:12:07.837 W/libbinder.IPCThreadState(22939): Sending oneway calls to frozen process.
05-07 09:12:07.837 W/libbinder.IPCThreadState(22939): Sending oneway calls to frozen process.
05-07 09:12:12.022 W/libbinder.Binder(22939): Binder transaction to android.content.pm.IPackageManager, function: UNKNOWN_FUNCTION_NAME, code: 1598311760, took 1665ms. Data bytes: 80 Reply bytes: 4 Flags: 16
05-07 09:12:22.525 W/libbinder.Binder(22939): Binder transaction to android.content.pm.IPackageManager, function: UNKNOWN_FUNCTION_NAME, code: 1598311760, took 1803ms. Data bytes: 80 Reply bytes: 4 Flags: 16
05-07 09:12:26.862 E/android.hardware.bluetooth.service.default(  489): unable to open /dev/rfkill: Permission denied
05-07 09:12:26.863 E/android.hardware.bluetooth.service.default(  489): rfkill unavailable
05-07 09:12:26.867 E/libbinder.IPCThreadState(  489): attemptIncStrongHandle(1): Not supported
05-07 09:12:26.947 W/AS.PlaybackActivityMon(22939): client died
05-07 09:12:27.833 E/BluetoothSystemServer(22939): BluetoothManagerService: ServiceConnection.onServiceDisconnected(com.android.bluetooth.btservice.AdapterService)
05-07 09:12:27.851 W/Looper  (22939): Slow dispatch took 980ms main app=system_server main=true group=FOREGROUND h=android.app.ActivityThread$H c=android.app.LoadedApk$ServiceDispatcher$RunConnection@af58628 m=0
05-07 09:12:27.884 E/BluetoothSystemServer(22939): BluetoothManagerService: MESSAGE_BLUETOOTH_SERVICE_DISCONNECTED
05-07 09:12:30.513 W/ActivityManager(22939): Scheduling restart of crashed service com.google.android.bluetooth/com.android.bluetooth.btservice.AdapterService in 1000ms for connection
05-07 09:12:30.858 W/Looper  (22939): Slow dispatch took 134ms android.fg app=system_server main=false group=FOREGROUND h=android.os.Handler c=com.android.server.power.hint.HintManagerService$MyUidObserver$$ExternalSyntheticLambda1@6a96227 m=0
05-07 09:12:31.521 W/libbinder.Binder(22939): Binder transaction to com.android.internal.telephony.ITelephonyRegistry, function: UNKNOWN_FUNCTION_NAME, code: 8, took 2245ms. Data bytes: 804 Reply bytes: 4 Flags: 18
05-07 09:12:31.946 W/Looper  (22939): Slow dispatch took 1374ms android.ui app=system_server main=false group=TOP_APP h=com.android.server.am.ActivityManagerService$UiHandler c=com.android.server.am.UidObserverController$$ExternalSyntheticLambda0@8fa8333 m=0
05-07 09:12:32.170 W/ActivityManager(22939): Slow operation: 427ms so far, now at startProcess: done creating new process record
05-07 09:12:32.170 W/ActivityManager(22939): Slow operation: 427ms so far, now at startProcess: stepping in to startProcess
05-07 09:12:32.237 W/ActivityManager(22939): Slow operation: 67ms so far, now at startProcess: getting gids from package manager
05-07 09:12:32.291 W/ActivityManager(22939): Slow operation: 121ms so far, now at startProcess: building args
05-07 09:12:32.344 W/ActivityManager(22939): Slow operation: 600ms so far, now at startProcess: done starting proc!
05-07 09:12:32.344 W/ActivityManager(22939): Slow operation: 173ms so far, now at startProcess: asking zygote to start proc
05-07 09:12:32.357 W/Looper  (22939): Slow dispatch took 410ms android.fg app=system_server main=false group=FOREGROUND h=android.os.Handler c=com.android.server.location.injector.SystemAppForegroundHelper$$ExternalSyntheticLambda1@40c933 m=0
05-07 09:12:32.401 E/BluetoothSystemServer(22939): BluetoothManagerService: Recovery #1 scheduled in 0.4S
05-07 09:12:32.505 W/ActivityManager(22939): Slow operation: 334ms so far, now at startProcess: returned from zygote!
05-07 09:12:32.551 W/ActivityManager(22939): Slow operation: 380ms so far, now at startProcess: done updating battery stats
05-07 09:12:32.568 W/ActivityManager(22939): Slow operation: 398ms so far, now at startProcess: building log message
05-07 09:12:32.569 W/ActivityManager(22939): Slow operation: 398ms so far, now at startProcess: starting to update pids map
05-07 09:12:32.582 W/ActivityManager(22939): Slow operation: 412ms so far, now at startProcess: done updating pids map
05-07 09:12:32.620 W/libbinder.IPCThreadState(22939): Sending oneway calls to frozen process.
05-07 09:12:32.621 W/libbinder.IPCThreadState(22939): Sending oneway calls to frozen process.
05-07 09:12:32.621 W/libbinder.IPCThreadState(22939): Sending oneway calls to frozen process.
05-07 09:12:32.811 W/Looper  (22939): Slow delivery took 217ms main app=system_server main=true group=FOREGROUND h=android.app.ActivityThread$H c=android.app.LoadedApk$ReceiverDispatcher$Args$$ExternalSyntheticLambda0@64c1217 m=0
05-07 09:12:32.835 W/ApplicationInfo(22939): Large ApplicationInfo parcel: size=17700 package=com.google.android.googlequicksearchbox sharedLibs=3 resDirs=2 overlayPaths=2
05-07 09:12:32.836 W/droid.bluetooth(29494): Unexpected CPU variant for x86: x86_64.
05-07 09:12:32.836 W/droid.bluetooth(29494): Known variants: atom, sandybridge, silvermont, goldmont, goldmont-plus, goldmont-without-sha-xsaves, tremont, kabylake, alderlake, pantherlake, default
05-07 09:12:32.908 W/Looper  (22939): Slow dispatch took 149ms android.ui app=system_server main=false group=TOP_APP h=com.android.server.am.ActivityManagerService$UiHandler c=null m=68
05-07 09:12:32.934 W/libbinder.IPCThreadState(22939): Sending oneway calls to frozen process.
05-07 09:12:32.934 W/libbinder.IPCThreadState(22939): Sending oneway calls to frozen process.
05-07 09:12:32.935 W/libbinder.IPCThreadState(22939): Sending oneway calls to frozen process.
05-07 09:12:32.936 W/libbinder.IPCThreadState(22939): Sending oneway calls to frozen process.
05-07 09:12:32.960 E/SmsApplication(23382): com.google.android.apps.messaging lost android:read_cell_broadcasts:  (fixing)
05-07 09:12:32.989 W/libbinder.Binder(22939): Binder transaction to android.content.pm.IPackageManager, function: UNKNOWN_FUNCTION_NAME, code: 1598311760, took 2381ms. Data bytes: 80 Reply bytes: 4 Flags: 16
05-07 09:12:33.080 W/ProcessStats(22939): Tracking association SourceState{34b67f6 system/1000 ImpFg #2735} whose proc state 5 is better than process ProcessState{d7b1807 com.google.android.permissioncontroller/10227 pkg=com.google.android.permissioncontroller} proc state 14 (1 skipped)
05-07 09:12:33.091 W/Looper  (22939): Slow dispatch took 188ms main app=system_server main=true group=FOREGROUND h=android.app.ActivityThread$H c=android.app.LoadedApk$ReceiverDispatcher$Args$$ExternalSyntheticLambda0@f0c67f7 m=0
05-07 09:12:33.101 W/SignedPackage(22939): Package doesn't have required signing certificate: com.google.android.retaildemo
05-07 09:12:33.156 E/RoleControllerServiceImpl(22939): Default/fallback role holder package doesn't qualify for the role, package: com.google.android.gms.supervision, role: android.app.role.SYSTEM_SUPERVISION, user: 0
05-07 09:12:33.193 W/SignedPackage(22939): Package doesn't have required signing certificate: com.google.android.apps.work.clouddpc
05-07 09:12:33.321 E/SmsApplication(23382): com.google.android.apps.messaging lost android:read_cell_broadcasts:  (fixing)
05-07 09:12:33.324 W/Looper  (22939): Slow dispatch took 180ms main app=system_server main=true group=FOREGROUND h=android.app.ActivityThread$H c=android.app.LoadedApk$ReceiverDispatcher$Args$$ExternalSyntheticLambda0@8f13ce7 m=0
05-07 09:12:33.430 W/Looper  (22939): Slow dispatch took 240ms android.ui app=system_server main=false group=TOP_APP h=com.android.server.am.ActivityManagerService$UiHandler c=null m=68
05-07 09:12:33.432 W/Looper  (22939): Slow delivery took 245ms android.ui app=system_server main=false group=TOP_APP h=com.android.server.am.ActivityManagerService$UiHandler c=null m=68
05-07 09:12:33.511 W/Looper  (22939): Drained
05-07 09:12:33.551 W/chbox:googleapp(28065): Suspending all threads took: 20.001ms
05-07 09:12:33.584 W/ActivityManager(22939): Slow operation: 58ms so far, now at attachApplicationLocked: after updateOomAdjLocked
05-07 09:12:33.593 W/Looper  (22939): Slow dispatch took 142ms android.ui app=system_server main=false group=TOP_APP h=com.android.server.am.ActivityManagerService$UiHandler c=null m=68
05-07 09:12:33.655 E/RoleControllerServiceImpl(22939): Default/fallback role holder package doesn't qualify for the role, package: com.google.android.gms, role: android.app.role.SYSTEM_DEPENDENCY_INSTALLER, user: 0
05-07 09:12:33.701 W/Looper  (22939): Drained
05-07 09:12:34.126 E/RoleControllerServiceImpl(22939): Default/fallback role holder package doesn't qualify for the role, package: com.google.android.gms, role: android.app.role.WALLET, user: 0
05-07 09:12:34.387 W/NearbyMediums(26411): [BLUETOOTH_RADIO] State was changed outside of our control. Updating the snapshot to match current radio state.
05-07 09:12:34.392 W/NearbyMediums(26411): [BLUETOOTH_RADIO] State was changed outside of our control. Updating the snapshot to match current radio state.
05-07 09:12:34.422 W/BluetoothLeScanner(26411): stopScan(callback): BLE is not available
05-07 09:12:34.500 W/ContentProviderHelper(22939): Slow operation: 89ms so far, now at getContentProviderImpl: before updateOomAdj
05-07 09:12:34.501 W/ContentProviderHelper(22939): Slow operation: 89ms so far, now at getContentProviderImpl: after updateOomAdj
05-07 09:12:34.503 W/ContentProviderHelper(22939): Slow operation: 91ms so far, now at getContentProviderImpl: done!
05-07 09:12:34.957 W/ActivityManager(22939): Slow operation: 52ms so far, now at finishAttachApplicationInner: after dispatching broadcasts
05-07 09:12:35.070 W/Looper  (22939): Slow dispatch took 131ms android.ui app=system_server main=false group=TOP_APP h=com.android.server.am.ActivityManagerService$UiHandler c=com.android.server.am.UidObserverController$$ExternalSyntheticLambda0@8fa8333 m=0
05-07 09:12:35.192 W/SignedPackage(22939): Cannot get ApplicationInfo for package: com.google.android.devicelockcontroller
05-07 09:12:35.264 W/SignedPackage(22939): Package doesn't have required signing certificate: com.google.android.retaildemo
05-07 09:12:35.270 E/RoleControllerServiceImpl(22939): Default/fallback role holder package doesn't qualify for the role, package: com.google.android.gms.supervision, role: android.app.role.SYSTEM_SUPERVISION, user: 0
05-07 09:12:35.282 W/SignedPackage(22939): Package doesn't have required signing certificate: com.google.android.apps.work.clouddpc
05-07 09:12:35.327 E/RoleControllerServiceImpl(22939): Default/fallback role holder package doesn't qualify for the role, package: com.google.android.gms, role: android.app.role.SYSTEM_DEPENDENCY_INSTALLER, user: 0
05-07 09:12:35.639 W/ActivityManager(22939): Skipping manifest association check for null package. SourceUid: 10224, SourcePkg: null, TargetUid: 10224, TargetPkg: com.google.android.gms
05-07 09:12:35.673 W/ActivityManager(22939): Skipping manifest association check for null package. SourceUid: 10224, SourcePkg: null, TargetUid: 10224, TargetPkg: com.google.android.gms
05-07 09:12:35.679 E/RoleControllerServiceImpl(22939): Default/fallback role holder package doesn't qualify for the role, package: com.google.android.gms, role: android.app.role.WALLET, user: 0
05-07 09:12:35.701 W/SignedPackage(22939): Cannot get ApplicationInfo for package: com.google.android.devicelockcontroller
05-07 09:12:35.830 W/ProximityAuth(26411): [PhoneHubNotificationProcessor] shutdown(): context is null.
05-07 09:12:35.845 W/ChimeraUtils(26411): Module com.google.android.gms.auth_proximity missing resource null(0)
05-07 09:12:36.322 W/MagnificationConnectionManager(22939): requestConnection duplicated request: connect=false, mConnectionState=DISCONNECTED
05-07 09:12:36.348 W/MagnificationConnectionManager(22939): requestConnection duplicated request: connect=false, mConnectionState=DISCONNECTED
05-07 09:12:36.349 W/Looper  (22939): Slow dispatch took 361ms main app=system_server main=true group=FOREGROUND h=com.android.server.accessibility.AccessibilityManagerService$MainHandler c=com.android.server.accessibility.AccessibilityManagerService$$ExternalSyntheticLambda35@93d768 m=0
05-07 09:12:36.477 W/Looper  (22939): Slow delivery took 251ms main app=system_server main=true group=FOREGROUND h=com.android.server.power.Notifier$NotifierHandler c=null m=7
05-07 09:12:36.494 W/libbinder.IPCThreadState(22939): Sending oneway calls to frozen process.
05-07 09:12:36.495 W/libbinder.IPCThreadState(22939): Sending oneway calls to frozen process.
05-07 09:12:36.495 W/libbinder.IPCThreadState(22939): Sending oneway calls to frozen process.
05-07 09:12:36.509 W/libbinder.IPCThreadState(22939): Sending oneway calls to frozen process.
05-07 09:12:36.509 W/libbinder.IPCThreadState(22939): Sending oneway calls to frozen process.
05-07 09:12:36.510 W/libbinder.IPCThreadState(22939): Sending oneway calls to frozen process.
05-07 09:12:36.524 W/Looper  (22939): Drained
05-07 09:12:36.972 W/droid.bluetooth(29494): AIBinder_linkToDeath is being called with a non-null cookie and no onUnlink callback set. Use AIBinder_DeathRecipient_setOnUnlinked to manage the lifetime of the cookie. This will become an abort.
05-07 09:12:37.032 W/droid.bluetooth(29494): AIBinder_linkToDeath is being called with a non-null cookie and no onUnlink callback set. Use AIBinder_DeathRecipient_setOnUnlinked to manage the lifetime of the cookie. This will become an abort.
05-07 09:12:37.037 E/android.hardware.bluetooth.service.default(  489): unable to open /dev/rfkill: Permission denied
05-07 09:12:37.037 E/android.hardware.bluetooth.service.default(  489): rfkill unavailable
05-07 09:12:37.236 E/bluetooth(29494): system/gd/hal/socket_hal_impl_android.cc:98 SocketHalImpl: Socket service is not declared (checked for android.hardware.bluetooth.socket.IBluetoothSocket/lpp and android.hardware.bluetooth.socket.IBluetoothSocket/default)
05-07 09:12:37.243 E/bluetooth(29494): system/gd/hal/gatt_hal_impl_android.cc:107 GattHalImpl: The service android.hardware.bluetooth.gatt.IBluetoothGatt/default is not declared
05-07 09:12:37.501 W/gatt_offload(29494): system/stack/gatt/gatt_offload.cc:127 gatt_offload_init: InitializeGattHal() failed!
05-07 09:12:37.501 W/bluetooth(29494): system/stack/gatt/gatt_main.cc:106 gatt_init: error initializing gatt offload
05-07 09:12:37.506 W/bluetooth(29494): system/stack/btm/btm_inq.cc:1013 btm_clr_inq_result_flt: Memory being reset multiple times
05-07 09:12:37.526 W/bt_btm_ble(29494): system/stack/btm/btm_ble_gap.cc:573 BTM_BleConfigPrivacy: 1
05-07 09:12:37.526 W/bluetooth(29494): system/btif/src/btif_bqr.cc:455 EnableDisableBtQualityReport: Bluetooth Quality Report is disabled. bqr_prop_evtmask: , bqr_prop_interval_ms: 
05-07 09:12:37.529 W/bt_btif_sock_hal(29494): system/btif/src/btif_sock_hal.cc:67 btsock_hal_init: RegisterSocketHalCallback() failed!
05-07 09:12:37.529 W/bt_btif_sock(29494): system/btif/src/btif_sock.cc:118 btif_sock_init: error initializing socket hal: FAIL
05-07 09:12:37.674 W/droid.bluetooth(29494): AIBinder_linkToDeath is being called with a non-null cookie and no onUnlink callback set. Use AIBinder_DeathRecipient_setOnUnlinked to manage the lifetime of the cookie. This will become an abort.
05-07 09:12:37.822 W/rfcomm_port_utils(29494): system/stack/rfcomm/port_utils.cc:290 port_find_mcb: not found, bd_addr:ff:ff:ff:ff:ff:ff
05-07 09:12:37.881 W/rfcomm_port_utils(29494): system/stack/rfcomm/port_utils.cc:290 port_find_mcb: not found, bd_addr:ff:ff:ff:ff:ff:ff
05-07 09:12:37.881 W/rfcomm_port_utils(29494): system/stack/rfcomm/port_utils.cc:290 port_find_mcb: not found, bd_addr:ff:ff:ff:ff:ff:ff
05-07 09:12:37.881 W/rfcomm_port_utils(29494): system/stack/rfcomm/port_utils.cc:290 port_find_mcb: not found, bd_addr:ff:ff:ff:ff:ff:ff
05-07 09:12:37.881 W/rfcomm_port_utils(29494): system/stack/rfcomm/port_utils.cc:290 port_find_mcb: not found, bd_addr:ff:ff:ff:ff:ff:ff
05-07 09:12:37.882 W/rfcomm_port_utils(29494): system/stack/rfcomm/port_utils.cc:290 port_find_mcb: not found, bd_addr:ff:ff:ff:ff:ff:ff
05-07 09:12:37.882 W/rfcomm_port_utils(29494): system/stack/rfcomm/port_utils.cc:290 port_find_mcb: not found, bd_addr:ff:ff:ff:ff:ff:ff
05-07 09:12:37.883 W/rfcomm_port_utils(29494): system/stack/rfcomm/port_utils.cc:290 port_find_mcb: not found, bd_addr:ff:ff:ff:ff:ff:ff
05-07 09:12:37.885 W/rfcomm_port_utils(29494): system/stack/rfcomm/port_utils.cc:290 port_find_mcb: not found, bd_addr:ff:ff:ff:ff:ff:ff
05-07 09:12:37.885 W/rfcomm_port_utils(29494): system/stack/rfcomm/port_utils.cc:290 port_find_mcb: not found, bd_addr:ff:ff:ff:ff:ff:ff
05-07 09:12:37.885 W/rfcomm_port_utils(29494): system/stack/rfcomm/port_utils.cc:290 port_find_mcb: not found, bd_addr:ff:ff:ff:ff:ff:ff
05-07 09:12:37.886 W/rfcomm_port_utils(29494): system/stack/rfcomm/port_utils.cc:290 port_find_mcb: not found, bd_addr:ff:ff:ff:ff:ff:ff
05-07 09:12:37.886 W/rfcomm_port_utils(29494): system/stack/rfcomm/port_utils.cc:290 port_find_mcb: not found, bd_addr:ff:ff:ff:ff:ff:ff
05-07 09:12:37.888 E/BluetoothHeadsetServiceJni(29494): android/app/jni/com_android_bluetooth_hfp.cpp:785 enableSwbNative: Failed to disable
05-07 09:12:37.910 W/HeadsetPhoneState(29494): startListenForPhoneState: no event to listen
05-07 09:12:37.924 W/droid.bluetooth(29494): AIBinder_linkToDeath is being called with a non-null cookie and no onUnlink callback set. Use AIBinder_DeathRecipient_setOnUnlinked to manage the lifetime of the cookie. This will become an abort.
05-07 09:12:37.963 W/rfcomm_port_utils(29494): system/stack/rfcomm/port_utils.cc:290 port_find_mcb: not found, bd_addr:ff:ff:ff:ff:ff:ff
05-07 09:12:37.994 W/MediaControlGattService(29494): Feature MEDIA_STATE support: true
05-07 09:12:37.999 W/MediaControlGattService(29494): Feature PLAYER_NAME support: true
05-07 09:12:38.000 W/MediaControlGattService(29494): Feature PLAYER_NAME_NOTIFY support: true
05-07 09:12:38.004 W/MediaControlGattService(29494): Feature PLAYER_ICON_URL support: false
05-07 09:12:38.004 W/MediaControlGattService(29494): Feature PLAYER_ICON_OBJ_ID support: false
05-07 09:12:38.005 W/MediaControlGattService(29494): Feature CURRENT_TRACK_SEGMENT_OBJ_ID support: false
05-07 09:12:38.005 W/MediaControlGattService(29494): Feature CURRENT_TRACK_OBJ_ID support: false
05-07 09:12:38.005 W/MediaControlGattService(29494): Feature NEXT_TRACK_OBJ_ID support: false
05-07 09:12:38.005 W/MediaControlGattService(29494): Feature CURRENT_GROUP_OBJ_ID support: false
05-07 09:12:38.005 W/MediaControlGattService(29494): Feature PARENT_GROUP_OBJ_ID support: false
05-07 09:12:38.005 W/MediaControlGattService(29494): Feature SEARCH_RESULT_OBJ_ID support: false
05-07 09:12:38.005 W/MediaControlGattService(29494): Feature TRACK_TITLE support: true
05-07 09:12:38.005 W/MediaControlGattService(29494): Feature TRACK_TITLE_NOTIFY support: true
05-07 09:12:38.006 W/MediaControlGattService(29494): Feature TRACK_DURATION support: true
05-07 09:12:38.006 W/MediaControlGattService(29494): Feature TRACK_DURATION_NOTIFY support: true
05-07 09:12:38.007 W/MediaControlGattService(29494): Feature TRACK_POSITION support: true
05-07 09:12:38.008 W/MediaControlGattService(29494): Feature TRACK_POSITION_NOTIFY support: true
05-07 09:12:38.008 W/MediaControlGattService(29494): Feature MEDIA_STATE support: true
05-07 09:12:38.008 W/MediaControlGattService(29494): Feature MEDIA_STATE support: true
05-07 09:12:38.013 W/MediaControlGattService(29494): Feature PLAYBACK_SPEED support: true
05-07 09:12:38.013 W/MediaControlGattService(29494): Feature PLAYBACK_SPEED support: true
05-07 09:12:38.014 W/MediaControlGattService(29494): Feature PLAYBACK_SPEED_NOTIFY support: true
05-07 09:12:38.020 W/MediaControlGattService(29494): Feature SEEKING_SPEED support: true
05-07 09:12:38.020 W/MediaControlGattService(29494): Feature SEEKING_SPEED support: true
05-07 09:12:38.020 W/MediaControlGattService(29494): Feature SEEKING_SPEED_NOTIFY support: true
05-07 09:12:38.022 W/MediaControlGattService(29494): Feature PLAYING_ORDER_SUPPORTED support: true
05-07 09:12:38.022 W/MediaControlGattService(29494): Feature PLAYING_ORDER support: true
05-07 09:12:38.024 W/MediaControlGattService(29494): Feature PLAYING_ORDER_NOTIFY support: true
05-07 09:12:38.032 W/MediaControlGattService(29494): Feature MEDIA_CONTROL_POINT_OPCODES_SUPPORTED support: true
05-07 09:12:38.032 W/MediaControlGattService(29494): Feature MEDIA_CONTROL_POINT_OPCODES_SUPPORTED_NOTIFY support: true
05-07 09:12:38.034 W/MediaControlGattService(29494): Feature MEDIA_STATE support: true
05-07 09:12:38.034 W/MediaControlGattService(29494): Feature PLAYER_ICON_URL support: false
05-07 09:12:38.034 W/MediaControlGattService(29494): Feature PLAYER_ICON_OBJ_ID support: false
05-07 09:12:38.035 W/MediaControlGattService(29494): Feature PLAYER_NAME support: true
05-07 09:12:38.035 W/MediaControlGattService(29494): Feature PLAYING_ORDER_SUPPORTED support: true
05-07 09:12:38.035 W/MediaControlProfile(29494): MCS service state fields left unhandled: 
05-07 09:12:38.035 W/MediaControlProfile(29494):    > PLAYBACK_STATE
05-07 09:12:38.038 W/MediaControlProfile(29494):    > PLAYER_NAME
05-07 09:12:38.038 W/MediaControlProfile(29494):    > PLAYING_ORDER_SUPPORTED
05-07 09:12:38.137 W/rfcomm_port_utils(29494): system/stack/rfcomm/port_utils.cc:290 port_find_mcb: not found, bd_addr:ff:ff:ff:ff:ff:ff
05-07 09:12:38.169 W/ActivityManager(22939): Receiver with filter android.content.IntentFilter@a1d870a already registered for pid 23243, callerPackage is com.android.systemui
05-07 09:12:38.206 W/rfcomm_port_utils(29494): system/stack/rfcomm/port_utils.cc:290 port_find_mcb: not found, bd_addr:ff:ff:ff:ff:ff:ff
05-07 09:12:38.221 W/Binder  (22939): Outgoing transactions from this process must be FLAG_ONEWAY
05-07 09:12:38.221 W/Binder  (22939): java.lang.Throwable
05-07 09:12:38.221 W/Binder  (22939): 	at android.os.BinderProxy.transact(BinderProxy.java:587)
05-07 09:12:38.221 W/Binder  (22939): 	at android.bluetooth.IBluetooth$Stub$Proxy.getActiveDevices(IBluetooth.java:3698)
05-07 09:12:38.221 W/Binder  (22939): 	at android.bluetooth.BluetoothAdapter.lambda$getActiveDevices$13(BluetoothAdapter.java:2019)
05-07 09:12:38.221 W/Binder  (22939): 	at android.bluetooth.BluetoothAdapter.$r8$lambda$I2gWJzpMar4LhBuQcD-bahLbnCc(BluetoothAdapter.java:0)
05-07 09:12:38.221 W/Binder  (22939): 	at android.bluetooth.BluetoothAdapter$$ExternalSyntheticLambda31.applyOrThrow(D8$$SyntheticClass:0)
05-07 09:12:38.221 W/Binder  (22939): 	at android.bluetooth.BluetoothUtils$RemoteExceptionIgnoringFunction.apply(BluetoothUtils.java:411)
05-07 09:12:38.221 W/Binder  (22939): 	at android.bluetooth.BluetoothAdapter.callServiceIfEnabled(BluetoothAdapter.java:1041)
05-07 09:12:38.221 W/Binder  (22939): 	at android.bluetooth.BluetoothAdapter.getActiveDevices(BluetoothAdapter.java:2018)
05-07 09:12:38.221 W/Binder  (22939): 	at com.android.server.audio.BtHelper.onBtProfileConnected(BtHelper.java:1197)
05-07 09:12:38.221 W/Binder  (22939): 	at com.android.server.audio.AudioDeviceBroker$BrokerHandler.handleMessage(AudioDeviceBroker.java:2085)
05-07 09:12:38.221 W/Binder  (22939): 	at android.os.Handler.dispatchMessageImpl(Handler.java:142)
05-07 09:12:38.221 W/Binder  (22939): 	at android.os.Handler.dispatchMessage(Handler.java:125)
05-07 09:12:38.221 W/Binder  (22939): 	at android.os.Looper.loopOnce(Looper.java:296)
05-07 09:12:38.221 W/Binder  (22939): 	at android.os.Looper.loop(Looper.java:397)
05-07 09:12:38.221 W/Binder  (22939): 	at com.android.server.audio.AudioDeviceBroker$BrokerThread.run(AudioDeviceBroker.java:1830)
05-07 09:12:38.445 W/MagicTether(26411): [HostEnablementUtils] Invalid account list. [CONTEXT service_id=276 ]
05-07 09:12:38.482 W/(setupdesign) Partner(26527): No partner package found!
05-07 09:12:38.547 W/ProximityAuth(26411): [PhoneHubNotificationProcessor] shutdown(): context is null.
05-07 09:12:38.549 W/ChimeraUtils(26411): Module com.google.android.gms.auth_proximity missing resource null(0)
05-07 09:12:38.674 W/NearbyMediums(26411): [BLUETOOTH_RADIO] State was changed outside of our control. Updating the snapshot to match current radio state.
05-07 09:12:38.708 W/ActivityManager(22939): Slow operation: 77ms so far, now at startProcess: returned from zygote!
05-07 09:12:38.720 W/ActivityManager(22939): Slow operation: 91ms so far, now at startProcess: done updating battery stats
05-07 09:12:38.723 W/ActivityManager(22939): Slow operation: 93ms so far, now at startProcess: building log message
05-07 09:12:38.728 W/ActivityManager(22939): Slow operation: 99ms so far, now at startProcess: starting to update pids map
05-07 09:12:38.731 W/ActivityManager(22939): Slow operation: 101ms so far, now at startProcess: done updating pids map
05-07 09:12:38.762 W/MagicTether(26411): [HostEnablementUtils] Invalid account list. [CONTEXT service_id=276 ]
05-07 09:12:38.798 W/SyntheticOperationsLogg(26411): SyntheticOperationsLogger unable to log "com.google.android.gms.auth_proximity"'s use of "change_component_enabled_state" because installOperationsCollector never executed [CONTEXT service_id=238 ]
05-07 09:12:38.822 W/earchbox:search(29578): Unexpected CPU variant for x86: x86_64.
05-07 09:12:38.822 W/earchbox:search(29578): Known variants: atom, sandybridge, silvermont, goldmont, goldmont-plus, goldmont-without-sha-xsaves, tremont, kabylake, alderlake, pantherlake, default
05-07 09:12:38.849 W/ActivityManager(22939): Skipping manifest association check for null package. SourceUid: 10224, SourcePkg: null, TargetUid: 10224, TargetPkg: com.google.android.gms
05-07 09:12:39.074 W/Looper  (22939): Slow dispatch took 111ms android.fg app=system_server main=false group=FOREGROUND h=android.os.Handler c=com.android.server.am.SameProcessApplicationThread$$ExternalSyntheticLambda1@bab7fb1 m=0
05-07 09:12:39.115 W/SignedPackage(22939): Package doesn't have required signing certificate: com.google.android.retaildemo
05-07 09:12:39.118 E/RoleControllerServiceImpl(22939): Default/fallback role holder package doesn't qualify for the role, package: com.google.android.gms.supervision, role: android.app.role.SYSTEM_SUPERVISION, user: 0
05-07 09:12:39.138 W/SignedPackage(22939): Package doesn't have required signing certificate: com.google.android.apps.work.clouddpc
05-07 09:12:39.189 E/SmsApplication(23382): com.google.android.apps.messaging lost android:read_cell_broadcasts:  (fixing)
05-07 09:12:39.191 E/RoleControllerServiceImpl(22939): Default/fallback role holder package doesn't qualify for the role, package: com.google.android.gms, role: android.app.role.SYSTEM_DEPENDENCY_INSTALLER, user: 0
05-07 09:12:39.196 W/EasyUnlock(26411): [HostValidator] Invalid account list. [CONTEXT service_id=234 ]
05-07 09:12:39.215 W/ConsentManagerApiServic(26494): Consent Manager API is not enabled. [CONTEXT service_id=460 ]
05-07 09:12:39.220 W/ApplicationInfo(22939): Large ApplicationInfo parcel: size=17700 package=com.google.android.googlequicksearchbox sharedLibs=3 resDirs=2 overlayPaths=2
05-07 09:12:39.242 W/ApplicationInfo(22939): Large ApplicationInfo parcel: size=17700 package=com.google.android.googlequicksearchbox sharedLibs=3 resDirs=2 overlayPaths=2
05-07 09:12:39.246 W/ProximityAuth(26411): [PhoneHubNotificationProcessor] shutdown(): context is null.
05-07 09:12:39.246 W/ChimeraUtils(26411): Module com.google.android.gms.auth_proximity missing resource null(0)
05-07 09:12:39.298 W/PackageInfo(22939): Large parcel: size=74052 pkg=com.google.android.gms uid=10224 perm=18140(95) reqPerm=20040(383) attr=27136(327) prevAllowSquashing=false
05-07 09:12:39.336 W/ActivityManager(22939): Slow operation: 70ms so far, now at attachApplicationLocked: immediately after bindApplication
05-07 09:12:39.336 W/ActivityManager(22939): Slow operation: 70ms so far, now at attachApplicationLocked: after updateLruProcessLocked
05-07 09:12:39.338 W/ActivityManager(22939): Slow operation: 71ms so far, now at attachApplicationLocked: after updateOomAdjLocked
05-07 09:12:39.369 E/RoleControllerServiceImpl(22939): Default/fallback role holder package doesn't qualify for the role, package: com.google.android.gms, role: android.app.role.WALLET, user: 0
05-07 09:12:39.411 E/SmsApplication(23382): com.google.android.apps.messaging lost android:read_cell_broadcasts:  (fixing)
05-07 09:12:39.694 W/SignedPackage(22939): Cannot get ApplicationInfo for package: com.google.android.devicelockcontroller
05-07 09:12:39.874 E/BluetoothLeScanner(26411): stopLeScan(): Error state, mScannerId=0
05-07 09:12:40.059 W/ApplicationInfo(22939): Large ApplicationInfo parcel: size=17700 package=com.google.android.googlequicksearchbox sharedLibs=3 resDirs=2 overlayPaths=2
05-07 09:12:40.074 W/BtScan.ScanRadioStats(29494): recordScanRadioStop(caller=configureRegularScanParams): No scan radio to stop
05-07 09:12:40.171 W/Settings(26411): Setting airplane_mode_on has moved from android.provider.Settings.System to android.provider.Settings.Global, returning read-only value.
05-07 09:12:40.229 W/MagnificationConnectionManager(22939): requestConnection duplicated request: connect=false, mConnectionState=DISCONNECTED
05-07 09:12:40.233 W/Settings(26411): Setting airplane_mode_on has moved from android.provider.Settings.System to android.provider.Settings.Global, returning read-only value.
