05-07 09:27:49.078 W/libbinder.IPCThreadState(22939): Sending oneway calls to frozen process.
05-07 09:27:49.080 W/libbinder.IPCThreadState(22939): Sending oneway calls to frozen process.
05-07 09:27:49.080 W/libbinder.IPCThreadState(22939): Sending oneway calls to frozen process.
05-07 09:27:50.134 W/skia    (  529): AGTM parsing failed flags.readFromStream(s) at 159
05-07 09:27:56.642 E/Nl80211Native(22939): getChannelsMhzForBand: Wiphy index not recorded for band 8
05-07 09:27:56.642 E/Nl80211Native(22939): getChannelsMhzForBand: Wiphy index not recorded for band 16
05-07 09:27:56.737 W/Nl80211Utils(22939): Malformed NEW_INTERFACE response: missing attributes
05-07 09:28:00.065 W/skia    (  529): AGTM parsing failed flags.readFromStream(s) at 159
05-07 09:28:20.145 W/skia    (  529): AGTM parsing failed flags.readFromStream(s) at 159
05-07 09:28:33.492 W/KernelCpuProcStringReader(22939): File not found. It's normal if not implemented: /proc/uid_time_in_state
05-07 09:28:33.493 W/KernelCpuProcStringReader(22939): File not found. It's normal if not implemented: /proc/uid_concurrent_active_time
05-07 09:28:33.493 W/KernelCpuProcStringReader(22939): File not found. It's normal if not implemented: /proc/uid_concurrent_policy_time
05-07 09:28:37.270 W/libbinder.IPCThreadState(22939): Sending oneway calls to frozen process.
05-07 09:28:37.270 W/libbinder.IPCThreadState(22939): Sending oneway calls to frozen process.
05-07 09:28:37.270 W/libbinder.IPCThreadState(22939): Sending oneway calls to frozen process.
05-07 09:28:37.272 W/libbinder.IPCThreadState(22939): Sending oneway calls to frozen process.
05-07 09:28:37.272 W/libbinder.IPCThreadState(22939): Sending oneway calls to frozen process.
05-07 09:28:37.273 W/libbinder.IPCThreadState(22939): Sending oneway calls to frozen process.
05-07 09:28:37.274 W/libbinder.IPCThreadState(22939): Sending oneway calls to frozen process.
05-07 09:28:37.274 W/libbinder.IPCThreadState(22939): Sending oneway calls to frozen process.
05-07 09:28:40.166 W/skia    (  529): AGTM parsing failed flags.readFromStream(s) at 159
05-07 09:28:46.307 W/libbinder.IPCThreadState(22939): Sending oneway calls to frozen process.
05-07 09:28:46.307 W/libbinder.IPCThreadState(22939): Sending oneway calls to frozen process.
05-07 09:28:46.307 W/libbinder.IPCThreadState(22939): Sending oneway calls to frozen process.
05-07 09:28:46.307 W/libbinder.IPCThreadState(22939): Sending oneway calls to frozen process.
05-07 09:28:46.308 W/libbinder.IPCThreadState(22939): Sending oneway calls to frozen process.
05-07 09:28:46.308 W/libbinder.IPCThreadState(22939): Sending oneway calls to frozen process.
05-07 09:28:46.309 W/libbinder.IPCThreadState(22939): Sending oneway calls to frozen process.
05-07 09:28:46.309 W/libbinder.IPCThreadState(22939): Sending oneway calls to frozen process.
05-07 09:28:55.351 W/libbinder.IPCThreadState(22939): Sending oneway calls to frozen process.
05-07 09:28:55.353 W/libbinder.IPCThreadState(22939): Sending oneway calls to frozen process.
05-07 09:28:55.353 W/libbinder.IPCThreadState(22939): Sending oneway calls to frozen process.
05-07 09:28:55.353 W/libbinder.IPCThreadState(22939): Sending oneway calls to frozen process.
05-07 09:28:55.353 W/libbinder.IPCThreadState(22939): Sending oneway calls to frozen process.
05-07 09:28:55.354 W/libbinder.IPCThreadState(22939): Sending oneway calls to frozen process.
05-07 09:28:55.356 W/libbinder.IPCThreadState(22939): Sending oneway calls to frozen process.
05-07 09:28:55.358 W/libbinder.IPCThreadState(22939): Sending oneway calls to frozen process.
05-07 09:29:00.078 W/skia    (  529): AGTM parsing failed flags.readFromStream(s) at 159
05-07 09:29:01.382 W/libbinder.IPCThreadState(22939): Sending oneway calls to frozen process.
05-07 09:29:01.382 W/libbinder.IPCThreadState(22939): Sending oneway calls to frozen process.
05-07 09:29:01.384 W/libbinder.IPCThreadState(22939): Sending oneway calls to frozen process.
05-07 09:29:01.384 W/libbinder.IPCThreadState(22939): Sending oneway calls to frozen process.
05-07 09:29:01.384 W/libbinder.IPCThreadState(22939): Sending oneway calls to frozen process.
05-07 09:29:01.384 W/libbinder.IPCThreadState(22939): Sending oneway calls to frozen process.
05-07 09:29:01.385 W/libbinder.IPCThreadState(22939): Sending oneway calls to frozen process.
05-07 09:29:01.385 W/libbinder.IPCThreadState(22939): Sending oneway calls to frozen process.
05-07 09:29:20.191 W/skia    (  529): AGTM parsing failed flags.readFromStream(s) at 159
05-07 09:29:25.484 W/libbinder.IPCThreadState(22939): Sending oneway calls to frozen process.
05-07 09:29:25.484 W/libbinder.IPCThreadState(22939): Sending oneway calls to frozen process.
05-07 09:29:25.486 W/libbinder.IPCThreadState(22939): Sending oneway calls to frozen process.
05-07 09:29:25.486 W/libbinder.IPCThreadState(22939): Sending oneway calls to frozen process.
05-07 09:29:25.486 W/libbinder.IPCThreadState(22939): Sending oneway calls to frozen process.
05-07 09:29:25.486 W/libbinder.IPCThreadState(22939): Sending oneway calls to frozen process.
05-07 09:29:25.488 W/libbinder.IPCThreadState(22939): Sending oneway calls to frozen process.
05-07 09:29:25.488 W/libbinder.IPCThreadState(22939): Sending oneway calls to frozen process.
05-07 09:29:34.514 W/libbinder.IPCThreadState(22939): Sending oneway calls to frozen process.
05-07 09:29:34.514 W/libbinder.IPCThreadState(22939): Sending oneway calls to frozen process.
05-07 09:29:34.514 W/libbinder.IPCThreadState(22939): Sending oneway calls to frozen process.
05-07 09:29:34.514 W/libbinder.IPCThreadState(22939): Sending oneway calls to frozen process.
05-07 09:29:34.516 W/libbinder.IPCThreadState(22939): Sending oneway calls to frozen process.
05-07 09:29:34.516 W/libbinder.IPCThreadState(22939): Sending oneway calls to frozen process.
05-07 09:29:34.519 W/libbinder.IPCThreadState(22939): Sending oneway calls to frozen process.
05-07 09:29:34.519 W/libbinder.IPCThreadState(22939): Sending oneway calls to frozen process.
05-07 09:30:00.060 W/skia    (  529): AGTM parsing failed flags.readFromStream(s) at 159
05-07 09:30:00.214 W/skia    (  529): AGTM parsing failed flags.readFromStream(s) at 159
05-07 09:30:13.702 W/libbinder.IPCThreadState(22939): Sending oneway calls to frozen process.
05-07 09:30:13.703 W/libbinder.IPCThreadState(22939): Sending oneway calls to frozen process.
05-07 09:30:13.703 W/libbinder.IPCThreadState(22939): Sending oneway calls to frozen process.
05-07 09:30:13.703 W/libbinder.IPCThreadState(22939): Sending oneway calls to frozen process.
05-07 09:30:13.704 W/libbinder.IPCThreadState(22939): Sending oneway calls to frozen process.
05-07 09:30:13.704 W/libbinder.IPCThreadState(22939): Sending oneway calls to frozen process.
05-07 09:30:13.704 W/libbinder.IPCThreadState(22939): Sending oneway calls to frozen process.
05-07 09:30:13.704 W/libbinder.IPCThreadState(22939): Sending oneway calls to frozen process.
05-07 09:30:22.725 W/libbinder.IPCThreadState(22939): Sending oneway calls to frozen process.
05-07 09:30:22.725 W/libbinder.IPCThreadState(22939): Sending oneway calls to frozen process.
05-07 09:30:22.725 W/libbinder.IPCThreadState(22939): Sending oneway calls to frozen process.
05-07 09:30:22.725 W/libbinder.IPCThreadState(22939): Sending oneway calls to frozen process.
05-07 09:30:22.725 W/libbinder.IPCThreadState(22939): Sending oneway calls to frozen process.
05-07 09:30:22.725 W/libbinder.IPCThreadState(22939): Sending oneway calls to frozen process.
05-07 09:30:22.725 W/libbinder.IPCThreadState(22939): Sending oneway calls to frozen process.
05-07 09:30:22.726 W/libbinder.IPCThreadState(22939): Sending oneway calls to frozen process.
05-07 09:30:28.789 W/libbinder.IPCThreadState(22939): Sending oneway calls to frozen process.
05-07 09:30:28.789 W/libbinder.IPCThreadState(22939): Sending oneway calls to frozen process.
05-07 09:30:28.789 W/libbinder.IPCThreadState(22939): Sending oneway calls to frozen process.
05-07 09:30:28.789 W/libbinder.IPCThreadState(22939): Sending oneway calls to frozen process.
05-07 09:30:28.789 W/libbinder.IPCThreadState(22939): Sending oneway calls to frozen process.
05-07 09:30:28.790 W/libbinder.IPCThreadState(22939): Sending oneway calls to frozen process.
05-07 09:30:28.792 W/libbinder.IPCThreadState(22939): Sending oneway calls to frozen process.
05-07 09:30:28.792 W/libbinder.IPCThreadState(22939): Sending oneway calls to frozen process.
05-07 09:30:36.647 E/Nl80211Native(22939): getChannelsMhzForBand: Wiphy index not recorded for band 8
05-07 09:30:36.647 E/Nl80211Native(22939): getChannelsMhzForBand: Wiphy index not recorded for band 16
05-07 09:30:36.740 W/Nl80211Utils(22939): Malformed NEW_INTERFACE response: missing attributes
05-07 09:30:37.828 W/libbinder.IPCThreadState(22939): Sending oneway calls to frozen process.
05-07 09:30:37.829 W/libbinder.IPCThreadState(22939): Sending oneway calls to frozen process.
05-07 09:30:37.829 W/libbinder.IPCThreadState(22939): Sending oneway calls to frozen process.
05-07 09:30:37.829 W/libbinder.IPCThreadState(22939): Sending oneway calls to frozen process.
05-07 09:30:37.830 W/libbinder.IPCThreadState(22939): Sending oneway calls to frozen process.
05-07 09:30:37.830 W/libbinder.IPCThreadState(22939): Sending oneway calls to frozen process.
05-07 09:30:37.832 W/libbinder.IPCThreadState(22939): Sending oneway calls to frozen process.
05-07 09:30:37.833 W/libbinder.IPCThreadState(22939): Sending oneway calls to frozen process.
05-07 09:30:50.255 W/skia    (  529): AGTM parsing failed flags.readFromStream(s) at 159
05-07 09:31:00.041 W/skia    (  529): AGTM parsing failed flags.readFromStream(s) at 159
05-07 09:31:09.613 W/AppOps  (22939): Noting op not finished: uid 10224 pkg com.google.android.gms code 113 startTime of in progress event=1778162986723
05-07 09:31:09.718 W/AppOps  (22939): Noting op not finished: uid 10224 pkg com.google.android.gms code 79 startTime of in progress event=1778163156513
05-07 09:31:10.511 W/gle.android.gms(26494): Reducing the number of considered missed Gc histogram windows from 148 to 100
05-07 09:31:10.619 W/AppOps  (22939): Noting op not finished: uid 10224 pkg com.google.android.gms code 113 startTime of in progress event=1778162986723
05-07 09:31:10.981 W/libbinder.IPCThreadState(22939): Sending oneway calls to frozen process.
05-07 09:31:10.981 W/libbinder.IPCThreadState(22939): Sending oneway calls to frozen process.
05-07 09:31:10.981 W/libbinder.IPCThreadState(22939): Sending oneway calls to frozen process.
05-07 09:31:10.986 W/libbinder.IPCThreadState(22939): Sending oneway calls to frozen process.
05-07 09:31:10.987 W/libbinder.IPCThreadState(22939): Sending oneway calls to frozen process.
05-07 09:31:17.025 W/libbinder.IPCThreadState(22939): Sending oneway calls to frozen process.
05-07 09:31:17.026 W/libbinder.IPCThreadState(22939): Sending oneway calls to frozen process.
05-07 09:31:17.026 W/libbinder.IPCThreadState(22939): Sending oneway calls to frozen process.
05-07 09:31:17.029 W/libbinder.IPCThreadState(22939): Sending oneway calls to frozen process.
05-07 09:31:17.030 W/libbinder.IPCThreadState(22939): Sending oneway calls to frozen process.
05-07 09:31:20.263 W/skia    (  529): AGTM parsing failed flags.readFromStream(s) at 159
05-07 09:31:29.595 W/AlarmManager(23320): Unrecognized alarm listener com.android.networkstack.android.net.ip.IpClientLinkObserver$Dhcp6PdPreferredPrefixAlarmListener@7686fb9
05-07 09:31:40.280 W/skia    (  529): AGTM parsing failed flags.readFromStream(s) at 159
05-07 09:31:53.621 W/WakeLock(26411): GCM_HB_ALARM release without a matched acquire! [CONTEXT service_id=259 ]
05-07 09:31:59.218 W/libbinder.IPCThreadState(22939): Sending oneway calls to frozen process.
05-07 09:31:59.219 W/libbinder.IPCThreadState(22939): Sending oneway calls to frozen process.
05-07 09:31:59.219 W/libbinder.IPCThreadState(22939): Sending oneway calls to frozen process.
05-07 09:31:59.219 W/libbinder.IPCThreadState(22939): Sending oneway calls to frozen process.
05-07 09:31:59.219 W/libbinder.IPCThreadState(22939): Sending oneway calls to frozen process.
05-07 09:31:59.219 W/libbinder.IPCThreadState(22939): Sending oneway calls to frozen process.
05-07 09:31:59.223 W/libbinder.IPCThreadState(22939): Sending oneway calls to frozen process.
05-07 09:31:59.223 W/libbinder.IPCThreadState(22939): Sending oneway calls to frozen process.
05-07 09:32:00.071 W/skia    (  529): AGTM parsing failed flags.readFromStream(s) at 159
05-07 09:32:12.842 W/WakeLock(26411): GCM_HB_ALARM release without a matched acquire! [CONTEXT service_id=259 ]
05-07 09:32:12.842 W/WakeLock(26411): GCM_HB_ALARM counter does not exist
05-07 09:32:14.281 W/libbinder.IPCThreadState(22939): Sending oneway calls to frozen process.
05-07 09:32:14.281 W/libbinder.IPCThreadState(22939): Sending oneway calls to frozen process.
05-07 09:32:14.281 W/libbinder.IPCThreadState(22939): Sending oneway calls to frozen process.
05-07 09:32:14.281 W/libbinder.IPCThreadState(22939): Sending oneway calls to frozen process.
05-07 09:32:14.281 W/libbinder.IPCThreadState(22939): Sending oneway calls to frozen process.
05-07 09:32:14.282 W/libbinder.IPCThreadState(22939): Sending oneway calls to frozen process.
05-07 09:32:14.283 W/libbinder.IPCThreadState(22939): Sending oneway calls to frozen process.
05-07 09:32:14.283 W/libbinder.IPCThreadState(22939): Sending oneway calls to frozen process.
05-07 09:32:20.317 W/skia    (  529): AGTM parsing failed flags.readFromStream(s) at 159
05-07 09:32:23.329 W/libbinder.IPCThreadState(22939): Sending oneway calls to frozen process.
05-07 09:32:23.329 W/libbinder.IPCThreadState(22939): Sending oneway calls to frozen process.
05-07 09:32:23.329 W/libbinder.IPCThreadState(22939): Sending oneway calls to frozen process.
05-07 09:32:23.329 W/libbinder.IPCThreadState(22939): Sending oneway calls to frozen process.
05-07 09:32:23.330 W/libbinder.IPCThreadState(22939): Sending oneway calls to frozen process.
05-07 09:32:23.330 W/libbinder.IPCThreadState(22939): Sending oneway calls to frozen process.
05-07 09:32:23.331 W/libbinder.IPCThreadState(22939): Sending oneway calls to frozen process.
05-07 09:32:23.331 W/libbinder.IPCThreadState(22939): Sending oneway calls to frozen process.
05-07 09:32:26.343 W/libbinder.IPCThreadState(22939): Sending oneway calls to frozen process.
05-07 09:32:26.343 W/libbinder.IPCThreadState(22939): Sending oneway calls to frozen process.
05-07 09:32:26.343 W/libbinder.IPCThreadState(22939): Sending oneway calls to frozen process.
05-07 09:32:26.343 W/libbinder.IPCThreadState(22939): Sending oneway calls to frozen process.
05-07 09:32:26.344 W/libbinder.IPCThreadState(22939): Sending oneway calls to frozen process.
05-07 09:32:26.344 W/libbinder.IPCThreadState(22939): Sending oneway calls to frozen process.
05-07 09:32:26.344 W/libbinder.IPCThreadState(22939): Sending oneway calls to frozen process.
05-07 09:32:26.344 W/libbinder.IPCThreadState(22939): Sending oneway calls to frozen process.
05-07 09:32:38.385 W/libbinder.IPCThreadState(22939): Sending oneway calls to frozen process.
05-07 09:32:38.385 W/libbinder.IPCThreadState(22939): Sending oneway calls to frozen process.
05-07 09:32:38.388 W/libbinder.IPCThreadState(22939): Sending oneway calls to frozen process.
05-07 09:32:38.388 W/libbinder.IPCThreadState(22939): Sending oneway calls to frozen process.
05-07 09:32:38.388 W/libbinder.IPCThreadState(22939): Sending oneway calls to frozen process.
05-07 09:32:38.389 W/libbinder.IPCThreadState(22939): Sending oneway calls to frozen process.
05-07 09:32:38.391 W/libbinder.IPCThreadState(22939): Sending oneway calls to frozen process.
05-07 09:32:38.391 W/libbinder.IPCThreadState(22939): Sending oneway calls to frozen process.
05-07 09:32:44.419 W/libbinder.IPCThreadState(22939): Sending oneway calls to frozen process.
05-07 09:32:44.420 W/libbinder.IPCThreadState(22939): Sending oneway calls to frozen process.
05-07 09:32:44.420 W/libbinder.IPCThreadState(22939): Sending oneway calls to frozen process.
05-07 09:32:44.420 W/libbinder.IPCThreadState(22939): Sending oneway calls to frozen process.
05-07 09:32:44.420 W/libbinder.IPCThreadState(22939): Sending oneway calls to frozen process.
05-07 09:32:44.421 W/libbinder.IPCThreadState(22939): Sending oneway calls to frozen process.
05-07 09:32:44.422 W/libbinder.IPCThreadState(22939): Sending oneway calls to frozen process.
05-07 09:32:44.422 W/libbinder.IPCThreadState(22939): Sending oneway calls to frozen process.
05-07 09:33:00.071 W/skia    (  529): AGTM parsing failed flags.readFromStream(s) at 159
05-07 09:33:00.350 W/skia    (  529): AGTM parsing failed flags.readFromStream(s) at 159
05-07 09:33:16.661 E/Nl80211Native(22939): getChannelsMhzForBand: Wiphy index not recorded for band 8
05-07 09:33:16.661 E/Nl80211Native(22939): getChannelsMhzForBand: Wiphy index not recorded for band 16
05-07 09:33:16.756 W/Nl80211Utils(22939): Malformed NEW_INTERFACE response: missing attributes
05-07 09:33:26.602 W/libbinder.IPCThreadState(22939): Sending oneway calls to frozen process.
05-07 09:33:26.602 W/libbinder.IPCThreadState(22939): Sending oneway calls to frozen process.
05-07 09:33:26.604 W/libbinder.IPCThreadState(22939): Sending oneway calls to frozen process.
05-07 09:33:26.604 W/libbinder.IPCThreadState(22939): Sending oneway calls to frozen process.
05-07 09:33:26.604 W/libbinder.IPCThreadState(22939): Sending oneway calls to frozen process.
05-07 09:33:26.604 W/libbinder.IPCThreadState(22939): Sending oneway calls to frozen process.
05-07 09:33:26.605 W/libbinder.IPCThreadState(22939): Sending oneway calls to frozen process.
05-07 09:33:26.605 W/libbinder.IPCThreadState(22939): Sending oneway calls to frozen process.
05-07 09:33:32.627 W/libbinder.IPCThreadState(22939): Sending oneway calls to frozen process.
05-07 09:33:32.627 W/libbinder.IPCThreadState(22939): Sending oneway calls to frozen process.
05-07 09:33:32.627 W/libbinder.IPCThreadState(22939): Sending oneway calls to frozen process.
05-07 09:33:32.628 W/libbinder.IPCThreadState(22939): Sending oneway calls to frozen process.
05-07 09:33:32.629 W/libbinder.IPCThreadState(22939): Sending oneway calls to frozen process.
05-07 09:33:32.629 W/libbinder.IPCThreadState(22939): Sending oneway calls to frozen process.
05-07 09:33:32.630 W/libbinder.IPCThreadState(22939): Sending oneway calls to frozen process.
05-07 09:33:32.630 W/libbinder.IPCThreadState(22939): Sending oneway calls to frozen process.
05-07 09:33:41.665 W/libbinder.IPCThreadState(22939): Sending oneway calls to frozen process.
05-07 09:33:41.666 W/libbinder.IPCThreadState(22939): Sending oneway calls to frozen process.
05-07 09:33:41.666 W/libbinder.IPCThreadState(22939): Sending oneway calls to frozen process.
05-07 09:33:41.666 W/libbinder.IPCThreadState(22939): Sending oneway calls to frozen process.
05-07 09:33:41.666 W/libbinder.IPCThreadState(22939): Sending oneway calls to frozen process.
05-07 09:33:41.666 W/libbinder.IPCThreadState(22939): Sending oneway calls to frozen process.
05-07 09:33:41.668 W/libbinder.IPCThreadState(22939): Sending oneway calls to frozen process.
05-07 09:33:41.669 W/libbinder.IPCThreadState(22939): Sending oneway calls to frozen process.
05-07 09:33:47.103 E/GnssPsdsDownloader(22939): No Long-Term PSDS servers were specified in the GnssConfiguration
05-07 09:33:50.343 W/skia    (  529): AGTM parsing failed flags.readFromStream(s) at 159
05-07 09:33:50.702 W/libbinder.IPCThreadState(22939): Sending oneway calls to frozen process.
05-07 09:33:50.702 W/libbinder.IPCThreadState(22939): Sending oneway calls to frozen process.
05-07 09:33:50.702 W/libbinder.IPCThreadState(22939): Sending oneway calls to frozen process.
05-07 09:33:50.703 W/libbinder.IPCThreadState(22939): Sending oneway calls to frozen process.
05-07 09:33:50.703 W/libbinder.IPCThreadState(22939): Sending oneway calls to frozen process.
05-07 09:33:50.703 W/libbinder.IPCThreadState(22939): Sending oneway calls to frozen process.
05-07 09:33:50.705 W/libbinder.IPCThreadState(22939): Sending oneway calls to frozen process.
05-07 09:33:50.705 W/libbinder.IPCThreadState(22939): Sending oneway calls to frozen process.
05-07 09:33:56.741 W/libbinder.IPCThreadState(22939): Sending oneway calls to frozen process.
05-07 09:33:56.742 W/libbinder.IPCThreadState(22939): Sending oneway calls to frozen process.
05-07 09:33:56.743 W/libbinder.IPCThreadState(22939): Sending oneway calls to frozen process.
05-07 09:33:56.743 W/libbinder.IPCThreadState(22939): Sending oneway calls to frozen process.
05-07 09:33:56.744 W/libbinder.IPCThreadState(22939): Sending oneway calls to frozen process.
05-07 09:33:56.744 W/libbinder.IPCThreadState(22939): Sending oneway calls to frozen process.
05-07 09:33:56.745 W/libbinder.IPCThreadState(22939): Sending oneway calls to frozen process.
05-07 09:33:56.746 W/libbinder.IPCThreadState(22939): Sending oneway calls to frozen process.
05-07 09:34:00.071 W/skia    (  529): AGTM parsing failed flags.readFromStream(s) at 159
05-07 09:34:05.781 W/libbinder.IPCThreadState(22939): Sending oneway calls to frozen process.
05-07 09:34:05.782 W/libbinder.IPCThreadState(22939): Sending oneway calls to frozen process.
05-07 09:34:05.783 W/libbinder.IPCThreadState(22939): Sending oneway calls to frozen process.
05-07 09:34:05.783 W/libbinder.IPCThreadState(22939): Sending oneway calls to frozen process.
05-07 09:34:05.785 W/libbinder.IPCThreadState(22939): Sending oneway calls to frozen process.
05-07 09:34:05.785 W/libbinder.IPCThreadState(22939): Sending oneway calls to frozen process.
05-07 09:34:05.786 W/libbinder.IPCThreadState(22939): Sending oneway calls to frozen process.
05-07 09:34:05.787 W/libbinder.IPCThreadState(22939): Sending oneway calls to frozen process.
05-07 09:34:14.818 W/libbinder.IPCThreadState(22939): Sending oneway calls to frozen process.
05-07 09:34:14.818 W/libbinder.IPCThreadState(22939): Sending oneway calls to frozen process.
05-07 09:34:14.818 W/libbinder.IPCThreadState(22939): Sending oneway calls to frozen process.
05-07 09:34:14.819 W/libbinder.IPCThreadState(22939): Sending oneway calls to frozen process.
05-07 09:34:14.820 W/libbinder.IPCThreadState(22939): Sending oneway calls to frozen process.
05-07 09:34:14.820 W/libbinder.IPCThreadState(22939): Sending oneway calls to frozen process.
05-07 09:34:14.820 W/libbinder.IPCThreadState(22939): Sending oneway calls to frozen process.
05-07 09:34:14.821 W/libbinder.IPCThreadState(22939): Sending oneway calls to frozen process.
05-07 09:34:20.373 W/skia    (  529): AGTM parsing failed flags.readFromStream(s) at 159
05-07 09:34:20.853 W/libbinder.IPCThreadState(22939): Sending oneway calls to frozen process.
05-07 09:34:20.853 W/libbinder.IPCThreadState(22939): Sending oneway calls to frozen process.
05-07 09:34:20.853 W/libbinder.IPCThreadState(22939): Sending oneway calls to frozen process.
05-07 09:34:20.854 W/libbinder.IPCThreadState(22939): Sending oneway calls to frozen process.
05-07 09:34:20.854 W/libbinder.IPCThreadState(22939): Sending oneway calls to frozen process.
05-07 09:34:20.854 W/libbinder.IPCThreadState(22939): Sending oneway calls to frozen process.
05-07 09:34:20.855 W/libbinder.IPCThreadState(22939): Sending oneway calls to frozen process.
05-07 09:34:20.855 W/libbinder.IPCThreadState(22939): Sending oneway calls to frozen process.
05-07 09:34:40.372 W/skia    (  529): AGTM parsing failed flags.readFromStream(s) at 159
05-07 09:34:44.974 W/libbinder.IPCThreadState(22939): Sending oneway calls to frozen process.
05-07 09:34:44.974 W/libbinder.IPCThreadState(22939): Sending oneway calls to frozen process.
05-07 09:34:44.974 W/libbinder.IPCThreadState(22939): Sending oneway calls to frozen process.
05-07 09:34:44.974 W/libbinder.IPCThreadState(22939): Sending oneway calls to frozen process.
05-07 09:34:44.974 W/libbinder.IPCThreadState(22939): Sending oneway calls to frozen process.
05-07 09:34:44.975 W/libbinder.IPCThreadState(22939): Sending oneway calls to frozen process.
05-07 09:34:44.977 W/libbinder.IPCThreadState(22939): Sending oneway calls to frozen process.
05-07 09:34:44.977 W/libbinder.IPCThreadState(22939): Sending oneway calls to frozen process.
05-07 09:34:54.011 W/libbinder.IPCThreadState(22939): Sending oneway calls to frozen process.
05-07 09:34:54.011 W/libbinder.IPCThreadState(22939): Sending oneway calls to frozen process.
05-07 09:34:54.011 W/libbinder.IPCThreadState(22939): Sending oneway calls to frozen process.
05-07 09:34:54.012 W/libbinder.IPCThreadState(22939): Sending oneway calls to frozen process.
05-07 09:34:54.012 W/libbinder.IPCThreadState(22939): Sending oneway calls to frozen process.
05-07 09:34:54.012 W/libbinder.IPCThreadState(22939): Sending oneway calls to frozen process.
05-07 09:34:54.013 W/libbinder.IPCThreadState(22939): Sending oneway calls to frozen process.
05-07 09:34:54.013 W/libbinder.IPCThreadState(22939): Sending oneway calls to frozen process.
05-07 09:35:00.068 W/skia    (  529): AGTM parsing failed flags.readFromStream(s) at 159
05-07 09:35:20.415 W/skia    (  529): AGTM parsing failed flags.readFromStream(s) at 159
05-07 09:35:33.224 W/libbinder.IPCThreadState(22939): Sending oneway calls to frozen process.
05-07 09:35:33.224 W/libbinder.IPCThreadState(22939): Sending oneway calls to frozen process.
05-07 09:35:33.224 W/libbinder.IPCThreadState(22939): Sending oneway calls to frozen process.
05-07 09:35:33.224 W/libbinder.IPCThreadState(22939): Sending oneway calls to frozen process.
05-07 09:35:33.224 W/libbinder.IPCThreadState(22939): Sending oneway calls to frozen process.
05-07 09:35:33.224 W/libbinder.IPCThreadState(22939): Sending oneway calls to frozen process.
05-07 09:35:33.226 W/libbinder.IPCThreadState(22939): Sending oneway calls to frozen process.
05-07 09:35:33.226 W/libbinder.IPCThreadState(22939): Sending oneway calls to frozen process.
05-07 09:35:42.284 W/libbinder.IPCThreadState(22939): Sending oneway calls to frozen process.
05-07 09:35:42.284 W/libbinder.IPCThreadState(22939): Sending oneway calls to frozen process.
05-07 09:35:42.284 W/libbinder.IPCThreadState(22939): Sending oneway calls to frozen process.
05-07 09:35:42.284 W/libbinder.IPCThreadState(22939): Sending oneway calls to frozen process.
05-07 09:35:42.284 W/libbinder.IPCThreadState(22939): Sending oneway calls to frozen process.
05-07 09:35:42.284 W/libbinder.IPCThreadState(22939): Sending oneway calls to frozen process.
05-07 09:35:42.288 W/libbinder.IPCThreadState(22939): Sending oneway calls to frozen process.
05-07 09:35:42.288 W/libbinder.IPCThreadState(22939): Sending oneway calls to frozen process.
05-07 09:35:51.348 W/libbinder.IPCThreadState(22939): Sending oneway calls to frozen process.
05-07 09:35:51.350 W/libbinder.IPCThreadState(22939): Sending oneway calls to frozen process.
05-07 09:35:51.350 W/libbinder.IPCThreadState(22939): Sending oneway calls to frozen process.
05-07 09:35:51.350 W/libbinder.IPCThreadState(22939): Sending oneway calls to frozen process.
05-07 09:35:51.350 W/libbinder.IPCThreadState(22939): Sending oneway calls to frozen process.
05-07 09:35:51.350 W/libbinder.IPCThreadState(22939): Sending oneway calls to frozen process.
05-07 09:35:51.351 W/libbinder.IPCThreadState(22939): Sending oneway calls to frozen process.
05-07 09:35:51.351 W/libbinder.IPCThreadState(22939): Sending oneway calls to frozen process.
05-07 09:35:56.674 E/Nl80211Native(22939): getChannelsMhzForBand: Wiphy index not recorded for band 8
05-07 09:35:56.674 E/Nl80211Native(22939): getChannelsMhzForBand: Wiphy index not recorded for band 16
05-07 09:35:56.768 W/Nl80211Utils(22939): Malformed NEW_INTERFACE response: missing attributes
05-07 09:36:00.060 W/skia    (  529): AGTM parsing failed flags.readFromStream(s) at 159
05-07 09:36:00.432 W/skia    (  529): AGTM parsing failed flags.readFromStream(s) at 159
05-07 09:36:03.396 W/libbinder.IPCThreadState(22939): Sending oneway calls to frozen process.
05-07 09:36:03.396 W/libbinder.IPCThreadState(22939): Sending oneway calls to frozen process.
05-07 09:36:03.396 W/libbinder.IPCThreadState(22939): Sending oneway calls to frozen process.
05-07 09:36:03.397 W/libbinder.IPCThreadState(22939): Sending oneway calls to frozen process.
05-07 09:36:03.397 W/libbinder.IPCThreadState(22939): Sending oneway calls to frozen process.
05-07 09:36:03.397 W/libbinder.IPCThreadState(22939): Sending oneway calls to frozen process.
05-07 09:36:03.398 W/libbinder.IPCThreadState(22939): Sending oneway calls to frozen process.
05-07 09:36:03.398 W/libbinder.IPCThreadState(22939): Sending oneway calls to frozen process.
05-07 09:36:06.409 W/libbinder.IPCThreadState(22939): Sending oneway calls to frozen process.
05-07 09:36:06.410 W/libbinder.IPCThreadState(22939): Sending oneway calls to frozen process.
05-07 09:36:06.410 W/libbinder.IPCThreadState(22939): Sending oneway calls to frozen process.
05-07 09:36:06.410 W/libbinder.IPCThreadState(22939): Sending oneway calls to frozen process.
05-07 09:36:06.410 W/libbinder.IPCThreadState(22939): Sending oneway calls to frozen process.
05-07 09:36:06.410 W/libbinder.IPCThreadState(22939): Sending oneway calls to frozen process.
05-07 09:36:06.411 W/libbinder.IPCThreadState(22939): Sending oneway calls to frozen process.
05-07 09:36:06.411 W/libbinder.IPCThreadState(22939): Sending oneway calls to frozen process.
05-07 09:36:12.442 W/libbinder.IPCThreadState(22939): Sending oneway calls to frozen process.
05-07 09:36:12.442 W/libbinder.IPCThreadState(22939): Sending oneway calls to frozen process.
05-07 09:36:12.442 W/libbinder.IPCThreadState(22939): Sending oneway calls to frozen process.
05-07 09:36:12.442 W/libbinder.IPCThreadState(22939): Sending oneway calls to frozen process.
05-07 09:36:12.442 W/libbinder.IPCThreadState(22939): Sending oneway calls to frozen process.
05-07 09:36:12.442 W/libbinder.IPCThreadState(22939): Sending oneway calls to frozen process.
05-07 09:36:12.443 W/libbinder.IPCThreadState(22939): Sending oneway calls to frozen process.
05-07 09:36:12.443 W/libbinder.IPCThreadState(22939): Sending oneway calls to frozen process.
05-07 09:36:27.950 W/ProcessStats(22939): Tracking association SourceState{5c7f64a system/1000 ImpBg #3003} whose proc state 6 is better than process ProcessState{e012953 com.google.android.apps.photos/10171 pkg=com.google.android.apps.photos} proc state 14 (0 skipped)
05-07 09:36:28.437 W/AppOps  (22939): Noting op not finished: uid 10224 pkg com.google.android.gms code 113 startTime of in progress event=1778162986723
05-07 09:36:28.456 W/AppOps  (22939): Noting op not finished: uid 10224 pkg com.google.android.gms code 79 startTime of in progress event=1778163156513
05-07 09:36:29.440 W/AppOps  (22939): Noting op not finished: uid 10224 pkg com.google.android.gms code 113 startTime of in progress event=1778162986723
05-07 09:36:50.463 W/skia    (  529): AGTM parsing failed flags.readFromStream(s) at 159
05-07 09:37:00.071 W/skia    (  529): AGTM parsing failed flags.readFromStream(s) at 159
05-07 09:37:18.784 W/libbinder.IPCThreadState(22939): Sending oneway calls to frozen process.
05-07 09:37:18.784 W/libbinder.IPCThreadState(22939): Sending oneway calls to frozen process.
05-07 09:37:18.784 W/libbinder.IPCThreadState(22939): Sending oneway calls to frozen process.
05-07 09:37:18.784 W/libbinder.IPCThreadState(22939): Sending oneway calls to frozen process.
05-07 09:37:18.787 W/libbinder.IPCThreadState(22939): Sending oneway calls to frozen process.
05-07 09:37:18.788 W/libbinder.IPCThreadState(22939): Sending oneway calls to frozen process.
05-07 09:37:18.789 W/libbinder.IPCThreadState(22939): Sending oneway calls to frozen process.
05-07 09:37:18.790 W/libbinder.IPCThreadState(22939): Sending oneway calls to frozen process.
05-07 09:37:20.477 W/skia    (  529): AGTM parsing failed flags.readFromStream(s) at 159
05-07 09:37:24.812 W/libbinder.IPCThreadState(22939): Sending oneway calls to frozen process.
05-07 09:37:24.812 W/libbinder.IPCThreadState(22939): Sending oneway calls to frozen process.
05-07 09:37:24.812 W/libbinder.IPCThreadState(22939): Sending oneway calls to frozen process.
05-07 09:37:24.812 W/libbinder.IPCThreadState(22939): Sending oneway calls to frozen process.
05-07 09:37:24.812 W/libbinder.IPCThreadState(22939): Sending oneway calls to frozen process.
05-07 09:37:24.813 W/libbinder.IPCThreadState(22939): Sending oneway calls to frozen process.
05-07 09:37:24.814 W/libbinder.IPCThreadState(22939): Sending oneway calls to frozen process.
05-07 09:37:24.814 W/libbinder.IPCThreadState(22939): Sending oneway calls to frozen process.
05-07 09:37:33.858 W/libbinder.IPCThreadState(22939): Sending oneway calls to frozen process.
05-07 09:37:33.858 W/libbinder.IPCThreadState(22939): Sending oneway calls to frozen process.
05-07 09:37:33.858 W/libbinder.IPCThreadState(22939): Sending oneway calls to frozen process.
05-07 09:37:33.858 W/libbinder.IPCThreadState(22939): Sending oneway calls to frozen process.
05-07 09:37:33.858 W/libbinder.IPCThreadState(22939): Sending oneway calls to frozen process.
05-07 09:37:33.858 W/libbinder.IPCThreadState(22939): Sending oneway calls to frozen process.
05-07 09:37:33.862 W/libbinder.IPCThreadState(22939): Sending oneway calls to frozen process.
05-07 09:37:33.862 W/libbinder.IPCThreadState(22939): Sending oneway calls to frozen process.
05-07 09:37:40.497 W/skia    (  529): AGTM parsing failed flags.readFromStream(s) at 159
05-07 09:37:42.905 W/libbinder.IPCThreadState(22939): Sending oneway calls to frozen process.
05-07 09:37:42.905 W/libbinder.IPCThreadState(22939): Sending oneway calls to frozen process.
05-07 09:37:42.907 W/libbinder.IPCThreadState(22939): Sending oneway calls to frozen process.
05-07 09:37:42.908 W/libbinder.IPCThreadState(22939): Sending oneway calls to frozen process.
05-07 09:37:42.909 W/libbinder.IPCThreadState(22939): Sending oneway calls to frozen process.
05-07 09:37:42.909 W/libbinder.IPCThreadState(22939): Sending oneway calls to frozen process.
05-07 09:37:42.910 W/libbinder.IPCThreadState(22939): Sending oneway calls to frozen process.
05-07 09:37:42.910 W/libbinder.IPCThreadState(22939): Sending oneway calls to frozen process.
05-07 09:37:48.931 W/libbinder.IPCThreadState(22939): Sending oneway calls to frozen process.
05-07 09:37:48.931 W/libbinder.IPCThreadState(22939): Sending oneway calls to frozen process.
05-07 09:37:48.932 W/libbinder.IPCThreadState(22939): Sending oneway calls to frozen process.
05-07 09:37:48.932 W/libbinder.IPCThreadState(22939): Sending oneway calls to frozen process.
05-07 09:37:48.932 W/libbinder.IPCThreadState(22939): Sending oneway calls to frozen process.
05-07 09:37:48.933 W/libbinder.IPCThreadState(22939): Sending oneway calls to frozen process.
05-07 09:37:48.935 W/libbinder.IPCThreadState(22939): Sending oneway calls to frozen process.
05-07 09:37:48.935 W/libbinder.IPCThreadState(22939): Sending oneway calls to frozen process.
05-07 09:37:51.953 W/libbinder.IPCThreadState(22939): Sending oneway calls to frozen process.
05-07 09:37:51.953 W/libbinder.IPCThreadState(22939): Sending oneway calls to frozen process.
05-07 09:37:51.953 W/libbinder.IPCThreadState(22939): Sending oneway calls to frozen process.
05-07 09:37:51.953 W/libbinder.IPCThreadState(22939): Sending oneway calls to frozen process.
05-07 09:37:51.954 W/libbinder.IPCThreadState(22939): Sending oneway calls to frozen process.
05-07 09:37:51.954 W/libbinder.IPCThreadState(22939): Sending oneway calls to frozen process.
05-07 09:37:51.956 W/libbinder.IPCThreadState(22939): Sending oneway calls to frozen process.
05-07 09:37:51.956 W/libbinder.IPCThreadState(22939): Sending oneway calls to frozen process.
05-07 09:37:57.984 W/libbinder.IPCThreadState(22939): Sending oneway calls to frozen process.
05-07 09:37:57.985 W/libbinder.IPCThreadState(22939): Sending oneway calls to frozen process.
05-07 09:37:57.985 W/libbinder.IPCThreadState(22939): Sending oneway calls to frozen process.
05-07 09:37:57.985 W/libbinder.IPCThreadState(22939): Sending oneway calls to frozen process.
05-07 09:37:57.985 W/libbinder.IPCThreadState(22939): Sending oneway calls to frozen process.
05-07 09:37:57.985 W/libbinder.IPCThreadState(22939): Sending oneway calls to frozen process.
05-07 09:37:57.986 W/libbinder.IPCThreadState(22939): Sending oneway calls to frozen process.
05-07 09:37:57.986 W/libbinder.IPCThreadState(22939): Sending oneway calls to frozen process.
05-07 09:38:00.061 W/skia    (  529): AGTM parsing failed flags.readFromStream(s) at 159
05-07 09:38:04.872 W/AlarmManager(23320): Unrecognized alarm listener com.android.networkstack.android.net.ip.IpClientLinkObserver$Dhcp6PdPreferredPrefixAlarmListener@7686fb9
05-07 09:38:07.042 W/libbinder.IPCThreadState(22939): Sending oneway calls to frozen process.
05-07 09:38:07.042 W/libbinder.IPCThreadState(22939): Sending oneway calls to frozen process.
05-07 09:38:07.042 W/libbinder.IPCThreadState(22939): Sending oneway calls to frozen process.
05-07 09:38:07.042 W/libbinder.IPCThreadState(22939): Sending oneway calls to frozen process.
05-07 09:38:07.042 W/libbinder.IPCThreadState(22939): Sending oneway calls to frozen process.
05-07 09:38:07.042 W/libbinder.IPCThreadState(22939): Sending oneway calls to frozen process.
05-07 09:38:07.044 W/libbinder.IPCThreadState(22939): Sending oneway calls to frozen process.
05-07 09:38:07.045 W/libbinder.IPCThreadState(22939): Sending oneway calls to frozen process.
05-07 09:38:20.523 W/skia    (  529): AGTM parsing failed flags.readFromStream(s) at 159
05-07 09:38:36.688 E/Nl80211Native(22939): getChannelsMhzForBand: Wiphy index not recorded for band 8
05-07 09:38:36.688 E/Nl80211Native(22939): getChannelsMhzForBand: Wiphy index not recorded for band 16
05-07 09:38:36.768 W/Nl80211Utils(22939): Malformed NEW_INTERFACE response: missing attributes
05-07 09:38:46.236 W/libbinder.IPCThreadState(22939): Sending oneway calls to frozen process.
05-07 09:38:46.236 W/libbinder.IPCThreadState(22939): Sending oneway calls to frozen process.
05-07 09:38:46.236 W/libbinder.IPCThreadState(22939): Sending oneway calls to frozen process.
05-07 09:38:46.236 W/libbinder.IPCThreadState(22939): Sending oneway calls to frozen process.
05-07 09:38:46.237 W/libbinder.IPCThreadState(22939): Sending oneway calls to frozen process.
05-07 09:38:46.237 W/libbinder.IPCThreadState(22939): Sending oneway calls to frozen process.
05-07 09:38:46.239 W/libbinder.IPCThreadState(22939): Sending oneway calls to frozen process.
05-07 09:38:46.239 W/libbinder.IPCThreadState(22939): Sending oneway calls to frozen process.
05-07 09:38:55.289 W/libbinder.IPCThreadState(22939): Sending oneway calls to frozen process.
05-07 09:38:55.291 W/libbinder.IPCThreadState(22939): Sending oneway calls to frozen process.
05-07 09:38:55.291 W/libbinder.IPCThreadState(22939): Sending oneway calls to frozen process.
05-07 09:38:55.292 W/libbinder.IPCThreadState(22939): Sending oneway calls to frozen process.
05-07 09:38:55.292 W/libbinder.IPCThreadState(22939): Sending oneway calls to frozen process.
05-07 09:38:55.293 W/libbinder.IPCThreadState(22939): Sending oneway calls to frozen process.
05-07 09:38:55.295 W/libbinder.IPCThreadState(22939): Sending oneway calls to frozen process.
05-07 09:38:55.296 W/libbinder.IPCThreadState(22939): Sending oneway calls to frozen process.
05-07 09:39:00.040 W/skia    (  529): AGTM parsing failed flags.readFromStream(s) at 159
05-07 09:39:00.556 W/skia    (  529): AGTM parsing failed flags.readFromStream(s) at 159
05-07 09:39:34.512 W/libbinder.IPCThreadState(22939): Sending oneway calls to frozen process.
05-07 09:39:34.513 W/libbinder.IPCThreadState(22939): Sending oneway calls to frozen process.
05-07 09:39:34.514 W/libbinder.IPCThreadState(22939): Sending oneway calls to frozen process.
05-07 09:39:34.514 W/libbinder.IPCThreadState(22939): Sending oneway calls to frozen process.
05-07 09:39:34.514 W/libbinder.IPCThreadState(22939): Sending oneway calls to frozen process.
05-07 09:39:34.514 W/libbinder.IPCThreadState(22939): Sending oneway calls to frozen process.
05-07 09:39:34.515 W/libbinder.IPCThreadState(22939): Sending oneway calls to frozen process.
05-07 09:39:34.515 W/libbinder.IPCThreadState(22939): Sending oneway calls to frozen process.
05-07 09:39:37.526 W/libbinder.IPCThreadState(22939): Sending oneway calls to frozen process.
05-07 09:39:37.526 W/libbinder.IPCThreadState(22939): Sending oneway calls to frozen process.
05-07 09:39:37.526 W/libbinder.IPCThreadState(22939): Sending oneway calls to frozen process.
05-07 09:39:37.526 W/libbinder.IPCThreadState(22939): Sending oneway calls to frozen process.
05-07 09:39:37.526 W/libbinder.IPCThreadState(22939): Sending oneway calls to frozen process.
05-07 09:39:37.528 W/libbinder.IPCThreadState(22939): Sending oneway calls to frozen process.
05-07 09:39:37.529 W/libbinder.IPCThreadState(22939): Sending oneway calls to frozen process.
05-07 09:39:37.529 W/libbinder.IPCThreadState(22939): Sending oneway calls to frozen process.
05-07 09:39:40.539 W/libbinder.IPCThreadState(22939): Sending oneway calls to frozen process.
05-07 09:39:40.540 W/libbinder.IPCThreadState(22939): Sending oneway calls to frozen process.
05-07 09:39:40.540 W/libbinder.IPCThreadState(22939): Sending oneway calls to frozen process.
05-07 09:39:40.540 W/libbinder.IPCThreadState(22939): Sending oneway calls to frozen process.
05-07 09:39:40.540 W/libbinder.IPCThreadState(22939): Sending oneway calls to frozen process.
05-07 09:39:40.540 W/libbinder.IPCThreadState(22939): Sending oneway calls to frozen process.
05-07 09:39:40.540 W/libbinder.IPCThreadState(22939): Sending oneway calls to frozen process.
05-07 09:39:40.540 W/libbinder.IPCThreadState(22939): Sending oneway calls to frozen process.
05-07 09:39:43.556 W/libbinder.IPCThreadState(22939): Sending oneway calls to frozen process.
05-07 09:39:43.556 W/libbinder.IPCThreadState(22939): Sending oneway calls to frozen process.
05-07 09:39:43.557 W/libbinder.IPCThreadState(22939): Sending oneway calls to frozen process.
05-07 09:39:43.557 W/libbinder.IPCThreadState(22939): Sending oneway calls to frozen process.
05-07 09:39:43.558 W/libbinder.IPCThreadState(22939): Sending oneway calls to frozen process.
05-07 09:39:43.558 W/libbinder.IPCThreadState(22939): Sending oneway calls to frozen process.
05-07 09:39:43.559 W/libbinder.IPCThreadState(22939): Sending oneway calls to frozen process.
05-07 09:39:43.559 W/libbinder.IPCThreadState(22939): Sending oneway calls to frozen process.
05-07 09:39:50.613 W/skia    (  529): AGTM parsing failed flags.readFromStream(s) at 159
05-07 09:39:52.670 W/ogle.android.as(27591): Reducing the number of considered missed Gc histogram windows from 182 to 100
05-07 09:40:00.040 W/skia    (  529): AGTM parsing failed flags.readFromStream(s) at 159
05-07 09:40:20.623 W/skia    (  529): AGTM parsing failed flags.readFromStream(s) at 159
05-07 09:40:40.631 W/skia    (  529): AGTM parsing failed flags.readFromStream(s) at 159
05-07 09:41:00.067 W/skia    (  529): AGTM parsing failed flags.readFromStream(s) at 159
05-07 09:41:16.701 E/Nl80211Native(22939): getChannelsMhzForBand: Wiphy index not recorded for band 8
05-07 09:41:16.701 E/Nl80211Native(22939): getChannelsMhzForBand: Wiphy index not recorded for band 16
05-07 09:41:16.797 W/Nl80211Utils(22939): Malformed NEW_INTERFACE response: missing attributes
05-07 09:41:16.989 W/libbinder.IPCThreadState(22939): Sending oneway calls to frozen process.
05-07 09:41:16.990 W/libbinder.IPCThreadState(22939): Sending oneway calls to frozen process.
05-07 09:41:16.990 W/libbinder.IPCThreadState(22939): Sending oneway calls to frozen process.
05-07 09:41:16.991 W/libbinder.IPCThreadState(22939): Sending oneway calls to frozen process.
05-07 09:41:16.992 W/libbinder.IPCThreadState(22939): Sending oneway calls to frozen process.
05-07 09:41:16.992 W/libbinder.IPCThreadState(22939): Sending oneway calls to frozen process.
05-07 09:41:16.994 W/libbinder.IPCThreadState(22939): Sending oneway calls to frozen process.
05-07 09:41:16.995 W/libbinder.IPCThreadState(22939): Sending oneway calls to frozen process.
05-07 09:41:20.677 W/skia    (  529): AGTM parsing failed flags.readFromStream(s) at 159
05-07 09:41:26.043 W/libbinder.IPCThreadState(22939): Sending oneway calls to frozen process.
05-07 09:41:26.043 W/libbinder.IPCThreadState(22939): Sending oneway calls to frozen process.
05-07 09:41:26.043 W/libbinder.IPCThreadState(22939): Sending oneway calls to frozen process.
05-07 09:41:26.043 W/libbinder.IPCThreadState(22939): Sending oneway calls to frozen process.
05-07 09:41:26.043 W/libbinder.IPCThreadState(22939): Sending oneway calls to frozen process.
05-07 09:41:26.043 W/libbinder.IPCThreadState(22939): Sending oneway calls to frozen process.
05-07 09:41:26.046 W/libbinder.IPCThreadState(22939): Sending oneway calls to frozen process.
05-07 09:41:26.047 W/libbinder.IPCThreadState(22939): Sending oneway calls to frozen process.
05-07 09:41:35.091 W/libbinder.IPCThreadState(22939): Sending oneway calls to frozen process.
05-07 09:41:35.092 W/libbinder.IPCThreadState(22939): Sending oneway calls to frozen process.
05-07 09:41:35.092 W/libbinder.IPCThreadState(22939): Sending oneway calls to frozen process.
05-07 09:41:35.092 W/libbinder.IPCThreadState(22939): Sending oneway calls to frozen process.
05-07 09:41:35.092 W/libbinder.IPCThreadState(22939): Sending oneway calls to frozen process.
05-07 09:41:35.092 W/libbinder.IPCThreadState(22939): Sending oneway calls to frozen process.
05-07 09:41:35.097 W/libbinder.IPCThreadState(22939): Sending oneway calls to frozen process.
05-07 09:41:35.097 W/libbinder.IPCThreadState(22939): Sending oneway calls to frozen process.
05-07 09:41:41.129 W/libbinder.IPCThreadState(22939): Sending oneway calls to frozen process.
05-07 09:41:41.129 W/libbinder.IPCThreadState(22939): Sending oneway calls to frozen process.
05-07 09:41:41.129 W/libbinder.IPCThreadState(22939): Sending oneway calls to frozen process.
05-07 09:41:41.129 W/libbinder.IPCThreadState(22939): Sending oneway calls to frozen process.
05-07 09:41:41.130 W/libbinder.IPCThreadState(22939): Sending oneway calls to frozen process.
05-07 09:41:41.130 W/libbinder.IPCThreadState(22939): Sending oneway calls to frozen process.
05-07 09:41:41.132 W/libbinder.IPCThreadState(22939): Sending oneway calls to frozen process.
05-07 09:41:41.133 W/libbinder.IPCThreadState(22939): Sending oneway calls to frozen process.
05-07 09:41:47.176 W/AppOps  (22939): Noting op not finished: uid 10224 pkg com.google.android.gms code 113 startTime of in progress event=1778162986723
05-07 09:41:47.222 W/AppOps  (22939): Noting op not finished: uid 10224 pkg com.google.android.gms code 79 startTime of in progress event=1778163156513
05-07 09:41:48.188 W/AppOps  (22939): Noting op not finished: uid 10224 pkg com.google.android.gms code 113 startTime of in progress event=1778162986723
05-07 09:42:00.073 W/skia    (  529): AGTM parsing failed flags.readFromStream(s) at 159
05-07 09:42:00.708 W/skia    (  529): AGTM parsing failed flags.readFromStream(s) at 159
05-07 09:42:15.297 W/AlarmManager(23320): Unrecognized alarm listener com.android.networkstack.android.net.ip.IpClientLinkObserver$Dhcp6PdPreferredPrefixAlarmListener@7686fb9
05-07 09:42:23.320 W/libbinder.IPCThreadState(22939): Sending oneway calls to frozen process.
05-07 09:42:23.320 W/libbinder.IPCThreadState(22939): Sending oneway calls to frozen process.
05-07 09:42:23.321 W/libbinder.IPCThreadState(22939): Sending oneway calls to frozen process.
05-07 09:42:23.321 W/libbinder.IPCThreadState(22939): Sending oneway calls to frozen process.
05-07 09:42:23.321 W/libbinder.IPCThreadState(22939): Sending oneway calls to frozen process.
05-07 09:42:23.322 W/libbinder.IPCThreadState(22939): Sending oneway calls to frozen process.
05-07 09:42:23.322 W/libbinder.IPCThreadState(22939): Sending oneway calls to frozen process.
05-07 09:42:23.322 W/libbinder.IPCThreadState(22939): Sending oneway calls to frozen process.
05-07 09:42:29.354 W/libbinder.IPCThreadState(22939): Sending oneway calls to frozen process.
05-07 09:42:29.355 W/libbinder.IPCThreadState(22939): Sending oneway calls to frozen process.
05-07 09:42:29.356 W/libbinder.IPCThreadState(22939): Sending oneway calls to frozen process.
05-07 09:42:29.356 W/libbinder.IPCThreadState(22939): Sending oneway calls to frozen process.
05-07 09:42:29.357 W/libbinder.IPCThreadState(22939): Sending oneway calls to frozen process.
05-07 09:42:29.358 W/libbinder.IPCThreadState(22939): Sending oneway calls to frozen process.
05-07 09:42:29.358 W/libbinder.IPCThreadState(22939): Sending oneway calls to frozen process.
05-07 09:42:29.359 W/libbinder.IPCThreadState(22939): Sending oneway calls to frozen process.
05-07 09:42:35.399 W/libbinder.IPCThreadState(22939): Sending oneway calls to frozen process.
05-07 09:42:35.399 W/libbinder.IPCThreadState(22939): Sending oneway calls to frozen process.
05-07 09:42:35.399 W/libbinder.IPCThreadState(22939): Sending oneway calls to frozen process.
05-07 09:42:35.399 W/libbinder.IPCThreadState(22939): Sending oneway calls to frozen process.
05-07 09:42:35.399 W/libbinder.IPCThreadState(22939): Sending oneway calls to frozen process.
05-07 09:42:35.400 W/libbinder.IPCThreadState(22939): Sending oneway calls to frozen process.
05-07 09:42:35.401 W/libbinder.IPCThreadState(22939): Sending oneway calls to frozen process.
05-07 09:42:35.401 W/libbinder.IPCThreadState(22939): Sending oneway calls to frozen process.
05-07 09:42:50.780 W/skia    (  529): AGTM parsing failed flags.readFromStream(s) at 159
05-07 09:43:00.084 W/skia    (  529): AGTM parsing failed flags.readFromStream(s) at 159
05-07 09:43:08.589 W/libbinder.IPCThreadState(22939): Sending oneway calls to frozen process.
