05-07 08:38:53.868 W/skia    (  529): AGTM parsing failed flags.readFromStream(s) at 159
05-07 08:38:53.868 W/skia    (  529): AGTM parsing failed flags.readFromStream(s) at 159
05-07 08:38:53.934 W/DisconnectHandler( 1016): No disconnect change found in the transition, not handling request.
05-07 08:38:53.962 W/unknown:BridgelessReact(17848): ReactHost{0}.onHostResume(activity)
05-07 08:38:53.970 W/skia    (  529): AGTM parsing failed flags.readFromStream(s) at 159
05-07 08:38:53.970 W/skia    (  529): AGTM parsing failed flags.readFromStream(s) at 159
05-07 08:38:53.972 W/unknown:BridgelessReact(17848): ReactHost{0}.ReactContext.onHostResume()
05-07 08:38:53.993 W/InputChannel-JNI(  707): Channel already disposed.
05-07 08:38:54.004 W/PackageConfigPersister(  707): App-specific configuration not found for packageName: app.theprimeway.twa and userId: 0
05-07 08:38:54.070 W/skia    (  529): AGTM parsing failed flags.readFromStream(s) at 159
05-07 08:38:54.071 W/skia    (  529): AGTM parsing failed flags.readFromStream(s) at 159
05-07 08:38:54.172 W/skia    (  529): AGTM parsing failed flags.readFromStream(s) at 159
05-07 08:38:54.172 W/skia    (  529): AGTM parsing failed flags.readFromStream(s) at 159
05-07 08:38:54.287 W/skia    (  529): AGTM parsing failed flags.readFromStream(s) at 159
05-07 08:38:54.389 W/skia    (  529): AGTM parsing failed flags.readFromStream(s) at 159
05-07 08:38:54.490 W/skia    (  529): AGTM parsing failed flags.readFromStream(s) at 159
05-07 08:38:55.132 W/AS.PlaybackActivityMon(  707): No piid assigned for invalid/internal port id 15
05-07 08:38:55.134 W/AS.PlaybackActivityMon(  707): No piid assigned for invalid/internal port id 15
05-07 08:38:55.750 W/skia    (  529): AGTM parsing failed flags.readFromStream(s) at 159
05-07 08:38:55.851 W/skia    (  529): AGTM parsing failed flags.readFromStream(s) at 159
05-07 08:38:55.952 W/skia    (  529): AGTM parsing failed flags.readFromStream(s) at 159
05-07 08:38:56.069 W/skia    (  529): AGTM parsing failed flags.readFromStream(s) at 159
05-07 08:38:57.002 W/skia    (  529): AGTM parsing failed flags.readFromStream(s) at 159
05-07 08:38:57.302 W/skia    (  529): AGTM parsing failed flags.readFromStream(s) at 159
05-07 08:38:57.404 W/skia    (  529): AGTM parsing failed flags.readFromStream(s) at 159
05-07 08:38:57.414 W/AS.PlaybackActivityMon(  707): No piid assigned for invalid/internal port id 15
05-07 08:38:57.414 W/AS.PlaybackActivityMon(  707): No piid assigned for invalid/internal port id 15
05-07 08:38:57.444 W/ReactNativeJS(17848): '[Reanimated] Reading from `value` during component render. Please ensure that you don\'t access the `value` property nor use `get` method of a shared value while React is rendering a component.\n\nIf you don\'t want to see this message, you can disable the `strict` mode. Refer to:\nhttps://docs.swmansion.com/react-native-reanimated/docs/debugging/logger-configuration for more details.', { [Stack] name: 'Stack' }
05-07 08:38:57.446 W/ReactNativeJS(17848): '[Reanimated] Reading from `value` during component render. Please ensure that you don\'t access the `value` property nor use `get` method of a shared value while React is rendering a component.\n\nIf you don\'t want to see this message, you can disable the `strict` mode. Refer to:\nhttps://docs.swmansion.com/react-native-reanimated/docs/debugging/logger-configuration for more details.', { [Stack] name: 'Stack' }
05-07 08:38:57.462 W/ReactNativeJS(17848): '[Reanimated] Reading from `value` during component render. Please ensure that you don\'t access the `value` property nor use `get` method of a shared value while React is rendering a component.\n\nIf you don\'t want to see this message, you can disable the `strict` mode. Refer to:\nhttps://docs.swmansion.com/react-native-reanimated/docs/debugging/logger-configuration for more details.', { [Stack] name: 'Stack' }
05-07 08:38:57.465 W/ReactNativeJS(17848): '[Reanimated] Reading from `value` during component render. Please ensure that you don\'t access the `value` property nor use `get` method of a shared value while React is rendering a component.\n\nIf you don\'t want to see this message, you can disable the `strict` mode. Refer to:\nhttps://docs.swmansion.com/react-native-reanimated/docs/debugging/logger-configuration for more details.', { [Stack] name: 'Stack' }
05-07 08:38:57.467 W/ReactNativeJS(17848): '[Reanimated] Reading from `value` during component render. Please ensure that you don\'t access the `value` property nor use `get` method of a shared value while React is rendering a component.\n\nIf you don\'t want to see this message, you can disable the `strict` mode. Refer to:\nhttps://docs.swmansion.com/react-native-reanimated/docs/debugging/logger-configuration for more details.', { [Stack] name: 'Stack' }
05-07 08:38:57.475 W/ReactNativeJS(17848): '[Reanimated] Reading from `value` during component render. Please ensure that you don\'t access the `value` property nor use `get` method of a shared value while React is rendering a component.\n\nIf you don\'t want to see this message, you can disable the `strict` mode. Refer to:\nhttps://docs.swmansion.com/react-native-reanimated/docs/debugging/logger-configuration for more details.', { [Stack] name: 'Stack' }
05-07 08:38:57.479 W/ReactNativeJS(17848): '[Reanimated] Reading from `value` during component render. Please ensure that you don\'t access the `value` property nor use `get` method of a shared value while React is rendering a component.\n\nIf you don\'t want to see this message, you can disable the `strict` mode. Refer to:\nhttps://docs.swmansion.com/react-native-reanimated/docs/debugging/logger-configuration for more details.', { [Stack] name: 'Stack' }
05-07 08:38:57.505 W/skia    (  529): AGTM parsing failed flags.readFromStream(s) at 159
05-07 08:38:57.606 W/skia    (  529): AGTM parsing failed flags.readFromStream(s) at 159
05-07 08:39:00.084 W/skia    (  529): AGTM parsing failed flags.readFromStream(s) at 159
05-07 08:39:03.480 W/BitmapDrawable(14607): BitmapDrawable created with null Bitmap
05-07 08:39:03.503 W/unknown:ReactNative(17848): Can't cancel already finished gesture. Is a child View trying to start a gesture from an UP/CANCEL event?
05-07 08:39:03.637 W/libbinder.IPCThreadState(  707): Sending oneway calls to frozen process.
05-07 08:39:03.638 W/libbinder.IPCThreadState(  707): Sending oneway calls to frozen process.
05-07 08:39:03.688 W/skia    (  529): AGTM parsing failed flags.readFromStream(s) at 159
05-07 08:39:03.706 W/android.vending(18040): Suspending all threads took: 16.342ms
05-07 08:39:03.739 W/ProcessStats(  707): Tracking association SourceState{f6849b9 system/1000 ImpBg #6458} whose proc state 6 is better than process ProcessState{fcef908 com.android.vending/10153 pkg=com.android.vending} proc state 14 (23 skipped)
05-07 08:39:03.784 W/skia    (  529): AGTM parsing failed flags.readFromStream(s) at 159
05-07 08:39:03.798 W/skia    (  529): AGTM parsing failed flags.readFromStream(s) at 159
05-07 08:39:03.799 W/skia    (  529): AGTM parsing failed flags.readFromStream(s) at 159
05-07 08:39:03.800 W/skia    (  529): AGTM parsing failed flags.readFromStream(s) at 159
05-07 08:39:03.801 W/skia    (  529): AGTM parsing failed flags.readFromStream(s) at 159
05-07 08:39:03.802 W/skia    (  529): AGTM parsing failed flags.readFromStream(s) at 159
05-07 08:39:03.802 W/skia    (  529): AGTM parsing failed flags.readFromStream(s) at 159
05-07 08:39:03.813 W/skia    (  529): AGTM parsing failed flags.readFromStream(s) at 159
05-07 08:39:03.814 W/skia    (  529): AGTM parsing failed flags.readFromStream(s) at 159
05-07 08:39:03.814 W/skia    (  529): AGTM parsing failed flags.readFromStream(s) at 159
05-07 08:39:03.814 W/skia    (  529): AGTM parsing failed flags.readFromStream(s) at 159
05-07 08:39:03.814 W/skia    (  529): AGTM parsing failed flags.readFromStream(s) at 159
05-07 08:39:03.814 W/skia    (  529): AGTM parsing failed flags.readFromStream(s) at 159
05-07 08:39:03.814 W/skia    (  529): AGTM parsing failed flags.readFromStream(s) at 159
05-07 08:39:03.827 W/skia    (  529): AGTM parsing failed flags.readFromStream(s) at 159
05-07 08:39:03.828 W/skia    (  529): AGTM parsing failed flags.readFromStream(s) at 159
05-07 08:39:03.828 W/skia    (  529): AGTM parsing failed flags.readFromStream(s) at 159
05-07 08:39:03.829 W/skia    (  529): AGTM parsing failed flags.readFromStream(s) at 159
05-07 08:39:03.829 W/skia    (  529): AGTM parsing failed flags.readFromStream(s) at 159
05-07 08:39:03.829 W/skia    (  529): AGTM parsing failed flags.readFromStream(s) at 159
05-07 08:39:03.829 W/skia    (  529): AGTM parsing failed flags.readFromStream(s) at 159
05-07 08:39:03.841 W/Finsky  (18040): [61] PreloadClasses: Unable to load [kotlinx.coroutines.internal.ThreadContextKt$countAll$1, kotlinx.coroutines.internal.ThreadContextKt$findOne$1, kotlinx.coroutines.internal.ThreadContextKt$updateState$1, androidx.compose.runtime.snapshots.SnapshotKt$emptyLambda$1, androidx.compose.runtime.Recomposer$broadcastFrameClock$1, androidx.compose.runtime.Recomposer$recompositionRunner$2$unregisterApplyObserver$1, androidx.compose.ui.platform.AndroidComposeView$keyInputModifier$1, androidx.compose.runtime.SlotTable, androidx.compose.runtime.ComposerImpl, androidx.compose.runtime.SlotReader, androidx.compose.runtime.SlotWriter, androidx.compose.runtime.SlotTableKt, androidx.compose.runtime.ComposableSingletons$CompositionKt$lambda-1$1, androidx.compose.runtime.ComposableSingletons$CompositionKt$lambda-2$1, androidx.compose.ui.platform.ComposableSingletons$Wrapper_androidKt$lambda-1$1, androidx.compose.ui.platform.AndroidComposeView$ViewTreeOwners, androidx.compose.ui.platform.WrappedComposition$setContent$1$1, androidx.compose.runtime.Recomposer$readObserverOf$1, androidx.compose.runtime.Recomposer$writeObserverOf$1, androidx.compose.runtime.KeyInfo, androidx.compose.runtime.GroupInfo, androidx.compose.ui.platform.AndroidCompositionLocals_androidKt$LocalSavedStateRegistryOwner$1, androidx.compose.ui.platform.AndroidCompositionLocals_androidKt$ProvideAndroidCompositionLocals$1$1, androidx.compose.runtime.saveable.SaveableStateRegistryKt$LocalSaveableStateRegistry$1, androidx.compose.material3.TypographyKt$LocalTypography$1, androidx.compose.material.ColorsKt$LocalColors$1, androidx.compose.material.ShapesKt$LocalShapes$1, androidx.compose.material.ContentAlphaKt$LocalContentAlpha$1, androidx.compose.foundation.IndicationKt$LocalIndication$1, androidx.compose.material.ripple.RippleThemeKt$LocalRippleTheme$1, androidx.compose.foundation.text.selection.TextSelectionColorsKt$LocalTextSelectionColors$1, androidx.compose.material.MaterialThemeKt$MaterialTheme$1, androidx.compose.material.TextKt$LocalTextStyle$1, androidx.compose.animation.core.InfiniteTransition$run$2, androidx.compose.animation.core.VectorConvertersKt$FloatToVector$1, androidx.compose.animation.core.VectorConvertersKt$FloatToVector$2, androidx.compose.animation.core.VectorConvertersKt$IntToVector$2, androidx.compose.animation.core.VectorConvertersKt$DpToVector$1, androidx.compose.animation.core.VectorConvertersKt$DpToVector$2, androidx.compose.material.ProgressIndicatorKt$CircularProgressIndicator$endAngle$2, androidx.compose.material.ProgressIndicatorKt$CircularProgressIndicator$startAngle$2, androidx.compose.foundation.ProgressSemanticsKt$progressSemantics$2, androidx.compose.material.MaterialThemeKt$MaterialTheme$2, androidx.compose.ui.platform.AndroidCompositionLocals_androidKt$ProvideAndroidCompositionLocals$4, androidx.compose.runtime.RememberManager, androidx.compose.foundation.IndicationKt$indication$2, androidx.compose.foundation.text.selection.SelectionRegistrarKt$LocalSelectionRegistrar$1, androidx.compose.runtime.saveable.SaverKt$AutoSaver$1, androidx.compose.runtime.saveable.SaverKt$AutoSaver$2, androidx.compose.runtime.snapshots.SnapshotStateList$StateListStateRecord, androidx.compose.material.ButtonKt$Button$2, androidx.compose.material.ElevationOverlayKt$LocalElevationOverlay$1, androidx.compose.material.ElevationOverlayKt$LocalAbsoluteElevation$1, androidx.compose.material.SurfaceKt$Surface$1, androidx.compose.material.TextKt$Text$4, androidx.compose.material.TextKt$ProvideTextStyle$1, androidx.compose.material.SurfaceKt$Surface$2, androidx.compose.material.ButtonKt$Button$3, androidx.compose.foundation.gestures.ScrollableStateKt$rememberScrollableState$1$1, androidx.compose.material.TextKt$Text$3, androidx.compose.material3.TextKt$Text$3, androidx.compose.foundation.layout.BoxWithConstraintsKt$BoxWithConstraints$1$1, androidx.compose.runtime.ComposerImpl$CompositionContextHolder, androidx.compose.runtime.ComposerImpl$CompositionContextImpl, androidx.compose.runtime.Updater$init$1, androidx.compose.runtime.interna
05-07 08:39:03.846 W/skia    (  529): AGTM parsing failed flags.readFromStream(s) at 159
05-07 08:39:03.847 W/skia    (  529): AGTM parsing failed flags.readFromStream(s) at 159
05-07 08:39:03.848 W/skia    (  529): AGTM parsing failed flags.readFromStream(s) at 159
05-07 08:39:03.848 W/skia    (  529): AGTM parsing failed flags.readFromStream(s) at 159
05-07 08:39:03.848 W/skia    (  529): AGTM parsing failed flags.readFromStream(s) at 159
05-07 08:39:03.848 W/skia    (  529): AGTM parsing failed flags.readFromStream(s) at 159
05-07 08:39:03.848 W/skia    (  529): AGTM parsing failed flags.readFromStream(s) at 159
05-07 08:39:03.863 W/skia    (  529): AGTM parsing failed flags.readFromStream(s) at 159
05-07 08:39:03.863 W/skia    (  529): AGTM parsing failed flags.readFromStream(s) at 159
05-07 08:39:03.863 W/skia    (  529): AGTM parsing failed flags.readFromStream(s) at 159
05-07 08:39:03.863 W/skia    (  529): AGTM parsing failed flags.readFromStream(s) at 159
05-07 08:39:03.863 W/skia    (  529): AGTM parsing failed flags.readFromStream(s) at 159
05-07 08:39:03.863 W/skia    (  529): AGTM parsing failed flags.readFromStream(s) at 159
05-07 08:39:03.863 W/skia    (  529): AGTM parsing failed flags.readFromStream(s) at 159
05-07 08:39:03.878 W/skia    (  529): AGTM parsing failed flags.readFromStream(s) at 159
05-07 08:39:03.878 W/skia    (  529): AGTM parsing failed flags.readFromStream(s) at 159
05-07 08:39:03.878 W/skia    (  529): AGTM parsing failed flags.readFromStream(s) at 159
05-07 08:39:03.878 W/skia    (  529): AGTM parsing failed flags.readFromStream(s) at 159
05-07 08:39:03.878 W/skia    (  529): AGTM parsing failed flags.readFromStream(s) at 159
05-07 08:39:03.878 W/skia    (  529): AGTM parsing failed flags.readFromStream(s) at 159
05-07 08:39:03.878 W/skia    (  529): AGTM parsing failed flags.readFromStream(s) at 159
05-07 08:39:03.895 W/skia    (  529): AGTM parsing failed flags.readFromStream(s) at 159
05-07 08:39:03.895 W/skia    (  529): AGTM parsing failed flags.readFromStream(s) at 159
05-07 08:39:03.895 W/skia    (  529): AGTM parsing failed flags.readFromStream(s) at 159
05-07 08:39:03.895 W/skia    (  529): AGTM parsing failed flags.readFromStream(s) at 159
05-07 08:39:03.895 W/skia    (  529): AGTM parsing failed flags.readFromStream(s) at 159
05-07 08:39:03.895 W/skia    (  529): AGTM parsing failed flags.readFromStream(s) at 159
05-07 08:39:03.895 W/skia    (  529): AGTM parsing failed flags.readFromStream(s) at 159
05-07 08:39:03.913 W/skia    (  529): AGTM parsing failed flags.readFromStream(s) at 159
05-07 08:39:03.913 W/skia    (  529): AGTM parsing failed flags.readFromStream(s) at 159
05-07 08:39:03.913 W/skia    (  529): AGTM parsing failed flags.readFromStream(s) at 159
05-07 08:39:03.913 W/skia    (  529): AGTM parsing failed flags.readFromStream(s) at 159
05-07 08:39:03.914 W/skia    (  529): AGTM parsing failed flags.readFromStream(s) at 159
05-07 08:39:03.914 W/skia    (  529): AGTM parsing failed flags.readFromStream(s) at 159
05-07 08:39:03.914 W/skia    (  529): AGTM parsing failed flags.readFromStream(s) at 159
05-07 08:39:03.930 W/skia    (  529): AGTM parsing failed flags.readFromStream(s) at 159
05-07 08:39:03.930 W/skia    (  529): AGTM parsing failed flags.readFromStream(s) at 159
05-07 08:39:03.930 W/skia    (  529): AGTM parsing failed flags.readFromStream(s) at 159
05-07 08:39:03.930 W/skia    (  529): AGTM parsing failed flags.readFromStream(s) at 159
05-07 08:39:03.930 W/skia    (  529): AGTM parsing failed flags.readFromStream(s) at 159
05-07 08:39:03.930 W/skia    (  529): AGTM parsing failed flags.readFromStream(s) at 159
05-07 08:39:03.930 W/skia    (  529): AGTM parsing failed flags.readFromStream(s) at 159
05-07 08:39:03.946 W/skia    (  529): AGTM parsing failed flags.readFromStream(s) at 159
05-07 08:39:03.947 W/skia    (  529): AGTM parsing failed flags.readFromStream(s) at 159
05-07 08:39:03.947 W/skia    (  529): AGTM parsing failed flags.readFromStream(s) at 159
05-07 08:39:03.947 W/skia    (  529): AGTM parsing failed flags.readFromStream(s) at 159
05-07 08:39:03.947 W/skia    (  529): AGTM parsing failed flags.readFromStream(s) at 159
05-07 08:39:03.947 W/skia    (  529): AGTM parsing failed flags.readFromStream(s) at 159
05-07 08:39:03.947 W/skia    (  529): AGTM parsing failed flags.readFromStream(s) at 159
05-07 08:39:03.956 W/JobInfo (18040): Job 'com.android.vending/com.google.android.finsky.scheduler.process.mainimpl.PhoneskyJobServiceMain#9378' has a deadline with no functional constraints. The deadline won't improve job execution latency. Consider removing the deadline.
05-07 08:39:03.957 W/JobInfo (  707): Job 'com.android.vending/com.google.android.finsky.scheduler.process.mainimpl.PhoneskyJobServiceMain#9378' has a deadline with no functional constraints. The deadline won't improve job execution latency. Consider removing the deadline.
05-07 08:39:03.962 W/UsageReportingOptionsSt(16125): INTERNAL_ERROR: setPlayPassOptIn failed with null account [CONTEXT service_id=41 ]
05-07 08:39:03.962 E/UsageReportingOptionsSt(16125): INTERNAL_ERROR: setOptInOption should not be called while user is locked. [CONTEXT service_id=41 ]
05-07 08:39:03.963 W/skia    (  529): AGTM parsing failed flags.readFromStream(s) at 159
05-07 08:39:03.963 W/skia    (  529): AGTM parsing failed flags.readFromStream(s) at 159
05-07 08:39:03.963 W/skia    (  529): AGTM parsing failed flags.readFromStream(s) at 159
05-07 08:39:03.963 W/skia    (  529): AGTM parsing failed flags.readFromStream(s) at 159
05-07 08:39:03.963 W/skia    (  529): AGTM parsing failed flags.readFromStream(s) at 159
05-07 08:39:03.963 W/skia    (  529): AGTM parsing failed flags.readFromStream(s) at 159
05-07 08:39:03.963 W/skia    (  529): AGTM parsing failed flags.readFromStream(s) at 159
05-07 08:39:03.978 W/skia    (  529): AGTM parsing failed flags.readFromStream(s) at 159
05-07 08:39:03.979 W/skia    (  529): AGTM parsing failed flags.readFromStream(s) at 159
05-07 08:39:03.979 W/skia    (  529): AGTM parsing failed flags.readFromStream(s) at 159
05-07 08:39:03.979 W/skia    (  529): AGTM parsing failed flags.readFromStream(s) at 159
05-07 08:39:03.979 W/skia    (  529): AGTM parsing failed flags.readFromStream(s) at 159
05-07 08:39:03.979 W/skia    (  529): AGTM parsing failed flags.readFromStream(s) at 159
05-07 08:39:03.979 W/skia    (  529): AGTM parsing failed flags.readFromStream(s) at 159
05-07 08:39:03.987 W/JobScheduler(  707): Job didn't exist in JobStore: cd974b0 #u0a153/9376 com.android.vending/com.google.android.finsky.scheduler.process.mainimpl.PhoneskyJobServiceMain
05-07 08:39:03.995 W/skia    (  529): AGTM parsing failed flags.readFromStream(s) at 159
05-07 08:39:03.995 W/skia    (  529): AGTM parsing failed flags.readFromStream(s) at 159
05-07 08:39:03.995 W/skia    (  529): AGTM parsing failed flags.readFromStream(s) at 159
05-07 08:39:03.995 W/skia    (  529): AGTM parsing failed flags.readFromStream(s) at 159
05-07 08:39:03.995 W/skia    (  529): AGTM parsing failed flags.readFromStream(s) at 159
05-07 08:39:03.995 W/skia    (  529): AGTM parsing failed flags.readFromStream(s) at 159
05-07 08:39:03.995 W/skia    (  529): AGTM parsing failed flags.readFromStream(s) at 159
05-07 08:39:04.011 W/skia    (  529): AGTM parsing failed flags.readFromStream(s) at 159
05-07 08:39:04.011 W/skia    (  529): AGTM parsing failed flags.readFromStream(s) at 159
05-07 08:39:04.011 W/skia    (  529): AGTM parsing failed flags.readFromStream(s) at 159
05-07 08:39:04.011 W/skia    (  529): AGTM parsing failed flags.readFromStream(s) at 159
05-07 08:39:04.012 W/skia    (  529): AGTM parsing failed flags.readFromStream(s) at 159
05-07 08:39:04.012 W/skia    (  529): AGTM parsing failed flags.readFromStream(s) at 159
05-07 08:39:04.012 W/skia    (  529): AGTM parsing failed flags.readFromStream(s) at 159
05-07 08:39:04.028 W/skia    (  529): AGTM parsing failed flags.readFromStream(s) at 159
05-07 08:39:04.028 W/skia    (  529): AGTM parsing failed flags.readFromStream(s) at 159
05-07 08:39:04.028 W/skia    (  529): AGTM parsing failed flags.readFromStream(s) at 159
05-07 08:39:04.029 W/skia    (  529): AGTM parsing failed flags.readFromStream(s) at 159
05-07 08:39:04.029 W/skia    (  529): AGTM parsing failed flags.readFromStream(s) at 159
05-07 08:39:04.029 W/skia    (  529): AGTM parsing failed flags.readFromStream(s) at 159
05-07 08:39:04.029 W/skia    (  529): AGTM parsing failed flags.readFromStream(s) at 159
05-07 08:39:04.045 W/skia    (  529): AGTM parsing failed flags.readFromStream(s) at 159
05-07 08:39:04.045 W/skia    (  529): AGTM parsing failed flags.readFromStream(s) at 159
05-07 08:39:04.045 W/skia    (  529): AGTM parsing failed flags.readFromStream(s) at 159
05-07 08:39:04.046 W/skia    (  529): AGTM parsing failed flags.readFromStream(s) at 159
05-07 08:39:04.046 W/skia    (  529): AGTM parsing failed flags.readFromStream(s) at 159
05-07 08:39:04.046 W/skia    (  529): AGTM parsing failed flags.readFromStream(s) at 159
05-07 08:39:04.046 W/skia    (  529): AGTM parsing failed flags.readFromStream(s) at 159
05-07 08:39:04.061 W/skia    (  529): AGTM parsing failed flags.readFromStream(s) at 159
05-07 08:39:04.061 W/skia    (  529): AGTM parsing failed flags.readFromStream(s) at 159
05-07 08:39:04.061 W/skia    (  529): AGTM parsing failed flags.readFromStream(s) at 159
05-07 08:39:04.062 W/skia    (  529): AGTM parsing failed flags.readFromStream(s) at 159
05-07 08:39:04.062 W/skia    (  529): AGTM parsing failed flags.readFromStream(s) at 159
05-07 08:39:04.062 W/skia    (  529): AGTM parsing failed flags.readFromStream(s) at 159
05-07 08:39:04.062 W/skia    (  529): AGTM parsing failed flags.readFromStream(s) at 159
05-07 08:39:04.078 W/skia    (  529): AGTM parsing failed flags.readFromStream(s) at 159
05-07 08:39:04.078 W/skia    (  529): AGTM parsing failed flags.readFromStream(s) at 159
05-07 08:39:04.079 W/skia    (  529): AGTM parsing failed flags.readFromStream(s) at 159
05-07 08:39:04.079 W/skia    (  529): AGTM parsing failed flags.readFromStream(s) at 159
05-07 08:39:04.079 W/skia    (  529): AGTM parsing failed flags.readFromStream(s) at 159
05-07 08:39:04.079 W/skia    (  529): AGTM parsing failed flags.readFromStream(s) at 159
05-07 08:39:04.079 W/skia    (  529): AGTM parsing failed flags.readFromStream(s) at 159
05-07 08:39:04.085 W/Finsky  (18040): [50] SLM: no metadata property com.android.vending.derived.apk.id found for shared library com.google.android.trichromelibrary_763221838:
05-07 08:39:04.085 W/Finsky  (18040): [50] SLM: no metadata property com.android.vending.sdk.version.patch found for shared library com.google.android.trichromelibrary_763221838:
05-07 08:39:04.094 W/skia    (  529): AGTM parsing failed flags.readFromStream(s) at 159
05-07 08:39:04.094 W/skia    (  529): AGTM parsing failed flags.readFromStream(s) at 159
05-07 08:39:04.094 W/skia    (  529): AGTM parsing failed flags.readFromStream(s) at 159
05-07 08:39:04.094 W/skia    (  529): AGTM parsing failed flags.readFromStream(s) at 159
05-07 08:39:04.095 W/skia    (  529): AGTM parsing failed flags.readFromStream(s) at 159
05-07 08:39:04.095 W/skia    (  529): AGTM parsing failed flags.readFromStream(s) at 159
05-07 08:39:04.095 W/skia    (  529): AGTM parsing failed flags.readFromStream(s) at 159
05-07 08:39:04.111 W/skia    (  529): AGTM parsing failed flags.readFromStream(s) at 159
05-07 08:39:04.111 W/skia    (  529): AGTM parsing failed flags.readFromStream(s) at 159
05-07 08:39:04.111 W/skia    (  529): AGTM parsing failed flags.readFromStream(s) at 159
05-07 08:39:04.112 W/skia    (  529): AGTM parsing failed flags.readFromStream(s) at 159
05-07 08:39:04.112 W/skia    (  529): AGTM parsing failed flags.readFromStream(s) at 159
05-07 08:39:04.112 W/skia    (  529): AGTM parsing failed flags.readFromStream(s) at 159
05-07 08:39:04.112 W/skia    (  529): AGTM parsing failed flags.readFromStream(s) at 159
05-07 08:39:04.128 W/skia    (  529): AGTM parsing failed flags.readFromStream(s) at 159
05-07 08:39:04.128 W/skia    (  529): AGTM parsing failed flags.readFromStream(s) at 159
05-07 08:39:04.128 W/skia    (  529): AGTM parsing failed flags.readFromStream(s) at 159
05-07 08:39:04.128 W/skia    (  529): AGTM parsing failed flags.readFromStream(s) at 159
05-07 08:39:04.128 W/skia    (  529): AGTM parsing failed flags.readFromStream(s) at 159
05-07 08:39:04.128 W/skia    (  529): AGTM parsing failed flags.readFromStream(s) at 159
05-07 08:39:04.128 W/skia    (  529): AGTM parsing failed flags.readFromStream(s) at 159
05-07 08:39:04.149 W/skia    (  529): AGTM parsing failed flags.readFromStream(s) at 159
05-07 08:39:04.161 W/skia    (  529): AGTM parsing failed flags.readFromStream(s) at 159
05-07 08:39:04.161 W/skia    (  529): AGTM parsing failed flags.readFromStream(s) at 159
05-07 08:39:04.161 W/skia    (  529): AGTM parsing failed flags.readFromStream(s) at 159
05-07 08:39:04.161 W/skia    (  529): AGTM parsing failed flags.readFromStream(s) at 159
05-07 08:39:04.161 W/skia    (  529): AGTM parsing failed flags.readFromStream(s) at 159
05-07 08:39:04.161 W/skia    (  529): AGTM parsing failed flags.readFromStream(s) at 159
05-07 08:39:04.161 W/skia    (  529): AGTM parsing failed flags.readFromStream(s) at 159
05-07 08:39:04.178 W/skia    (  529): AGTM parsing failed flags.readFromStream(s) at 159
05-07 08:39:04.178 W/skia    (  529): AGTM parsing failed flags.readFromStream(s) at 159
05-07 08:39:04.179 W/skia    (  529): AGTM parsing failed flags.readFromStream(s) at 159
05-07 08:39:04.179 W/skia    (  529): AGTM parsing failed flags.readFromStream(s) at 159
05-07 08:39:04.179 W/skia    (  529): AGTM parsing failed flags.readFromStream(s) at 159
05-07 08:39:04.179 W/skia    (  529): AGTM parsing failed flags.readFromStream(s) at 159
05-07 08:39:04.179 W/skia    (  529): AGTM parsing failed flags.readFromStream(s) at 159
05-07 08:39:04.194 W/skia    (  529): AGTM parsing failed flags.readFromStream(s) at 159
05-07 08:39:04.194 W/skia    (  529): AGTM parsing failed flags.readFromStream(s) at 159
05-07 08:39:04.194 W/skia    (  529): AGTM parsing failed flags.readFromStream(s) at 159
05-07 08:39:04.194 W/skia    (  529): AGTM parsing failed flags.readFromStream(s) at 159
05-07 08:39:04.195 W/skia    (  529): AGTM parsing failed flags.readFromStream(s) at 159
05-07 08:39:04.195 W/skia    (  529): AGTM parsing failed flags.readFromStream(s) at 159
05-07 08:39:04.195 W/skia    (  529): AGTM parsing failed flags.readFromStream(s) at 159
05-07 08:39:04.228 W/skia    (  529): AGTM parsing failed flags.readFromStream(s) at 159
05-07 08:39:04.229 W/skia    (  529): AGTM parsing failed flags.readFromStream(s) at 159
05-07 08:39:04.229 W/skia    (  529): AGTM parsing failed flags.readFromStream(s) at 159
05-07 08:39:04.229 W/skia    (  529): AGTM parsing failed flags.readFromStream(s) at 159
05-07 08:39:04.229 W/skia    (  529): AGTM parsing failed flags.readFromStream(s) at 159
05-07 08:39:04.229 W/skia    (  529): AGTM parsing failed flags.readFromStream(s) at 159
05-07 08:39:04.248 W/skia    (  529): AGTM parsing failed flags.readFromStream(s) at 159
05-07 08:39:04.249 W/skia    (  529): AGTM parsing failed flags.readFromStream(s) at 159
05-07 08:39:04.249 W/skia    (  529): AGTM parsing failed flags.readFromStream(s) at 159
05-07 08:39:04.249 W/skia    (  529): AGTM parsing failed flags.readFromStream(s) at 159
05-07 08:39:04.250 W/skia    (  529): AGTM parsing failed flags.readFromStream(s) at 159
05-07 08:39:04.250 W/skia    (  529): AGTM parsing failed flags.readFromStream(s) at 159
05-07 08:39:04.250 W/skia    (  529): AGTM parsing failed flags.readFromStream(s) at 159
05-07 08:39:04.261 W/skia    (  529): AGTM parsing failed flags.readFromStream(s) at 159
05-07 08:39:04.262 W/skia    (  529): AGTM parsing failed flags.readFromStream(s) at 159
05-07 08:39:04.262 W/skia    (  529): AGTM parsing failed flags.readFromStream(s) at 159
05-07 08:39:04.262 W/skia    (  529): AGTM parsing failed flags.readFromStream(s) at 159
05-07 08:39:04.262 W/skia    (  529): AGTM parsing failed flags.readFromStream(s) at 159
05-07 08:39:04.262 W/skia    (  529): AGTM parsing failed flags.readFromStream(s) at 159
05-07 08:39:04.262 W/skia    (  529): AGTM parsing failed flags.readFromStream(s) at 159
05-07 08:39:04.265 W/skia    (  529): AGTM parsing failed flags.readFromStream(s) at 159
05-07 08:39:04.265 W/skia    (  529): AGTM parsing failed flags.readFromStream(s) at 159
05-07 08:39:04.279 W/skia    (  529): AGTM parsing failed flags.readFromStream(s) at 159
05-07 08:39:04.280 W/skia    (  529): AGTM parsing failed flags.readFromStream(s) at 159
05-07 08:39:04.280 W/skia    (  529): AGTM parsing failed flags.readFromStream(s) at 159
05-07 08:39:04.280 W/skia    (  529): AGTM parsing failed flags.readFromStream(s) at 159
05-07 08:39:04.280 W/skia    (  529): AGTM parsing failed flags.readFromStream(s) at 159
05-07 08:39:04.280 W/skia    (  529): AGTM parsing failed flags.readFromStream(s) at 159
05-07 08:39:04.280 W/skia    (  529): AGTM parsing failed flags.readFromStream(s) at 159
05-07 08:39:04.295 W/skia    (  529): AGTM parsing failed flags.readFromStream(s) at 159
05-07 08:39:04.295 W/skia    (  529): AGTM parsing failed flags.readFromStream(s) at 159
05-07 08:39:04.295 W/skia    (  529): AGTM parsing failed flags.readFromStream(s) at 159
05-07 08:39:04.295 W/skia    (  529): AGTM parsing failed flags.readFromStream(s) at 159
05-07 08:39:04.295 W/skia    (  529): AGTM parsing failed flags.readFromStream(s) at 159
05-07 08:39:04.295 W/skia    (  529): AGTM parsing failed flags.readFromStream(s) at 159
05-07 08:39:04.295 W/skia    (  529): AGTM parsing failed flags.readFromStream(s) at 159
05-07 08:39:04.311 W/skia    (  529): AGTM parsing failed flags.readFromStream(s) at 159
05-07 08:39:04.312 W/skia    (  529): AGTM parsing failed flags.readFromStream(s) at 159
05-07 08:39:04.312 W/skia    (  529): AGTM parsing failed flags.readFromStream(s) at 159
05-07 08:39:04.312 W/skia    (  529): AGTM parsing failed flags.readFromStream(s) at 159
05-07 08:39:04.312 W/skia    (  529): AGTM parsing failed flags.readFromStream(s) at 159
05-07 08:39:04.312 W/skia    (  529): AGTM parsing failed flags.readFromStream(s) at 159
05-07 08:39:04.312 W/skia    (  529): AGTM parsing failed flags.readFromStream(s) at 159
05-07 08:39:04.328 W/skia    (  529): AGTM parsing failed flags.readFromStream(s) at 159
05-07 08:39:04.328 W/skia    (  529): AGTM parsing failed flags.readFromStream(s) at 159
05-07 08:39:04.328 W/skia    (  529): AGTM parsing failed flags.readFromStream(s) at 159
05-07 08:39:04.328 W/skia    (  529): AGTM parsing failed flags.readFromStream(s) at 159
05-07 08:39:04.328 W/skia    (  529): AGTM parsing failed flags.readFromStream(s) at 159
05-07 08:39:04.328 W/skia    (  529): AGTM parsing failed flags.readFromStream(s) at 159
05-07 08:39:04.328 W/skia    (  529): AGTM parsing failed flags.readFromStream(s) at 159
05-07 08:39:04.354 W/libc    (16606): Access denied finding property "vendor.mesa.virtgpu.kumquat"
05-07 08:39:04.355 W/skia    (  529): AGTM parsing failed flags.readFromStream(s) at 159
05-07 08:39:04.355 W/skia    (  529): AGTM parsing failed flags.readFromStream(s) at 159
05-07 08:39:04.355 W/skia    (  529): AGTM parsing failed flags.readFromStream(s) at 159
05-07 08:39:04.355 W/skia    (  529): AGTM parsing failed flags.readFromStream(s) at 159
05-07 08:39:04.355 W/skia    (  529): AGTM parsing failed flags.readFromStream(s) at 159
05-07 08:39:04.355 W/skia    (  529): AGTM parsing failed flags.readFromStream(s) at 159
05-07 08:39:04.355 W/skia    (  529): AGTM parsing failed flags.readFromStream(s) at 159
05-07 08:39:04.369 W/skia    (  529): AGTM parsing failed flags.readFromStream(s) at 159
05-07 08:39:04.369 W/skia    (  529): AGTM parsing failed flags.readFromStream(s) at 159
05-07 08:39:04.379 W/skia    (  529): AGTM parsing failed flags.readFromStream(s) at 159
05-07 08:39:04.379 W/skia    (  529): AGTM parsing failed flags.readFromStream(s) at 159
05-07 08:39:04.379 W/skia    (  529): AGTM parsing failed flags.readFromStream(s) at 159
05-07 08:39:04.379 W/skia    (  529): AGTM parsing failed flags.readFromStream(s) at 159
05-07 08:39:04.379 W/skia    (  529): AGTM parsing failed flags.readFromStream(s) at 159
05-07 08:39:04.379 W/skia    (  529): AGTM parsing failed flags.readFromStream(s) at 159
05-07 08:39:04.380 W/skia    (  529): AGTM parsing failed flags.readFromStream(s) at 159
05-07 08:39:04.394 W/skia    (  529): AGTM parsing failed flags.readFromStream(s) at 159
05-07 08:39:04.395 W/skia    (  529): AGTM parsing failed flags.readFromStream(s) at 159
05-07 08:39:04.395 W/skia    (  529): AGTM parsing failed flags.readFromStream(s) at 159
05-07 08:39:04.395 W/skia    (  529): AGTM parsing failed flags.readFromStream(s) at 159
05-07 08:39:04.395 W/skia    (  529): AGTM parsing failed flags.readFromStream(s) at 159
05-07 08:39:04.395 W/skia    (  529): AGTM parsing failed flags.readFromStream(s) at 159
05-07 08:39:04.395 W/skia    (  529): AGTM parsing failed flags.readFromStream(s) at 159
05-07 08:39:04.411 W/skia    (  529): AGTM parsing failed flags.readFromStream(s) at 159
05-07 08:39:04.412 W/skia    (  529): AGTM parsing failed flags.readFromStream(s) at 159
05-07 08:39:04.412 W/skia    (  529): AGTM parsing failed flags.readFromStream(s) at 159
05-07 08:39:04.412 W/skia    (  529): AGTM parsing failed flags.readFromStream(s) at 159
05-07 08:39:04.412 W/skia    (  529): AGTM parsing failed flags.readFromStream(s) at 159
05-07 08:39:04.412 W/skia    (  529): AGTM parsing failed flags.readFromStream(s) at 159
05-07 08:39:04.412 W/skia    (  529): AGTM parsing failed flags.readFromStream(s) at 159
05-07 08:39:04.427 W/skia    (  529): AGTM parsing failed flags.readFromStream(s) at 159
05-07 08:39:04.428 W/skia    (  529): AGTM parsing failed flags.readFromStream(s) at 159
05-07 08:39:04.428 W/skia    (  529): AGTM parsing failed flags.readFromStream(s) at 159
05-07 08:39:04.428 W/skia    (  529): AGTM parsing failed flags.readFromStream(s) at 159
05-07 08:39:04.428 W/skia    (  529): AGTM parsing failed flags.readFromStream(s) at 159
05-07 08:39:04.428 W/skia    (  529): AGTM parsing failed flags.readFromStream(s) at 159
05-07 08:39:04.428 W/skia    (  529): AGTM parsing failed flags.readFromStream(s) at 159
05-07 08:39:04.445 W/skia    (  529): AGTM parsing failed flags.readFromStream(s) at 159
05-07 08:39:04.445 W/skia    (  529): AGTM parsing failed flags.readFromStream(s) at 159
05-07 08:39:04.445 W/skia    (  529): AGTM parsing failed flags.readFromStream(s) at 159
05-07 08:39:04.445 W/skia    (  529): AGTM parsing failed flags.readFromStream(s) at 159
05-07 08:39:04.445 W/skia    (  529): AGTM parsing failed flags.readFromStream(s) at 159
05-07 08:39:04.445 W/skia    (  529): AGTM parsing failed flags.readFromStream(s) at 159
05-07 08:39:04.446 W/skia    (  529): AGTM parsing failed flags.readFromStream(s) at 159
05-07 08:39:04.451 W/libc    (16606): Access denied finding property "vendor.mesa.virtgpu.kumquat"
05-07 08:39:04.461 W/skia    (  529): AGTM parsing failed flags.readFromStream(s) at 159
05-07 08:39:04.461 W/skia    (  529): AGTM parsing failed flags.readFromStream(s) at 159
05-07 08:39:04.461 W/skia    (  529): AGTM parsing failed flags.readFromStream(s) at 159
05-07 08:39:04.461 W/skia    (  529): AGTM parsing failed flags.readFromStream(s) at 159
05-07 08:39:04.462 W/skia    (  529): AGTM parsing failed flags.readFromStream(s) at 159
05-07 08:39:04.462 W/skia    (  529): AGTM parsing failed flags.readFromStream(s) at 159
05-07 08:39:04.462 W/skia    (  529): AGTM parsing failed flags.readFromStream(s) at 159
05-07 08:39:04.463 W/HWUI    (16606): Failed to choose config with EGL_SWAP_BEHAVIOR_PRESERVED, retrying without...
05-07 08:39:04.463 W/HWUI    (16606): Failed to initialize 101010-2 format, error = EGL_SUCCESS
05-07 08:39:04.494 W/skia    (  529): AGTM parsing failed flags.readFromStream(s) at 159
05-07 08:39:04.495 W/skia    (  529): AGTM parsing failed flags.readFromStream(s) at 159
05-07 08:39:04.495 W/skia    (  529): AGTM parsing failed flags.readFromStream(s) at 159
05-07 08:39:04.495 W/skia    (  529): AGTM parsing failed flags.readFromStream(s) at 159
05-07 08:39:04.495 W/skia    (  529): AGTM parsing failed flags.readFromStream(s) at 159
05-07 08:39:04.495 W/skia    (  529): AGTM parsing failed flags.readFromStream(s) at 159
05-07 08:39:04.495 W/skia    (  529): AGTM parsing failed flags.readFromStream(s) at 159
05-07 08:39:04.530 W/skia    (  529): AGTM parsing failed flags.readFromStream(s) at 159
05-07 08:39:04.530 W/skia    (  529): AGTM parsing failed flags.readFromStream(s) at 159
05-07 08:39:04.530 W/skia    (  529): AGTM parsing failed flags.readFromStream(s) at 159
05-07 08:39:04.530 W/skia    (  529): AGTM parsing failed flags.readFromStream(s) at 159
05-07 08:39:04.530 W/skia    (  529): AGTM parsing failed flags.readFromStream(s) at 159
05-07 08:39:04.531 W/skia    (  529): AGTM parsing failed flags.readFromStream(s) at 159
05-07 08:39:04.531 W/skia    (  529): AGTM parsing failed flags.readFromStream(s) at 159
05-07 08:39:04.540 W/skia    (  529): AGTM parsing failed flags.readFromStream(s) at 159
05-07 08:39:04.540 W/skia    (  529): AGTM parsing failed flags.readFromStream(s) at 159
05-07 08:39:04.641 W/skia    (  529): AGTM parsing failed flags.readFromStream(s) at 159
05-07 08:39:04.641 W/skia    (  529): AGTM parsing failed flags.readFromStream(s) at 159
05-07 08:39:05.021 W/JobInfo (18040): Job 'com.android.vending/com.google.android.finsky.scheduler.process.mainimpl.PhoneskyJobServiceMain#9381' has a deadline with no functional constraints. The deadline won't improve job execution latency. Consider removing the deadline.
05-07 08:39:05.022 W/JobInfo (  707): Job 'com.android.vending/com.google.android.finsky.scheduler.process.mainimpl.PhoneskyJobServiceMain#9381' has a deadline with no functional constraints. The deadline won't improve job execution latency. Consider removing the deadline.
05-07 08:39:05.298 W/AS.PlaybackActivityMon(  707): No piid assigned for invalid/internal port id 15
05-07 08:39:05.300 W/AS.PlaybackActivityMon(  707): No piid assigned for invalid/internal port id 15
05-07 08:39:05.328 W/skia    (  529): AGTM parsing failed flags.readFromStream(s) at 159
05-07 08:39:05.328 W/skia    (  529): AGTM parsing failed flags.readFromStream(s) at 159
05-07 08:39:05.328 W/skia    (  529): AGTM parsing failed flags.readFromStream(s) at 159
05-07 08:39:05.328 W/skia    (  529): AGTM parsing failed flags.readFromStream(s) at 159
05-07 08:39:05.328 W/skia    (  529): AGTM parsing failed flags.readFromStream(s) at 159
05-07 08:39:05.328 W/skia    (  529): AGTM parsing failed flags.readFromStream(s) at 159
05-07 08:39:05.328 W/skia    (  529): AGTM parsing failed flags.readFromStream(s) at 159
05-07 08:39:05.331 W/skia    (  529): AGTM parsing failed flags.readFromStream(s) at 159
05-07 08:39:05.331 W/skia    (  529): AGTM parsing failed flags.readFromStream(s) at 159
05-07 08:39:05.344 W/skia    (  529): AGTM parsing failed flags.readFromStream(s) at 159
05-07 08:39:05.345 W/skia    (  529): AGTM parsing failed flags.readFromStream(s) at 159
05-07 08:39:05.345 W/skia    (  529): AGTM parsing failed flags.readFromStream(s) at 159
05-07 08:39:05.345 W/skia    (  529): AGTM parsing failed flags.readFromStream(s) at 159
05-07 08:39:05.345 W/skia    (  529): AGTM parsing failed flags.readFromStream(s) at 159
05-07 08:39:05.345 W/skia    (  529): AGTM parsing failed flags.readFromStream(s) at 159
05-07 08:39:05.345 W/skia    (  529): AGTM parsing failed flags.readFromStream(s) at 159
05-07 08:39:05.378 W/skia    (  529): AGTM parsing failed flags.readFromStream(s) at 159
05-07 08:39:05.378 W/skia    (  529): AGTM parsing failed flags.readFromStream(s) at 159
05-07 08:39:05.378 W/skia    (  529): AGTM parsing failed flags.readFromStream(s) at 159
05-07 08:39:05.378 W/skia    (  529): AGTM parsing failed flags.readFromStream(s) at 159
05-07 08:39:05.378 W/skia    (  529): AGTM parsing failed flags.readFromStream(s) at 159
05-07 08:39:05.378 W/skia    (  529): AGTM parsing failed flags.readFromStream(s) at 159
05-07 08:39:05.378 W/skia    (  529): AGTM parsing failed flags.readFromStream(s) at 159
05-07 08:39:05.395 W/skia    (  529): AGTM parsing failed flags.readFromStream(s) at 159
05-07 08:39:05.395 W/skia    (  529): AGTM parsing failed flags.readFromStream(s) at 159
05-07 08:39:05.395 W/skia    (  529): AGTM parsing failed flags.readFromStream(s) at 159
05-07 08:39:05.395 W/skia    (  529): AGTM parsing failed flags.readFromStream(s) at 159
05-07 08:39:05.395 W/skia    (  529): AGTM parsing failed flags.readFromStream(s) at 159
05-07 08:39:05.395 W/skia    (  529): AGTM parsing failed flags.readFromStream(s) at 159
05-07 08:39:05.395 W/skia    (  529): AGTM parsing failed flags.readFromStream(s) at 159
05-07 08:39:05.411 W/skia    (  529): AGTM parsing failed flags.readFromStream(s) at 159
05-07 08:39:05.411 W/skia    (  529): AGTM parsing failed flags.readFromStream(s) at 159
05-07 08:39:05.411 W/skia    (  529): AGTM parsing failed flags.readFromStream(s) at 159
05-07 08:39:05.411 W/skia    (  529): AGTM parsing failed flags.readFromStream(s) at 159
05-07 08:39:05.411 W/skia    (  529): AGTM parsing failed flags.readFromStream(s) at 159
05-07 08:39:05.411 W/skia    (  529): AGTM parsing failed flags.readFromStream(s) at 159
05-07 08:39:05.411 W/skia    (  529): AGTM parsing failed flags.readFromStream(s) at 159
05-07 08:39:05.427 W/skia    (  529): AGTM parsing failed flags.readFromStream(s) at 159
05-07 08:39:05.428 W/skia    (  529): AGTM parsing failed flags.readFromStream(s) at 159
05-07 08:39:05.428 W/skia    (  529): AGTM parsing failed flags.readFromStream(s) at 159
05-07 08:39:05.428 W/skia    (  529): AGTM parsing failed flags.readFromStream(s) at 159
05-07 08:39:05.428 W/skia    (  529): AGTM parsing failed flags.readFromStream(s) at 159
05-07 08:39:05.428 W/skia    (  529): AGTM parsing failed flags.readFromStream(s) at 159
05-07 08:39:05.428 W/skia    (  529): AGTM parsing failed flags.readFromStream(s) at 159
05-07 08:39:05.432 W/skia    (  529): AGTM parsing failed flags.readFromStream(s) at 159
05-07 08:39:05.432 W/skia    (  529): AGTM parsing failed flags.readFromStream(s) at 159
05-07 08:39:05.444 W/skia    (  529): AGTM parsing failed flags.readFromStream(s) at 159
05-07 08:39:05.445 W/skia    (  529): AGTM parsing failed flags.readFromStream(s) at 159
05-07 08:39:05.445 W/skia    (  529): AGTM parsing failed flags.readFromStream(s) at 159
05-07 08:39:05.445 W/skia    (  529): AGTM parsing failed flags.readFromStream(s) at 159
05-07 08:39:05.445 W/skia    (  529): AGTM parsing failed flags.readFromStream(s) at 159
05-07 08:39:05.445 W/skia    (  529): AGTM parsing failed flags.readFromStream(s) at 159
05-07 08:39:05.445 W/skia    (  529): AGTM parsing failed flags.readFromStream(s) at 159
05-07 08:39:05.461 W/skia    (  529): AGTM parsing failed flags.readFromStream(s) at 159
05-07 08:39:05.461 W/skia    (  529): AGTM parsing failed flags.readFromStream(s) at 159
05-07 08:39:05.461 W/skia    (  529): AGTM parsing failed flags.readFromStream(s) at 159
05-07 08:39:05.461 W/skia    (  529): AGTM parsing failed flags.readFromStream(s) at 159
05-07 08:39:05.461 W/skia    (  529): AGTM parsing failed flags.readFromStream(s) at 159
05-07 08:39:05.461 W/skia    (  529): AGTM parsing failed flags.readFromStream(s) at 159
05-07 08:39:05.461 W/skia    (  529): AGTM parsing failed flags.readFromStream(s) at 159
05-07 08:39:05.478 W/skia    (  529): AGTM parsing failed flags.readFromStream(s) at 159
05-07 08:39:05.478 W/skia    (  529): AGTM parsing failed flags.readFromStream(s) at 159
05-07 08:39:05.478 W/skia    (  529): AGTM parsing failed flags.readFromStream(s) at 159
05-07 08:39:05.478 W/skia    (  529): AGTM parsing failed flags.readFromStream(s) at 159
05-07 08:39:05.478 W/skia    (  529): AGTM parsing failed flags.readFromStream(s) at 159
05-07 08:39:05.478 W/skia    (  529): AGTM parsing failed flags.readFromStream(s) at 159
05-07 08:39:05.478 W/skia    (  529): AGTM parsing failed flags.readFromStream(s) at 159
05-07 08:39:05.495 W/skia    (  529): AGTM parsing failed flags.readFromStream(s) at 159
05-07 08:39:05.495 W/skia    (  529): AGTM parsing failed flags.readFromStream(s) at 159
05-07 08:39:05.495 W/skia    (  529): AGTM parsing failed flags.readFromStream(s) at 159
05-07 08:39:05.495 W/skia    (  529): AGTM parsing failed flags.readFromStream(s) at 159
05-07 08:39:05.495 W/skia    (  529): AGTM parsing failed flags.readFromStream(s) at 159
05-07 08:39:05.495 W/skia    (  529): AGTM parsing failed flags.readFromStream(s) at 159
05-07 08:39:05.495 W/skia    (  529): AGTM parsing failed flags.readFromStream(s) at 159
05-07 08:39:05.511 W/skia    (  529): AGTM parsing failed flags.readFromStream(s) at 159
05-07 08:39:05.511 W/skia    (  529): AGTM parsing failed flags.readFromStream(s) at 159
05-07 08:39:05.511 W/skia    (  529): AGTM parsing failed flags.readFromStream(s) at 159
05-07 08:39:05.511 W/skia    (  529): AGTM parsing failed flags.readFromStream(s) at 159
05-07 08:39:05.511 W/skia    (  529): AGTM parsing failed flags.readFromStream(s) at 159
05-07 08:39:05.511 W/skia    (  529): AGTM parsing failed flags.readFromStream(s) at 159
05-07 08:39:05.511 W/skia    (  529): AGTM parsing failed flags.readFromStream(s) at 159
05-07 08:39:05.528 W/skia    (  529): AGTM parsing failed flags.readFromStream(s) at 159
05-07 08:39:05.528 W/skia    (  529): AGTM parsing failed flags.readFromStream(s) at 159
05-07 08:39:05.528 W/skia    (  529): AGTM parsing failed flags.readFromStream(s) at 159
05-07 08:39:05.528 W/skia    (  529): AGTM parsing failed flags.readFromStream(s) at 159
05-07 08:39:05.528 W/skia    (  529): AGTM parsing failed flags.readFromStream(s) at 159
05-07 08:39:05.528 W/skia    (  529): AGTM parsing failed flags.readFromStream(s) at 159
05-07 08:39:05.528 W/skia    (  529): AGTM parsing failed flags.readFromStream(s) at 159
05-07 08:39:05.535 W/skia    (  529): AGTM parsing failed flags.readFromStream(s) at 159
05-07 08:39:05.535 W/skia    (  529): AGTM parsing failed flags.readFromStream(s) at 159
05-07 08:39:05.544 W/skia    (  529): AGTM parsing failed flags.readFromStream(s) at 159
05-07 08:39:05.545 W/skia    (  529): AGTM parsing failed flags.readFromStream(s) at 159
05-07 08:39:05.545 W/skia    (  529): AGTM parsing failed flags.readFromStream(s) at 159
05-07 08:39:05.545 W/skia    (  529): AGTM parsing failed flags.readFromStream(s) at 159
05-07 08:39:05.545 W/skia    (  529): AGTM parsing failed flags.readFromStream(s) at 159
05-07 08:39:05.545 W/skia    (  529): AGTM parsing failed flags.readFromStream(s) at 159
05-07 08:39:05.545 W/skia    (  529): AGTM parsing failed flags.readFromStream(s) at 159
05-07 08:39:05.561 W/skia    (  529): AGTM parsing failed flags.readFromStream(s) at 159
05-07 08:39:05.561 W/skia    (  529): AGTM parsing failed flags.readFromStream(s) at 159
05-07 08:39:05.561 W/skia    (  529): AGTM parsing failed flags.readFromStream(s) at 159
05-07 08:39:05.561 W/skia    (  529): AGTM parsing failed flags.readFromStream(s) at 159
05-07 08:39:05.561 W/skia    (  529): AGTM parsing failed flags.readFromStream(s) at 159
05-07 08:39:05.561 W/skia    (  529): AGTM parsing failed flags.readFromStream(s) at 159
05-07 08:39:05.561 W/skia    (  529): AGTM parsing failed flags.readFromStream(s) at 159
05-07 08:39:05.578 W/skia    (  529): AGTM parsing failed flags.readFromStream(s) at 159
05-07 08:39:05.578 W/skia    (  529): AGTM parsing failed flags.readFromStream(s) at 159
05-07 08:39:05.578 W/skia    (  529): AGTM parsing failed flags.readFromStream(s) at 159
05-07 08:39:05.578 W/skia    (  529): AGTM parsing failed flags.readFromStream(s) at 159
05-07 08:39:05.578 W/skia    (  529): AGTM parsing failed flags.readFromStream(s) at 159
05-07 08:39:05.578 W/skia    (  529): AGTM parsing failed flags.readFromStream(s) at 159
05-07 08:39:05.578 W/skia    (  529): AGTM parsing failed flags.readFromStream(s) at 159
05-07 08:39:05.594 W/skia    (  529): AGTM parsing failed flags.readFromStream(s) at 159
05-07 08:39:05.595 W/skia    (  529): AGTM parsing failed flags.readFromStream(s) at 159
05-07 08:39:05.595 W/skia    (  529): AGTM parsing failed flags.readFromStream(s) at 159
05-07 08:39:05.595 W/skia    (  529): AGTM parsing failed flags.readFromStream(s) at 159
05-07 08:39:05.595 W/skia    (  529): AGTM parsing failed flags.readFromStream(s) at 159
05-07 08:39:05.595 W/skia    (  529): AGTM parsing failed flags.readFromStream(s) at 159
05-07 08:39:05.595 W/skia    (  529): AGTM parsing failed flags.readFromStream(s) at 159
05-07 08:39:05.611 W/skia    (  529): AGTM parsing failed flags.readFromStream(s) at 159
05-07 08:39:05.612 W/skia    (  529): AGTM parsing failed flags.readFromStream(s) at 159
05-07 08:39:05.612 W/skia    (  529): AGTM parsing failed flags.readFromStream(s) at 159
05-07 08:39:05.612 W/skia    (  529): AGTM parsing failed flags.readFromStream(s) at 159
