--------- beginning of main
05-07 09:00:41.016 W/skia    (  529): AGTM parsing failed flags.readFromStream(s) at 159
05-07 09:00:41.339 W/InputChannel-JNI(22939): Channel already disposed.
05-07 09:00:41.351 W/skia    (  529): AGTM parsing failed flags.readFromStream(s) at 159
05-07 09:00:41.454 W/skia    (  529): AGTM parsing failed flags.readFromStream(s) at 159
05-07 09:00:41.482 W/InputChannel-JNI(22939): Channel already disposed.
05-07 09:00:41.587 W/skia    (  529): AGTM parsing failed flags.readFromStream(s) at 159
05-07 09:00:41.687 W/skia    (  529): AGTM parsing failed flags.readFromStream(s) at 159
05-07 09:00:42.117 W/InputChannel-JNI(22939): Channel already disposed.
05-07 09:00:42.134 W/skia    (  529): AGTM parsing failed flags.readFromStream(s) at 159
05-07 09:00:42.178 W/InputChannel-JNI(22939): Channel already disposed.
05-07 09:00:42.239 W/skia    (  529): AGTM parsing failed flags.readFromStream(s) at 159
05-07 09:00:42.341 W/skia    (  529): AGTM parsing failed flags.readFromStream(s) at 159
05-07 09:00:45.728 W/InputChannel-JNI(22939): Channel already disposed.
05-07 09:00:45.737 W/skia    (  529): AGTM parsing failed flags.readFromStream(s) at 159
05-07 09:00:45.838 W/skia    (  529): AGTM parsing failed flags.readFromStream(s) at 159
05-07 09:00:45.846 W/InputChannel-JNI(22939): Channel already disposed.
05-07 09:00:45.940 W/skia    (  529): AGTM parsing failed flags.readFromStream(s) at 159
05-07 09:00:46.042 W/skia    (  529): AGTM parsing failed flags.readFromStream(s) at 159
05-07 09:00:49.056 W/InputChannel-JNI(22939): Channel already disposed.
05-07 09:00:49.069 W/skia    (  529): AGTM parsing failed flags.readFromStream(s) at 159
05-07 09:00:49.170 W/skia    (  529): AGTM parsing failed flags.readFromStream(s) at 159
05-07 09:00:50.170 W/InputChannel-JNI(22939): Channel already disposed.
05-07 09:00:50.185 W/skia    (  529): AGTM parsing failed flags.readFromStream(s) at 159
05-07 09:00:50.287 W/skia    (  529): AGTM parsing failed flags.readFromStream(s) at 159
05-07 09:00:50.996 W/InputChannel-JNI(22939): Channel already disposed.
05-07 09:00:51.038 W/skia    (  529): AGTM parsing failed flags.readFromStream(s) at 159
05-07 09:00:51.140 W/skia    (  529): AGTM parsing failed flags.readFromStream(s) at 159
05-07 09:00:51.460 W/libbinder.IPCThreadState(22939): Sending oneway calls to frozen process.
05-07 09:00:51.460 W/libbinder.IPCThreadState(22939): Sending oneway calls to frozen process.
05-07 09:00:51.461 W/libbinder.IPCThreadState(22939): Sending oneway calls to frozen process.
05-07 09:00:51.461 W/libbinder.IPCThreadState(22939): Sending oneway calls to frozen process.
05-07 09:00:51.461 W/libbinder.IPCThreadState(22939): Sending oneway calls to frozen process.
05-07 09:00:51.461 W/libbinder.IPCThreadState(22939): Sending oneway calls to frozen process.
05-07 09:00:54.465 W/libbinder.IPCThreadState(22939): Sending oneway calls to frozen process.
05-07 09:00:54.466 W/libbinder.IPCThreadState(22939): Sending oneway calls to frozen process.
05-07 09:00:54.466 W/libbinder.IPCThreadState(22939): Sending oneway calls to frozen process.
05-07 09:00:54.466 W/libbinder.IPCThreadState(22939): Sending oneway calls to frozen process.
05-07 09:00:54.468 W/libbinder.IPCThreadState(22939): Sending oneway calls to frozen process.
05-07 09:00:54.468 W/libbinder.IPCThreadState(22939): Sending oneway calls to frozen process.
05-07 09:01:00.189 W/skia    (  529): AGTM parsing failed flags.readFromStream(s) at 159
05-07 09:01:03.500 W/libbinder.IPCThreadState(22939): Sending oneway calls to frozen process.
05-07 09:01:03.501 W/libbinder.IPCThreadState(22939): Sending oneway calls to frozen process.
05-07 09:01:03.501 W/libbinder.IPCThreadState(22939): Sending oneway calls to frozen process.
05-07 09:01:03.501 W/libbinder.IPCThreadState(22939): Sending oneway calls to frozen process.
05-07 09:01:03.501 W/libbinder.IPCThreadState(22939): Sending oneway calls to frozen process.
05-07 09:01:03.502 W/libbinder.IPCThreadState(22939): Sending oneway calls to frozen process.
05-07 09:01:05.130 W/InputChannel-JNI(22939): Channel already disposed.
05-07 09:01:05.196 W/skia    (  529): AGTM parsing failed flags.readFromStream(s) at 159
05-07 09:01:05.296 W/skia    (  529): AGTM parsing failed flags.readFromStream(s) at 159
05-07 09:01:09.528 W/libbinder.IPCThreadState(22939): Sending oneway calls to frozen process.
05-07 09:01:09.528 W/libbinder.IPCThreadState(22939): Sending oneway calls to frozen process.
05-07 09:01:09.528 W/libbinder.IPCThreadState(22939): Sending oneway calls to frozen process.
05-07 09:01:09.529 W/libbinder.IPCThreadState(22939): Sending oneway calls to frozen process.
05-07 09:01:09.529 W/libbinder.IPCThreadState(22939): Sending oneway calls to frozen process.
05-07 09:01:09.529 W/libbinder.IPCThreadState(22939): Sending oneway calls to frozen process.
05-07 09:01:12.555 W/libbinder.IPCThreadState(22939): Sending oneway calls to frozen process.
05-07 09:01:12.555 W/libbinder.IPCThreadState(22939): Sending oneway calls to frozen process.
05-07 09:01:12.555 W/libbinder.IPCThreadState(22939): Sending oneway calls to frozen process.
05-07 09:01:12.557 W/libbinder.IPCThreadState(22939): Sending oneway calls to frozen process.
05-07 09:01:12.557 W/libbinder.IPCThreadState(22939): Sending oneway calls to frozen process.
05-07 09:01:12.557 W/libbinder.IPCThreadState(22939): Sending oneway calls to frozen process.
--------- beginning of system
05-07 09:01:13.663 W/ProcessStats(22939): Tracking association SourceState{243799b com.google.android.gms.persistent/10224 ImpBg #2492} whose proc state 6 is better than process ProcessState{c90be6 com.google.android.gms/10224 pkg=com.google.android.gms} proc state 14 (7 skipped)
05-07 09:01:15.553 W/libbinder.IPCThreadState(22939): Sending oneway calls to frozen process.
05-07 09:01:15.554 W/libbinder.IPCThreadState(22939): Sending oneway calls to frozen process.
05-07 09:01:15.554 W/libbinder.IPCThreadState(22939): Sending oneway calls to frozen process.
05-07 09:01:20.456 W/SP      (27446): File ref is being finalized but wasn't closed, file: 2023012316_en[13]
05-07 09:01:20.456 W/SP      (27446): File ref is being finalized but wasn't closed, file: 2023012316_en[13]
05-07 09:01:20.456 W/SP      (27446): File ref is being finalized but wasn't closed, file: 2023012316_en[13]
05-07 09:01:20.456 W/SP      (27446): File ref is being finalized but wasn't closed, file: 2023012316_en[13]
05-07 09:01:20.456 W/SP      (27446): File ref is being finalized but wasn't closed, file: 2023012316_en[13]
05-07 09:01:20.456 W/SP      (27446): File ref is being finalized but wasn't closed, file: 2023012316_en[13]
05-07 09:01:27.242 W/InputChannel-JNI(22939): Channel already disposed.
05-07 09:01:27.250 W/skia    (  529): AGTM parsing failed flags.readFromStream(s) at 159
05-07 09:01:27.352 W/skia    (  529): AGTM parsing failed flags.readFromStream(s) at 159
05-07 09:01:27.605 W/libbinder.IPCThreadState(22939): Sending oneway calls to frozen process.
05-07 09:01:27.605 W/libbinder.IPCThreadState(22939): Sending oneway calls to frozen process.
05-07 09:01:27.605 W/libbinder.IPCThreadState(22939): Sending oneway calls to frozen process.
05-07 09:01:27.605 W/libbinder.IPCThreadState(22939): Sending oneway calls to frozen process.
05-07 09:01:27.605 W/libbinder.IPCThreadState(22939): Sending oneway calls to frozen process.
05-07 09:01:27.605 W/libbinder.IPCThreadState(22939): Sending oneway calls to frozen process.
05-07 09:01:30.617 W/libbinder.IPCThreadState(22939): Sending oneway calls to frozen process.
05-07 09:01:30.617 W/libbinder.IPCThreadState(22939): Sending oneway calls to frozen process.
05-07 09:01:30.617 W/libbinder.IPCThreadState(22939): Sending oneway calls to frozen process.
05-07 09:01:30.618 W/libbinder.IPCThreadState(22939): Sending oneway calls to frozen process.
05-07 09:01:30.618 W/libbinder.IPCThreadState(22939): Sending oneway calls to frozen process.
05-07 09:01:30.620 W/libbinder.IPCThreadState(22939): Sending oneway calls to frozen process.
05-07 09:01:31.000 W/skia    (  529): AGTM parsing failed flags.readFromStream(s) at 159
05-07 09:01:33.623 W/libbinder.IPCThreadState(22939): Sending oneway calls to frozen process.
05-07 09:01:33.623 W/libbinder.IPCThreadState(22939): Sending oneway calls to frozen process.
05-07 09:01:33.623 W/libbinder.IPCThreadState(22939): Sending oneway calls to frozen process.
05-07 09:01:33.623 W/libbinder.IPCThreadState(22939): Sending oneway calls to frozen process.
05-07 09:01:33.625 W/libbinder.IPCThreadState(22939): Sending oneway calls to frozen process.
05-07 09:01:33.625 W/libbinder.IPCThreadState(22939): Sending oneway calls to frozen process.
05-07 09:01:36.639 W/libbinder.IPCThreadState(22939): Sending oneway calls to frozen process.
05-07 09:01:36.639 W/libbinder.IPCThreadState(22939): Sending oneway calls to frozen process.
05-07 09:01:36.640 W/libbinder.IPCThreadState(22939): Sending oneway calls to frozen process.
05-07 09:01:36.641 W/libbinder.IPCThreadState(22939): Sending oneway calls to frozen process.
05-07 09:01:36.641 W/libbinder.IPCThreadState(22939): Sending oneway calls to frozen process.
05-07 09:01:36.642 W/libbinder.IPCThreadState(22939): Sending oneway calls to frozen process.
05-07 09:01:39.648 W/libbinder.IPCThreadState(22939): Sending oneway calls to frozen process.
05-07 09:01:39.648 W/libbinder.IPCThreadState(22939): Sending oneway calls to frozen process.
05-07 09:01:39.649 W/libbinder.IPCThreadState(22939): Sending oneway calls to frozen process.
05-07 09:01:39.649 W/libbinder.IPCThreadState(22939): Sending oneway calls to frozen process.
05-07 09:01:39.649 W/libbinder.IPCThreadState(22939): Sending oneway calls to frozen process.
05-07 09:01:39.650 W/libbinder.IPCThreadState(22939): Sending oneway calls to frozen process.
05-07 09:01:54.653 W/binder:22939_19(22939): type=1400 audit(0.0:46): avc:  denied  { getopt } for  scontext=u:r:system_server:s0 tcontext=u:r:shell:s0 tclass=unix_stream_socket permissive=0
05-07 09:01:54.653 W/binder:22939_19(22939): type=1400 audit(0.0:47): avc:  denied  { getopt } for  scontext=u:r:system_server:s0 tcontext=u:r:shell:s0 tclass=unix_stream_socket permissive=0
05-07 09:01:54.653 W/binder:22939_19(22939): type=1400 audit(0.0:48): avc:  denied  { getopt } for  scontext=u:r:system_server:s0 tcontext=u:r:shell:s0 tclass=unix_stream_socket permissive=0
05-07 09:01:54.807 W/libbinder.IPCThreadState(22939): Sending oneway calls to frozen process.
05-07 09:01:54.807 W/libbinder.IPCThreadState(22939): Sending oneway calls to frozen process.
05-07 09:01:54.840 W/libbinder.IPCThreadState(22939): Sending oneway calls to frozen process.
05-07 09:01:54.849 W/libbinder.IPCThreadState(22939): Sending oneway calls to frozen process.
05-07 09:01:54.867 W/libbinder.IPCThreadState(22939): Sending oneway calls to frozen process.
05-07 09:01:54.877 W/libbinder.IPCThreadState(22939): Sending oneway calls to frozen process.
05-07 09:01:54.902 W/libbinder.IPCThreadState(22939): Sending oneway calls to frozen process.
05-07 09:01:54.909 W/libbinder.IPCThreadState(22939): Sending oneway calls to frozen process.
05-07 09:01:54.922 W/libbinder.IPCThreadState(22939): Sending oneway calls to frozen process.
05-07 09:01:54.945 W/libbinder.IPCThreadState(22939): Sending oneway calls to frozen process.
05-07 09:01:54.959 W/libbinder.IPCThreadState(22939): Sending oneway calls to frozen process.
05-07 09:01:54.964 W/libbinder.IPCThreadState(22939): Sending oneway calls to frozen process.
05-07 09:01:54.971 W/libbinder.IPCThreadState(22939): Sending oneway calls to frozen process.
05-07 09:01:54.982 W/libbinder.IPCThreadState(22939): Sending oneway calls to frozen process.
05-07 09:01:54.985 W/libbinder.IPCThreadState(22939): Sending oneway calls to frozen process.
05-07 09:01:54.991 W/libbinder.IPCThreadState(22939): Sending oneway calls to frozen process.
05-07 09:01:54.998 W/libbinder.IPCThreadState(22939): Sending oneway calls to frozen process.
05-07 09:01:55.006 W/libbinder.IPCThreadState(22939): Sending oneway calls to frozen process.
05-07 09:01:55.017 W/libbinder.IPCThreadState(22939): Sending oneway calls to frozen process.
05-07 09:01:55.027 W/libbinder.IPCThreadState(22939): Sending oneway calls to frozen process.
05-07 09:01:55.054 W/libbinder.IPCThreadState(22939): Sending oneway calls to frozen process.
05-07 09:01:55.067 W/libbinder.IPCThreadState(22939): Sending oneway calls to frozen process.
05-07 09:01:55.081 W/libbinder.IPCThreadState(22939): Sending oneway calls to frozen process.
05-07 09:01:55.089 W/libbinder.IPCThreadState(22939): Sending oneway calls to frozen process.
05-07 09:01:55.094 W/libbinder.IPCThreadState(22939): Sending oneway calls to frozen process.
05-07 09:01:55.107 W/libbinder.IPCThreadState(22939): Sending oneway calls to frozen process.
05-07 09:01:55.115 W/libbinder.IPCThreadState(22939): Sending oneway calls to frozen process.
05-07 09:01:55.118 W/libbinder.IPCThreadState(22939): Sending oneway calls to frozen process.
05-07 09:01:55.129 W/libbinder.IPCThreadState(22939): Sending oneway calls to frozen process.
05-07 09:01:55.138 W/libbinder.IPCThreadState(22939): Sending oneway calls to frozen process.
05-07 09:01:55.151 W/libbinder.IPCThreadState(22939): Sending oneway calls to frozen process.
05-07 09:01:55.162 W/libbinder.IPCThreadState(22939): Sending oneway calls to frozen process.
05-07 09:01:55.172 W/libbinder.IPCThreadState(22939): Sending oneway calls to frozen process.
05-07 09:01:55.181 W/libbinder.IPCThreadState(22939): Sending oneway calls to frozen process.
05-07 09:01:55.195 W/libbinder.IPCThreadState(22939): Sending oneway calls to frozen process.
05-07 09:01:55.207 W/libbinder.IPCThreadState(22939): Sending oneway calls to frozen process.
05-07 09:01:55.214 W/libbinder.IPCThreadState(22939): Sending oneway calls to frozen process.
05-07 09:01:55.234 W/libbinder.IPCThreadState(22939): Sending oneway calls to frozen process.
05-07 09:01:55.240 W/libbinder.IPCThreadState(22939): Sending oneway calls to frozen process.
05-07 09:01:55.254 W/libbinder.IPCThreadState(22939): Sending oneway calls to frozen process.
05-07 09:01:55.262 W/libbinder.IPCThreadState(22939): Sending oneway calls to frozen process.
05-07 09:01:55.268 W/libbinder.IPCThreadState(22939): Sending oneway calls to frozen process.
05-07 09:01:55.272 W/libbinder.IPCThreadState(22939): Sending oneway calls to frozen process.
05-07 09:01:55.279 W/libbinder.IPCThreadState(22939): Sending oneway calls to frozen process.
05-07 09:01:55.285 W/libbinder.IPCThreadState(22939): Sending oneway calls to frozen process.
05-07 09:01:55.291 W/libbinder.IPCThreadState(22939): Sending oneway calls to frozen process.
05-07 09:01:55.298 W/libbinder.IPCThreadState(22939): Sending oneway calls to frozen process.
05-07 09:01:55.302 W/libbinder.IPCThreadState(22939): Sending oneway calls to frozen process.
05-07 09:01:55.314 W/libbinder.IPCThreadState(22939): Sending oneway calls to frozen process.
05-07 09:01:55.326 W/libbinder.IPCThreadState(22939): Sending oneway calls to frozen process.
05-07 09:01:55.334 W/libbinder.IPCThreadState(22939): Sending oneway calls to frozen process.
05-07 09:01:55.344 W/libbinder.IPCThreadState(22939): Sending oneway calls to frozen process.
05-07 09:01:55.350 W/libbinder.IPCThreadState(22939): Sending oneway calls to frozen process.
05-07 09:01:55.356 W/libbinder.IPCThreadState(22939): Sending oneway calls to frozen process.
05-07 09:01:55.371 W/libbinder.IPCThreadState(22939): Sending oneway calls to frozen process.
05-07 09:01:55.382 W/libbinder.IPCThreadState(22939): Sending oneway calls to frozen process.
05-07 09:01:55.398 W/libbinder.IPCThreadState(22939): Sending oneway calls to frozen process.
05-07 09:01:55.409 W/libbinder.IPCThreadState(22939): Sending oneway calls to frozen process.
05-07 09:01:55.425 W/libbinder.IPCThreadState(22939): Sending oneway calls to frozen process.
05-07 09:01:55.434 W/libbinder.IPCThreadState(22939): Sending oneway calls to frozen process.
05-07 09:01:55.444 W/libbinder.IPCThreadState(22939): Sending oneway calls to frozen process.
05-07 09:01:55.453 W/libbinder.IPCThreadState(22939): Sending oneway calls to frozen process.
05-07 09:01:55.456 W/libbinder.IPCThreadState(22939): Sending oneway calls to frozen process.
05-07 09:01:55.459 W/libbinder.IPCThreadState(22939): Sending oneway calls to frozen process.
05-07 09:01:55.463 W/libbinder.IPCThreadState(22939): Sending oneway calls to frozen process.
05-07 09:01:55.469 W/libbinder.IPCThreadState(22939): Sending oneway calls to frozen process.
05-07 09:01:55.481 W/libbinder.IPCThreadState(22939): Sending oneway calls to frozen process.
05-07 09:01:55.495 W/libbinder.IPCThreadState(22939): Sending oneway calls to frozen process.
05-07 09:01:55.512 W/libbinder.IPCThreadState(22939): Sending oneway calls to frozen process.
05-07 09:01:55.520 W/libbinder.IPCThreadState(22939): Sending oneway calls to frozen process.
05-07 09:01:55.523 W/libbinder.IPCThreadState(22939): Sending oneway calls to frozen process.
05-07 09:01:55.529 W/libbinder.IPCThreadState(22939): Sending oneway calls to frozen process.
05-07 09:01:55.533 W/libbinder.IPCThreadState(22939): Sending oneway calls to frozen process.
05-07 09:01:55.529 W/binder:22939_19(22939): type=1400 audit(0.0:49): avc:  denied  { getopt } for  scontext=u:r:system_server:s0 tcontext=u:r:shell:s0 tclass=unix_stream_socket permissive=0
05-07 09:01:55.536 W/libbinder.IPCThreadState(22939): Sending oneway calls to frozen process.
05-07 09:01:55.559 E/SystemServiceRegistry(22939): No service published for: persistent_data_block
05-07 09:01:55.559 E/SystemServiceRegistry(22939): android.os.ServiceManager$ServiceNotFoundException: No service published for: persistent_data_block
05-07 09:01:55.559 E/SystemServiceRegistry(22939): 	at android.os.ServiceManager.getServiceOrThrow(ServiceManager.java:176)
05-07 09:01:55.559 E/SystemServiceRegistry(22939): 	at android.app.SystemServiceRegistry$91.createService(SystemServiceRegistry.java:1299)
05-07 09:01:55.559 E/SystemServiceRegistry(22939): 	at android.app.SystemServiceRegistry$91.createService(SystemServiceRegistry.java:1296)
05-07 09:01:55.559 E/SystemServiceRegistry(22939): 	at android.app.SystemServiceRegistry$StaticServiceFetcher.getService(SystemServiceRegistry.java:2863)
05-07 09:01:55.559 E/SystemServiceRegistry(22939): 	at android.app.SystemServiceRegistry.getSystemService(SystemServiceRegistry.java:2297)
05-07 09:01:55.559 E/SystemServiceRegistry(22939): 	at android.app.ContextImpl.getSystemService(ContextImpl.java:2450)
05-07 09:01:55.559 E/SystemServiceRegistry(22939): 	at android.content.Context.getSystemService(Context.java:4916)
05-07 09:01:55.559 E/SystemServiceRegistry(22939): 	at com.android.server.pm.PackageInstallerSession.markAsSealed(PackageInstallerSession.java:2651)
05-07 09:01:55.559 E/SystemServiceRegistry(22939): 	at com.android.server.pm.PackageInstallerSession.commit(PackageInstallerSession.java:2401)
05-07 09:01:55.559 E/SystemServiceRegistry(22939): 	at android.content.pm.PackageInstaller$Session.commit(PackageInstaller.java:2345)
05-07 09:01:55.559 E/SystemServiceRegistry(22939): 	at com.android.server.pm.PackageManagerShellCommand.doCommitSession(PackageManagerShellCommand.java:4459)
05-07 09:01:55.559 E/SystemServiceRegistry(22939): 	at com.android.server.pm.PackageManagerShellCommand.doRunInstall(PackageManagerShellCommand.java:1656)
05-07 09:01:55.559 E/SystemServiceRegistry(22939): 	at com.android.server.pm.PackageManagerShellCommand.runInstall(PackageManagerShellCommand.java:1577)
05-07 09:01:55.559 E/SystemServiceRegistry(22939): 	at com.android.server.pm.PackageManagerShellCommand.onCommand(PackageManagerShellCommand.java:249)
05-07 09:01:55.559 E/SystemServiceRegistry(22939): 	at com.android.modules.utils.BasicShellCommandHandler.exec(BasicShellCommandHandler.java:97)
05-07 09:01:55.559 E/SystemServiceRegistry(22939): 	at android.os.ShellCommand.exec(ShellCommand.java:39)
05-07 09:01:55.559 E/SystemServiceRegistry(22939): 	at com.android.server.pm.PackageManagerService$IPackageManagerImpl.onShellCommand(PackageManagerService.java:7069)
05-07 09:01:55.559 E/SystemServiceRegistry(22939): 	at android.os.Binder.shellCommand(Binder.java:1088)
05-07 09:01:55.559 E/SystemServiceRegistry(22939): 	at android.os.Binder.onTransact(Binder.java:946)
05-07 09:01:55.559 E/SystemServiceRegistry(22939): 	at android.content.pm.IPackageManager$Stub.onTransact(IPackageManager.java:4786)
05-07 09:01:55.559 E/SystemServiceRegistry(22939): 	at com.android.server.pm.PackageManagerService$IPackageManagerImpl.onTransact(PackageManagerService.java:7053)
05-07 09:01:55.559 E/SystemServiceRegistry(22939): 	at android.os.Binder.execTransactInternal(Binder.java:1369)
05-07 09:01:55.559 E/SystemServiceRegistry(22939): 	at android.os.Binder.execTransact(Binder.java:1323)
05-07 09:01:55.564 E/SystemServiceRegistry(22939): Manager wrapper not available: persistent_data_block
05-07 09:01:56.138 W/libbinder.IPCThreadState(22939): Sending oneway calls to frozen process.
05-07 09:01:56.160 W/libbinder.IPCThreadState(22939): Sending oneway calls to frozen process.
05-07 09:01:56.181 W/NativeLibraryHelper(22939): Failed to punch apk : /data/app/vmdl1009219331.tmp/base.apk at extra field
05-07 09:01:56.183 W/NativeLibraryHelper(22939): Failed to punch apk : /data/app/vmdl1009219331.tmp/base.apk at extra field
05-07 09:01:56.183 W/NativeLibraryHelper(22939): Failed to punch apk : /data/app/vmdl1009219331.tmp/base.apk at extra field
05-07 09:01:56.186 W/NativeLibraryHelper(22939): Failed to punch apk : /data/app/vmdl1009219331.tmp/base.apk at extra field
05-07 09:01:56.187 W/NativeLibraryHelper(22939): Failed to punch apk : /data/app/vmdl1009219331.tmp/base.apk at extra field
05-07 09:01:56.190 W/NativeLibraryHelper(22939): Failed to punch apk : /data/app/vmdl1009219331.tmp/base.apk at extra field
05-07 09:01:56.670 W/ActivityTaskManager(22939): Force removing ActivityRecord{245833680 u0 app.theprimeway.twa/.MainActivity t23 f}}: app died, no saved state
05-07 09:01:56.729 W/InputDispatcher(22939): channel '4be22f0 app.theprimeway.twa/app.theprimeway.twa.MainActivity' ~ Consumer closed input channel or an error occurred.  events=0x9
05-07 09:01:56.729 E/InputDispatcher(22939): channel '4be22f0 app.theprimeway.twa/app.theprimeway.twa.MainActivity' ~ Channel is unrecoverably broken and will be disposed!
05-07 09:01:56.784 W/InputChannel-JNI(27446): Channel already disposed.
05-07 09:01:56.815 W/DisconnectHandler(23243): No disconnect change found in the transition, not handling request.
05-07 09:01:56.959 W/ActivityManager(22939): Slow operation: 59ms so far, now at startProcess: done starting proc!
05-07 09:01:56.972 W/ActivityManager(22939): setHasOverlayUi called on unknown pid: 28472
05-07 09:01:56.983 W/Looper  (22939): Slow dispatch took 105ms android.ui app=system_server main=false group=TOP_APP h=com.android.server.am.ActivityManagerService$UiHandler c=null m=68
05-07 09:01:57.029 W/ActivityManager(22939): Slow operation: 108ms so far, now at startProcess: returned from zygote!
05-07 09:01:57.030 W/ActivityManager(22939): Slow operation: 108ms so far, now at startProcess: done updating battery stats
05-07 09:01:57.030 W/ActivityManager(22939): Slow operation: 109ms so far, now at startProcess: building log message
05-07 09:01:57.030 W/ActivityManager(22939): Slow operation: 109ms so far, now at startProcess: starting to update pids map
05-07 09:01:57.031 W/ActivityManager(22939): Slow operation: 110ms so far, now at startProcess: done updating pids map
05-07 09:01:57.071 W/WindowManager(22939): removeAppToken: Attempted to remove non-existing token: Token{12b42ce ActivityRecord{245833680 u0 app.theprimeway.twa/.MainActivity t23 f} isExiting}}
05-07 09:01:57.086 W/libbinder.IPCThreadState(22939): Sending oneway calls to frozen process.
05-07 09:01:57.086 W/libbinder.IPCThreadState(22939): Sending oneway calls to frozen process.
05-07 09:01:57.086 W/libbinder.IPCThreadState(22939): Sending oneway calls to frozen process.
05-07 09:01:57.086 W/libbinder.IPCThreadState(22939): Sending oneway calls to frozen process.
05-07 09:01:57.087 W/libbinder.IPCThreadState(22939): Sending oneway calls to frozen process.
05-07 09:01:57.087 W/libbinder.IPCThreadState(22939): Sending oneway calls to frozen process.
05-07 09:01:57.088 W/libbinder.IPCThreadState(22939): Sending oneway calls to frozen process.
05-07 09:01:57.092 W/libbinder.IPCThreadState(22939): Sending oneway calls to frozen process.
05-07 09:01:57.092 W/libbinder.IPCThreadState(22939): Sending oneway calls to frozen process.
05-07 09:01:57.092 W/libbinder.IPCThreadState(22939): Sending oneway calls to frozen process.
05-07 09:01:57.092 W/libbinder.IPCThreadState(22939): Sending oneway calls to frozen process.
05-07 09:01:57.093 W/libbinder.IPCThreadState(22939): Sending oneway calls to frozen process.
05-07 09:01:57.093 W/libbinder.IPCThreadState(22939): Sending oneway calls to frozen process.
05-07 09:01:57.093 W/libbinder.IPCThreadState(22939): Sending oneway calls to frozen process.
05-07 09:01:57.093 W/libbinder.IPCThreadState(22939): Sending oneway calls to frozen process.
05-07 09:01:57.093 W/libbinder.IPCThreadState(22939): Sending oneway calls to frozen process.
05-07 09:01:57.093 W/libbinder.IPCThreadState(22939): Sending oneway calls to frozen process.
05-07 09:01:57.094 W/libbinder.IPCThreadState(22939): Sending oneway calls to frozen process.
05-07 09:01:57.145 W/.adservices.api(29000): Unexpected CPU variant for x86: x86_64.
05-07 09:01:57.145 W/.adservices.api(29000): Known variants: atom, sandybridge, silvermont, goldmont, goldmont-plus, goldmont-without-sha-xsaves, tremont, kabylake, alderlake, pantherlake, default
05-07 09:01:57.223 W/skia    (  529): AGTM parsing failed flags.readFromStream(s) at 159
05-07 09:01:57.250 W/Looper  (22939): Slow dispatch took 129ms main app=system_server main=true group=FOREGROUND h=android.app.ActivityThread$H c=android.app.LoadedApk$ReceiverDispatcher$Args$$ExternalSyntheticLambda0@45cb9a m=0
05-07 09:01:57.266 E/AppOps  (22939): attributionTag VCN not declared in manifest of android
05-07 09:01:57.279 W/ActivityTaskManager(22939): setRunningRemoteTransition: no process for null
05-07 09:01:57.279 W/skia    (  529): AGTM parsing failed flags.readFromStream(s) at 159
05-07 09:01:57.300 E/SmsApplication(23382): com.google.android.apps.messaging lost android:read_cell_broadcasts:  (fixing)
05-07 09:01:57.381 W/skia    (  529): AGTM parsing failed flags.readFromStream(s) at 159
05-07 09:01:57.445 W/InputChannel-JNI(22939): Channel already disposed.
05-07 09:01:57.491 W/skia    (  529): AGTM parsing failed flags.readFromStream(s) at 159
05-07 09:01:57.491 W/skia    (  529): AGTM parsing failed flags.readFromStream(s) at 159
05-07 09:01:57.491 W/skia    (  529): AGTM parsing failed flags.readFromStream(s) at 159
05-07 09:01:57.493 W/skia    (  529): AGTM parsing failed flags.readFromStream(s) at 159
05-07 09:01:57.493 W/skia    (  529): AGTM parsing failed flags.readFromStream(s) at 159
05-07 09:01:57.494 W/skia    (  529): AGTM parsing failed flags.readFromStream(s) at 159
05-07 09:01:57.494 W/skia    (  529): AGTM parsing failed flags.readFromStream(s) at 159
05-07 09:01:57.513 W/skia    (  529): AGTM parsing failed flags.readFromStream(s) at 159
05-07 09:01:57.513 W/skia    (  529): AGTM parsing failed flags.readFromStream(s) at 159
05-07 09:01:57.513 W/skia    (  529): AGTM parsing failed flags.readFromStream(s) at 159
05-07 09:01:57.513 W/skia    (  529): AGTM parsing failed flags.readFromStream(s) at 159
05-07 09:01:57.513 W/skia    (  529): AGTM parsing failed flags.readFromStream(s) at 159
05-07 09:01:57.513 W/skia    (  529): AGTM parsing failed flags.readFromStream(s) at 159
05-07 09:01:57.514 W/skia    (  529): AGTM parsing failed flags.readFromStream(s) at 159
05-07 09:01:57.530 W/skia    (  529): AGTM parsing failed flags.readFromStream(s) at 159
05-07 09:01:57.530 W/skia    (  529): AGTM parsing failed flags.readFromStream(s) at 159
05-07 09:01:57.530 W/skia    (  529): AGTM parsing failed flags.readFromStream(s) at 159
05-07 09:01:57.530 W/skia    (  529): AGTM parsing failed flags.readFromStream(s) at 159
05-07 09:01:57.530 W/skia    (  529): AGTM parsing failed flags.readFromStream(s) at 159
05-07 09:01:57.530 W/skia    (  529): AGTM parsing failed flags.readFromStream(s) at 159
05-07 09:01:57.531 W/skia    (  529): AGTM parsing failed flags.readFromStream(s) at 159
05-07 09:01:57.540 W/skia    (  529): AGTM parsing failed flags.readFromStream(s) at 159
05-07 09:01:57.540 W/skia    (  529): AGTM parsing failed flags.readFromStream(s) at 159
05-07 09:01:57.541 W/skia    (  529): AGTM parsing failed flags.readFromStream(s) at 159
05-07 09:01:57.547 W/libbinder.IPCThreadState(22939): Sending oneway calls to frozen process.
05-07 09:01:57.547 W/libbinder.IPCThreadState(22939): Sending oneway calls to frozen process.
05-07 09:01:57.553 W/libbinder.IPCThreadState(22939): Sending oneway calls to frozen process.
05-07 09:01:57.554 W/libbinder.IPCThreadState(22939): Sending oneway calls to frozen process.
05-07 09:01:57.555 W/libbinder.IPCThreadState(22939): Sending oneway calls to frozen process.
05-07 09:01:57.555 W/libbinder.IPCThreadState(22939): Sending oneway calls to frozen process.
05-07 09:01:57.555 W/libbinder.IPCThreadState(22939): Sending oneway calls to frozen process.
05-07 09:01:57.556 W/libbinder.IPCThreadState(22939): Sending oneway calls to frozen process.
05-07 09:01:57.559 W/libbinder.IPCThreadState(22939): Sending oneway calls to frozen process.
05-07 09:01:57.559 W/libbinder.IPCThreadState(22939): Sending oneway calls to frozen process.
05-07 09:01:57.559 W/libbinder.IPCThreadState(22939): Sending oneway calls to frozen process.
05-07 09:01:57.559 W/libbinder.IPCThreadState(22939): Sending oneway calls to frozen process.
05-07 09:01:57.560 W/libbinder.IPCThreadState(22939): Sending oneway calls to frozen process.
05-07 09:01:57.560 W/libbinder.IPCThreadState(22939): Sending oneway calls to frozen process.
05-07 09:01:57.562 W/libbinder.IPCThreadState(22939): Sending oneway calls to frozen process.
05-07 09:01:57.606 W/InputConnectionWrapper(27446): InputConnectionWrapper.recordDuration():1689 IPC IC_REQUEST_CURSOR_UPDATES took 120 ms
05-07 09:01:57.608 W/ApplicationInfo(22939): Large ApplicationInfo parcel: size=17700 package=com.google.android.googlequicksearchbox sharedLibs=3 resDirs=2 overlayPaths=2
05-07 09:01:57.609 W/ParceledListSlice(22939): Element #27 is 18868 bytes.
05-07 09:01:57.609 W/ApplicationInfo(22939): Large ApplicationInfo parcel: size=17700 package=com.google.android.googlequicksearchbox sharedLibs=3 resDirs=2 overlayPaths=2
05-07 09:01:57.609 W/ParceledListSlice(22939): Element #28 is 19048 bytes.
05-07 09:01:57.609 W/ApplicationInfo(22939): Large ApplicationInfo parcel: size=17700 package=com.google.android.googlequicksearchbox sharedLibs=3 resDirs=2 overlayPaths=2
05-07 09:01:57.609 W/ParceledListSlice(22939): Element #29 is 19260 bytes.
05-07 09:01:57.609 W/ApplicationInfo(22939): Large ApplicationInfo parcel: size=17700 package=com.google.android.googlequicksearchbox sharedLibs=3 resDirs=2 overlayPaths=2
05-07 09:01:57.609 W/ParceledListSlice(22939): Element #30 is 18772 bytes.
05-07 09:01:57.615 W/skia    (  529): AGTM parsing failed flags.readFromStream(s) at 159
05-07 09:01:57.615 W/skia    (  529): AGTM parsing failed flags.readFromStream(s) at 159
05-07 09:01:57.615 W/skia    (  529): AGTM parsing failed flags.readFromStream(s) at 159
05-07 09:01:57.615 W/skia    (  529): AGTM parsing failed flags.readFromStream(s) at 159
05-07 09:01:57.615 W/skia    (  529): AGTM parsing failed flags.readFromStream(s) at 159
05-07 09:01:57.616 W/skia    (  529): AGTM parsing failed flags.readFromStream(s) at 159
05-07 09:01:57.616 W/skia    (  529): AGTM parsing failed flags.readFromStream(s) at 159
05-07 09:01:57.646 W/skia    (  529): AGTM parsing failed flags.readFromStream(s) at 159
05-07 09:01:57.646 W/skia    (  529): AGTM parsing failed flags.readFromStream(s) at 159
05-07 09:01:57.646 W/skia    (  529): AGTM parsing failed flags.readFromStream(s) at 159
05-07 09:01:57.647 W/skia    (  529): AGTM parsing failed flags.readFromStream(s) at 159
05-07 09:01:57.647 W/skia    (  529): AGTM parsing failed flags.readFromStream(s) at 159
05-07 09:01:57.647 W/skia    (  529): AGTM parsing failed flags.readFromStream(s) at 159
05-07 09:01:57.647 W/skia    (  529): AGTM parsing failed flags.readFromStream(s) at 159
05-07 09:01:57.653 W/skia    (  529): AGTM parsing failed flags.readFromStream(s) at 159
05-07 09:01:57.653 W/skia    (  529): AGTM parsing failed flags.readFromStream(s) at 159
05-07 09:01:57.653 W/skia    (  529): AGTM parsing failed flags.readFromStream(s) at 159
05-07 09:01:57.678 W/NotificationCenter(27446): NotificationCenter$NotificationQueue.notifyPendingNotificationsOnExecutor():877 Heavy notify work detected on UI thread: [nhm->kxt, nhm->kxt, nhm->ilb, nhm->pnx, nhm->kxt, nhm->kxt, nhm->nge, nhm->kxt, nhm->kxt, nhm->gqd, nhm->mgr, nhm->kxt, nhm->kxt, nhm->lak, nhm->kxt, nhm->kux, nhm->mrv, nhm->ngn, nhm->gtb, nhm->eoz, nhm->kxt, nhm->hst, nhm->kxt, nhm->kxt, nhm->kxt, nhm->oyt, nhm->kxt] takes 58ms
05-07 09:01:57.682 W/ContentProviderHelper(22939): Slow operation: 110ms so far, now at getContentProviderImpl: after updateOomAdj
05-07 09:01:57.682 W/ContentProviderHelper(22939): Slow operation: 110ms so far, now at getContentProviderImpl: done!
05-07 09:01:57.696 W/skia    (  529): AGTM parsing failed flags.readFromStream(s) at 159
05-07 09:01:57.696 W/skia    (  529): AGTM parsing failed flags.readFromStream(s) at 159
05-07 09:01:57.697 W/skia    (  529): AGTM parsing failed flags.readFromStream(s) at 159
05-07 09:01:57.697 W/skia    (  529): AGTM parsing failed flags.readFromStream(s) at 159
05-07 09:01:57.697 W/skia    (  529): AGTM parsing failed flags.readFromStream(s) at 159
05-07 09:01:57.697 W/skia    (  529): AGTM parsing failed flags.readFromStream(s) at 159
05-07 09:01:57.697 W/skia    (  529): AGTM parsing failed flags.readFromStream(s) at 159
05-07 09:01:57.713 W/skia    (  529): AGTM parsing failed flags.readFromStream(s) at 159
05-07 09:01:57.713 W/skia    (  529): AGTM parsing failed flags.readFromStream(s) at 159
05-07 09:01:57.713 W/skia    (  529): AGTM parsing failed flags.readFromStream(s) at 159
05-07 09:01:57.714 W/skia    (  529): AGTM parsing failed flags.readFromStream(s) at 159
05-07 09:01:57.714 W/skia    (  529): AGTM parsing failed flags.readFromStream(s) at 159
05-07 09:01:57.714 W/skia    (  529): AGTM parsing failed flags.readFromStream(s) at 159
05-07 09:01:57.714 W/skia    (  529): AGTM parsing failed flags.readFromStream(s) at 159
05-07 09:01:57.736 W/Looper  (22939): Slow dispatch took 477ms main app=system_server main=true group=FOREGROUND h=android.app.ActivityThread$H c=android.app.LoadedApk$ReceiverDispatcher$Args$$ExternalSyntheticLambda0@e8159ac m=0
05-07 09:01:57.741 W/Looper  (22939): Slow delivery took 619ms main app=system_server main=true group=FOREGROUND h=android.app.ActivityThread$H c=android.app.LoadedApk$ReceiverDispatcher$Args$$ExternalSyntheticLambda0@d6dc675 m=0
05-07 09:01:57.746 W/skia    (  529): AGTM parsing failed flags.readFromStream(s) at 159
05-07 09:01:57.746 W/skia    (  529): AGTM parsing failed flags.readFromStream(s) at 159
05-07 09:01:57.746 W/skia    (  529): AGTM parsing failed flags.readFromStream(s) at 159
05-07 09:01:57.746 W/skia    (  529): AGTM parsing failed flags.readFromStream(s) at 159
05-07 09:01:57.746 W/skia    (  529): AGTM parsing failed flags.readFromStream(s) at 159
05-07 09:01:57.746 W/skia    (  529): AGTM parsing failed flags.readFromStream(s) at 159
05-07 09:01:57.747 W/skia    (  529): AGTM parsing failed flags.readFromStream(s) at 159
05-07 09:01:57.754 W/skia    (  529): AGTM parsing failed flags.readFromStream(s) at 159
05-07 09:01:57.755 W/skia    (  529): AGTM parsing failed flags.readFromStream(s) at 159
05-07 09:01:57.762 W/skia    (  529): AGTM parsing failed flags.readFromStream(s) at 159
05-07 09:01:57.762 W/skia    (  529): AGTM parsing failed flags.readFromStream(s) at 159
05-07 09:01:57.763 W/skia    (  529): AGTM parsing failed flags.readFromStream(s) at 159
05-07 09:01:57.763 W/skia    (  529): AGTM parsing failed flags.readFromStream(s) at 159
05-07 09:01:57.763 W/skia    (  529): AGTM parsing failed flags.readFromStream(s) at 159
05-07 09:01:57.763 W/skia    (  529): AGTM parsing failed flags.readFromStream(s) at 159
05-07 09:01:57.764 W/skia    (  529): AGTM parsing failed flags.readFromStream(s) at 159
05-07 09:01:57.794 W/libbinder.IPCThreadState(22939): Sending oneway calls to frozen process.
05-07 09:01:57.795 W/libbinder.IPCThreadState(22939): Sending oneway calls to frozen process.
05-07 09:01:57.798 W/libbinder.IPCThreadState(22939): Sending oneway calls to frozen process.
05-07 09:01:57.804 W/libbinder.IPCThreadState(22939): Sending oneway calls to frozen process.
05-07 09:01:57.805 W/libbinder.IPCThreadState(22939): Sending oneway calls to frozen process.
05-07 09:01:57.805 W/libbinder.IPCThreadState(22939): Sending oneway calls to frozen process.
05-07 09:01:57.809 W/libbinder.IPCThreadState(22939): Sending oneway calls to frozen process.
05-07 09:01:57.823 W/libbinder.IPCThreadState(22939): Sending oneway calls to frozen process.
05-07 09:01:57.824 W/libbinder.IPCThreadState(22939): Sending oneway calls to frozen process.
05-07 09:01:57.828 W/libbinder.IPCThreadState(22939): Sending oneway calls to frozen process.
05-07 09:01:57.829 W/libbinder.IPCThreadState(22939): Sending oneway calls to frozen process.
05-07 09:01:57.830 W/libbinder.IPCThreadState(22939): Sending oneway calls to frozen process.
05-07 09:01:57.830 W/libbinder.IPCThreadState(22939): Sending oneway calls to frozen process.
05-07 09:01:57.830 W/libbinder.IPCThreadState(22939): Sending oneway calls to frozen process.
05-07 09:01:57.854 W/skia    (  529): AGTM parsing failed flags.readFromStream(s) at 159
05-07 09:01:57.854 W/skia    (  529): AGTM parsing failed flags.readFromStream(s) at 159
05-07 09:01:57.860 W/ApplicationInfo(26209): Large ApplicationInfo parcel: size=17700 package=com.google.android.googlequicksearchbox sharedLibs=3 resDirs=2 overlayPaths=2
05-07 09:01:57.865 W/ApplicationInfo(26209): Large ApplicationInfo parcel: size=17700 package=com.google.android.googlequicksearchbox sharedLibs=3 resDirs=2 overlayPaths=2
05-07 09:01:57.872 W/NotificationCenter(27446): NotificationCenter$NotificationQueue.notifyPendingNotificationsOnExecutor():877 Heavy notify work detected on UI thread: [nhm->kxt, nhm->kxt, nhm->ilb, nhm->pnx, nhm->kxt, nhm->kxt, nhm->nge, nhm->kxt, nhm->kxt, nhm->gqd, nhm->mgr, nhm->kxt, nhm->kxt, nhm->lak, nhm->kxt, nhm->kux, nhm->mrv, nhm->ngn, nhm->gtb, nhm->eoz, nhm->kxt, nhm->hst, nhm->kxt, nhm->kxt, nhm->kxt, nhm->oyt, nhm->kxt] takes 55ms
05-07 09:01:57.878 W/ApplicationInfo(26209): Large ApplicationInfo parcel: size=17700 package=com.google.android.googlequicksearchbox sharedLibs=3 resDirs=2 overlayPaths=2
05-07 09:01:57.885 W/ApplicationInfo(26209): Large ApplicationInfo parcel: size=17700 package=com.google.android.googlequicksearchbox sharedLibs=3 resDirs=2 overlayPaths=2
05-07 09:01:57.890 W/PackageConfigPersister(22939): App-specific configuration not found for packageName: com.google.android.apps.nexuslauncher and userId: 0
05-07 09:01:57.903 W/ActivityManager(22939): Slow operation: 183ms so far, now at startProcess: returned from zygote!
05-07 09:01:57.936 W/ndroid.keychain(29027): Unexpected CPU variant for x86: x86_64.
05-07 09:01:57.936 W/ndroid.keychain(29027): Known variants: atom, sandybridge, silvermont, goldmont, goldmont-plus, goldmont-without-sha-xsaves, tremont, kabylake, alderlake, pantherlake, default
05-07 09:01:57.939 W/ActivityManager(22939): Slow operation: 219ms so far, now at startProcess: done updating battery stats
05-07 09:01:57.939 W/ActivityManager(22939): Slow operation: 219ms so far, now at startProcess: building log message
05-07 09:01:57.939 W/ActivityManager(22939): Slow operation: 219ms so far, now at startProcess: starting to update pids map
05-07 09:01:57.939 W/ActivityManager(22939): Slow operation: 219ms so far, now at startProcess: done updating pids map
05-07 09:01:57.957 W/skia    (  529): AGTM parsing failed flags.readFromStream(s) at 159
05-07 09:01:57.957 W/skia    (  529): AGTM parsing failed flags.readFromStream(s) at 159
05-07 09:01:57.976 W/MediaProvider(24921): WorkProfileOwnerApps cache is empty
05-07 09:01:58.073 W/skia    (  529): AGTM parsing failed flags.readFromStream(s) at 159
05-07 09:01:58.073 W/skia    (  529): AGTM parsing failed flags.readFromStream(s) at 159
05-07 09:01:58.119 W/ProcessStats(22939): Tracking association SourceState{6edf809 com.android.vending/10153 Receivr #2517} whose proc state 10 is better than process ProcessState{c65fcf2 com.android.vending:background/10153 pkg=com.android.vending} proc state 14 (0 skipped)
05-07 09:01:58.132 E/jtbr    (26494): *~*~*~ Previous channel {0} was garbage collected without being shut down! ~*~*~*
05-07 09:01:58.132 E/jtbr    (26494):     Make sure to call shutdown()/shutdownNow()
05-07 09:01:58.132 E/jtbr    (26494): java.lang.RuntimeException: ManagedChannel allocation site
05-07 09:01:58.132 E/jtbr    (26494): 	at jtbq.<init>(:com.google.android.gms@261631038@26.16.31 (260800-900800821):21)
05-07 09:01:58.132 E/jtbr    (26494): 	at jtbr.<init>(:com.google.android.gms@261631038@26.16.31 (260800-900800821):10)
05-07 09:01:58.132 E/jtbr    (26494): 	at jtbp.a(:com.google.android.gms@261631038@26.16.31 (260800-900800821):300)
05-07 09:01:58.132 E/jtbr    (26494): 	at jsjh.a(:com.google.android.gms@261631038@26.16.31 (260800-900800821):5)
05-07 09:01:58.132 E/jtbr    (26494): 	at bjqm.a(:com.google.android.gms@261631038@26.16.31 (260800-900800821):85)
05-07 09:01:58.132 E/jtbr    (26494): 	at bjqd.t(:com.google.android.gms@261631038@26.16.31 (260800-900800821):107)
05-07 09:01:58.132 E/jtbr    (26494): 	at bjqd.G(:com.google.android.gms@261631038@26.16.31 (260800-900800821):5)
05-07 09:01:58.132 E/jtbr    (26494): 	at flnu.a(:com.google.android.gms@261631038@26.16.31 (260800-900800821):45)
05-07 09:01:58.132 E/jtbr    (26494): 	at flmz.c(:com.google.android.gms@261631038@26.16.31 (260800-900800821):20)
05-07 09:01:58.132 E/jtbr    (26494): 	at flmz.a(:com.google.android.gms@261631038@26.16.31 (260800-900800821):3)
05-07 09:01:58.132 E/jtbr    (26494): 	at bcsl.run(:com.google.android.gms@261631038@26.16.31 (260800-900800821):5)
05-07 09:01:58.132 E/jtbr    (26494): 	at bjwq.c(:com.google.android.gms@261631038@26.16.31 (260800-900800821):50)
05-07 09:01:58.132 E/jtbr    (26494): 	at bjwq.run(:com.google.android.gms@261631038@26.16.31 (260800-900800821):66)
05-07 09:01:58.132 E/jtbr    (26494): 	at java.util.concurrent.ThreadPoolExecutor.runWorker(ThreadPoolExecutor.java:1100)
05-07 09:01:58.132 E/jtbr    (26494): 	at java.util.concurrent.ThreadPoolExecutor$Worker.run(ThreadPoolExecutor.java:624)
05-07 09:01:58.132 E/jtbr    (26494): 	at bkch.run(:com.google.android.gms@261631038@26.16.31 (260800-900800821):8)
05-07 09:01:58.132 E/jtbr    (26494): 	at java.lang.Thread.run(Thread.java:1572)
05-07 09:01:58.148 E/SmsApplication(23382): com.google.android.apps.messaging lost android:read_cell_broadcasts:  (fixing)
05-07 09:01:58.179 W/skia    (  529): AGTM parsing failed flags.readFromStream(s) at 159
05-07 09:01:58.180 W/skia    (  529): AGTM parsing failed flags.readFromStream(s) at 159
05-07 09:01:58.192 W/Looper  (22939): Slow dispatch took 267ms main app=system_server main=true group=FOREGROUND h=android.app.ActivityThread$H c=android.app.LoadedApk$ReceiverDispatcher$Args$$ExternalSyntheticLambda0@bd0223c m=0
05-07 09:01:58.238 E/AppOps  (22939): attributionTag VCN not declared in manifest of android
05-07 09:01:58.265 W/Conscrypt(26494): Could not set socket write timeout: java.net.SocketException: Socket closed
05-07 09:01:58.275 W/Conscrypt(26494): 	at com.google.android.gms.org.conscrypt.Platform.setSocketWriteTimeout(:com.google.android.gms@261631038@26.16.31 (260800-900800821):204)
05-07 09:01:58.275 W/Conscrypt(26494): 	at com.google.android.gms.org.conscrypt.ConscryptFileDescriptorSocket.setSoWriteTimeout(:com.google.android.gms@261631038@26.16.31 (260800-900800821):4)
05-07 09:01:58.289 W/skia    (  529): AGTM parsing failed flags.readFromStream(s) at 159
05-07 09:01:58.290 W/skia    (  529): AGTM parsing failed flags.readFromStream(s) at 159
05-07 09:01:58.354 W/libbinder.Binder(22939): Binder transaction to android.content.pm.IPackageManager, function: UNKNOWN_FUNCTION_NAME, code: 1598246212, took 3677ms. Data bytes: 240 Reply bytes: 4 Flags: 16
05-07 09:01:58.365 W/ActivityManager(22939): Slow operation: 59ms so far, now at attachApplicationLocked: after updateLruProcessLocked
05-07 09:01:58.353 W/binder:22939_19(22939): type=1400 audit(0.0:50): avc:  denied  { getopt } for  scontext=u:r:system_server:s0 tcontext=u:r:shell:s0 tclass=unix_stream_socket permissive=0
05-07 09:01:58.353 W/binder:22939_19(22939): type=1400 audit(0.0:51): avc:  denied  { getopt } for  scontext=u:r:system_server:s0 tcontext=u:r:shell:s0 tclass=unix_stream_socket permissive=0
05-07 09:01:58.374 E/AtomicFile(22939): Failed to rename /data/system/install_sessions.xml.new to /data/system/install_sessions.xml
05-07 09:01:58.389 W/ActivityManager(22939): Slow operation: 84ms so far, now at attachApplicationLocked: after updateOomAdjLocked
05-07 09:01:58.353 W/binder:22939_19(22939): type=1400 audit(0.0:52): avc:  denied  { getopt } for  scontext=u:r:system_server:s0 tcontext=u:r:shell:s0 tclass=unix_stream_socket permissive=0
05-07 09:01:58.393 W/skia    (  529): AGTM parsing failed flags.readFromStream(s) at 159
05-07 09:01:58.393 W/skia    (  529): AGTM parsing failed flags.readFromStream(s) at 159
05-07 09:01:58.477 W/ApplicationInfo(22939): Large ApplicationInfo parcel: size=17700 package=com.google.android.googlequicksearchbox sharedLibs=3 resDirs=2 overlayPaths=2
05-07 09:01:58.478 W/s.nexuslauncher(26209): Suspending all threads took: 34.757ms
05-07 09:01:58.491 W/skia    (  529): AGTM parsing failed flags.readFromStream(s) at 159
05-07 09:01:58.492 W/skia    (  529): AGTM parsing failed flags.readFromStream(s) at 159
05-07 09:01:58.549 W/ApplicationInfo(22939): Large ApplicationInfo parcel: size=17700 package=com.google.android.googlequicksearchbox sharedLibs=3 resDirs=2 overlayPaths=2
05-07 09:01:58.562 W/ActivityManager(22939): Slow operation: 147ms so far, now at startProcess: done creating new process record
05-07 09:01:58.562 W/ActivityManager(22939): Slow operation: 147ms so far, now at startProcess: stepping in to startProcess
05-07 09:01:58.575 E/libbinder.IPCThreadState(22939): Binder transaction failure. id: 881974, cmd: BR_DEAD_REPLY (29189), error: -22 (Invalid argument)
05-07 09:01:58.575 W/ActivityManager(22939): pid 22939 system sent binder code 7 with flags 1 and got error -32
05-07 09:01:58.589 W/WindowManager(22939): Exception thrown during dispatchAppVisibility Window{4be22f0 u0 app.theprimeway.twa/app.theprimeway.twa.MainActivity EXITING}
05-07 09:01:58.589 W/WindowManager(22939): android.os.DeadObjectException
05-07 09:01:58.589 W/WindowManager(22939): 	at android.os.BinderProxy.transactNative(Native Method)
05-07 09:01:58.589 W/WindowManager(22939): 	at android.os.BinderProxy.transact(BinderProxy.java:626)
05-07 09:01:58.589 W/WindowManager(22939): 	at android.view.IWindow$Stub$Proxy.dispatchAppVisibility(IWindow.java:602)
05-07 09:01:58.589 W/WindowManager(22939): 	at com.android.server.wm.WindowState.sendAppVisibilityToClients(WindowState.java:3388)
05-07 09:01:58.589 W/WindowManager(22939): 	at com.android.server.wm.WindowContainer.sendAppVisibilityToClients(WindowContainer.java:1245)
05-07 09:01:58.589 W/WindowManager(22939): 	at com.android.server.wm.WindowToken.setClientVisible(WindowToken.java:392)
05-07 09:01:58.589 W/WindowManager(22939): 	at com.android.server.wm.ActivityRecord.commitVisibility(ActivityRecord.java:5654)
05-07 09:01:58.589 W/WindowManager(22939): 	at com.android.server.wm.Transition.finishTransition(Transition.java:1629)
05-07 09:01:58.589 W/WindowManager(22939): 	at com.android.server.wm.TransitionController.finishTransition(TransitionController.java:1220)
05-07 09:01:58.589 W/WindowManager(22939): 	at com.android.server.wm.WindowOrganizerController.finishTransition(WindowOrganizerController.java:533)
05-07 09:01:58.589 W/WindowManager(22939): 	at android.window.IWindowOrganizerController$Stub.onTransact(IWindowOrganizerController.java:265)
05-07 09:01:58.589 W/WindowManager(22939): 	at com.android.server.wm.WindowOrganizerController.onTransact(WindowOrganizerController.java:239)
05-07 09:01:58.589 W/WindowManager(22939): 	at android.os.Binder.execTransactInternal(Binder.java:1364)
05-07 09:01:58.589 W/WindowManager(22939): 	at android.os.Binder.execTransact(Binder.java:1323)
05-07 09:01:58.589 W/Process (22939): Unable to open /proc/28472/status
05-07 09:01:58.592 W/skia    (  529): AGTM parsing failed flags.readFromStream(s) at 159
05-07 09:01:58.592 W/skia    (  529): AGTM parsing failed flags.readFromStream(s) at 159
05-07 09:01:58.609 W/ActivityManager(22939): Slow operation: 193ms so far, now at startProcess: done starting proc!
05-07 09:01:58.613 W/PackageConfigPersister(22939): App-specific configuration not found for packageName: app.theprimeway.twa and userId: 0
05-07 09:01:58.645 E/BpTransactionCompletedListener(  529): Failed to transact (-32)
05-07 09:01:58.654 W/System  (26209): A resource failed to call release. 
05-07 09:01:58.655 W/System  (26209): A resource failed to call release. 
05-07 09:01:58.655 W/System  (26209): A resource failed to call release. 
