05-07 08:38:33.434 W/SP      (17995): File ref is being finalized but wasn't closed, file: 2023012316_en[5]
05-07 08:38:33.435 W/SP      (17995): File ref is being finalized but wasn't closed, file: 2023012316_en[5]
05-07 08:38:33.435 W/SP      (17995): File ref is being finalized but wasn't closed, file: 2023012316_en[5]
05-07 08:38:33.435 W/SP      (17995): File ref is being finalized but wasn't closed, file: 2023012316_en[5]
05-07 08:38:33.441 W/TooltipLifecycleManager(17995): TooltipLifecycleManager.dismissTooltips():153 Tooltip with id spell_check_add_to_dictionary not found in tooltipManager.
05-07 08:38:33.593 W/InputChannel-JNI(  707): Channel already disposed.
05-07 08:38:33.597 W/ExtensionWrapper(17995): ExtensionWrapper.setAllowUpdateNavigationBarStyle():887 class ktu is not activate
05-07 08:38:33.602 W/ExtensionWrapper(17995): ExtensionWrapper.setAllowUpdateNavigationBarStyle():887 class ktu is not activate
05-07 08:38:33.602 W/TooltipLifecycleManager(17995): TooltipLifecycleManager.dismissTooltips():153 Tooltip with id spell_check_add_to_dictionary not found in tooltipManager.
05-07 08:38:33.607 E/native  (17995): E0000 00:00:1778161113.607035   17995 key-correction-manager.cc:356] User feature cache is not ready for key correction!
05-07 08:38:33.616 W/AS.PlaybackActivityMon(  707): No piid assigned for invalid/internal port id 15
05-07 08:38:33.620 W/skia    (  529): AGTM parsing failed flags.readFromStream(s) at 159
05-07 08:38:33.620 W/skia    (  529): AGTM parsing failed flags.readFromStream(s) at 159
05-07 08:38:33.622 W/AS.PlaybackActivityMon(  707): No piid assigned for invalid/internal port id 15
05-07 08:38:33.629 W/ModuleManager(17995): ModuleManager.loadModule():634 Module pte is not available
05-07 08:38:33.641 W/NotificationCenter(17995): NotificationCenter$NotificationQueue.notifyPendingNotificationsOnExecutor():877 Heavy notify work detected on UI thread: [nhm->kxt, nhm->kxt, nhm->kxt, nhm->oyt, nhm->gtb, nhm->kxt, nhm->hst, nhm->kux, nhm->kxt, nhm->kxt, nhm->kxt, nhm->mrv, nhm->lak, nhm->pnx, nhm->ngn, nhm->kxt, nhm->ilb, nhm->kxt, nhm->kxt, nhm->kxt, nhm->mgr, nhm->eoz, nhm->kxt, nhm->nge, nhm->kxt, nhm->gqd, nhm->kxt] takes 22ms
05-07 08:38:33.647 W/RemoteInputConnectionImpl(17848): requestCursorUpdates on inactive InputConnection
05-07 08:38:33.654 W/PackageConfigPersister(  707): App-specific configuration not found for packageName: app.theprimeway.twa and userId: 0
05-07 08:38:33.664 W/ExtensionWrapper(17995): ExtensionWrapper.setAllowUpdateNavigationBarStyle():887 class ktu is not activate
05-07 08:38:33.664 W/StatusViewController(17995): StatusViewController.updateKeyboardView():46 Failed to inflate voice header view [UD]
05-07 08:38:33.680 W/ExtensionWrapper(17995): ExtensionWrapper.setAllowUpdateNavigationBarStyle():887 class ktu is not activate
05-07 08:38:33.687 W/NotificationCenter(17995): NotificationCenter$NotificationQueue.notifyPendingNotificationsOnExecutor():877 Heavy notify work detected on UI thread: [kvs->ktq] takes 24ms
05-07 08:38:33.690 W/ExtensionWrapper(17995): ExtensionWrapper.setExtensionViewVisibility():878 interface nni is not activate
05-07 08:38:33.696 W/AccessPointsManager(17995): AccessPointsManager.addAccessPoint():1088 The holder controller #0x7f0b2478 is not registered
05-07 08:38:33.708 W/AccessPointsManager(17995): AccessPointsManager.addAccessPoint():1088 The holder controller #0x7f0b2478 is not registered
05-07 08:38:33.733 W/KeyboardDef(17995): KeyboardDef.getKeyboardViewDef():739 KeyboardViewDef is not found: keyboardDef=nyt{processedConditions={}, globalConditions={}, className=com.google.android.libraries.inputmethod.keyboard.impl.Keyboard, resourceIds=[#0x7f17004e], initialStates=0, keyboardViewDefs=[], persistentStates=0, persistentStatesPrefKey=null, popupBubbleLayoutId=#0x0, recentKeyLayoutId=#0x0, recentKeyPopupLayoutId=#0x0, recentKeyType=null, rememberRecentKey=NONE, sessionStates=0}, type=HEADER, id=2131427878
05-07 08:38:33.734 W/Keyboard(17995): Keyboard.getKeyboardViewHelper():607 null helper is returned: keyboardDef=nyt{processedConditions={}, globalConditions={}, className=com.google.android.libraries.inputmethod.keyboard.impl.Keyboard, resourceIds=[#0x7f17004e], initialStates=0, keyboardViewDefs=[], persistentStates=0, persistentStatesPrefKey=null, popupBubbleLayoutId=#0x0, recentKeyLayoutId=#0x0, recentKeyPopupLayoutId=#0x0, recentKeyType=null, rememberRecentKey=NONE, sessionStates=0}, type=HEADER, helpersCreated={}, context.getResources().getConfiguration(): {1.0 310mcc260mnc [en_US] ldltr sw411dp w411dp h923dp 420dpi nrml long compactNeeded port finger qwerty/v/v dpad/v winConfig={ mBounds=Rect(0, 0 - 1080, 2424) mAppBounds=Rect(0, 0 - 1080, 2424) mMaxBounds=Rect(0, 0 - 1080, 2424) mDisplayRotation=ROTATION_0 mWindowingMode=fullscreen mActivityType=undefined mAlwaysOnTop=undefined mRotation=ROTATION_0} as.3 s.44 fontWeightAdjustment=0}
05-07 08:38:33.734 W/KeyboardDef(17995): KeyboardDef.getKeyboardViewDef():739 KeyboardViewDef is not found: keyboardDef=nyt{processedConditions={}, globalConditions={}, className=com.google.android.libraries.inputmethod.keyboard.impl.Keyboard, resourceIds=[#0x7f17004e], initialStates=0, keyboardViewDefs=[], persistentStates=0, persistentStatesPrefKey=null, popupBubbleLayoutId=#0x0, recentKeyLayoutId=#0x0, recentKeyPopupLayoutId=#0x0, recentKeyType=null, rememberRecentKey=NONE, sessionStates=0}, type=BODY, id=2131427878
05-07 08:38:33.735 W/Keyboard(17995): Keyboard.getKeyboardViewHelper():607 null helper is returned: keyboardDef=nyt{processedConditions={}, globalConditions={}, className=com.google.android.libraries.inputmethod.keyboard.impl.Keyboard, resourceIds=[#0x7f17004e], initialStates=0, keyboardViewDefs=[], persistentStates=0, persistentStatesPrefKey=null, popupBubbleLayoutId=#0x0, recentKeyLayoutId=#0x0, recentKeyPopupLayoutId=#0x0, recentKeyType=null, rememberRecentKey=NONE, sessionStates=0}, type=BODY, helpersCreated={}, context.getResources().getConfiguration(): {1.0 310mcc260mnc [en_US] ldltr sw411dp w411dp h923dp 420dpi nrml long compactNeeded port finger qwerty/v/v dpad/v winConfig={ mBounds=Rect(0, 0 - 1080, 2424) mAppBounds=Rect(0, 0 - 1080, 2424) mMaxBounds=Rect(0, 0 - 1080, 2424) mDisplayRotation=ROTATION_0 mWindowingMode=fullscreen mActivityType=undefined mAlwaysOnTop=undefined mRotation=ROTATION_0} as.3 s.44 fontWeightAdjustment=0}
05-07 08:38:33.736 W/Keyboard(17995): Keyboard.getKeyboardViewHelper():607 null helper is returned: keyboardDef=nyt{processedConditions={}, globalConditions={}, className=com.google.android.libraries.inputmethod.keyboard.impl.Keyboard, resourceIds=[#0x7f17004e], initialStates=0, keyboardViewDefs=[], persistentStates=0, persistentStatesPrefKey=null, popupBubbleLayoutId=#0x0, recentKeyLayoutId=#0x0, recentKeyPopupLayoutId=#0x0, recentKeyType=null, rememberRecentKey=NONE, sessionStates=0}, type=HEADER, helpersCreated={}, context.getResources().getConfiguration(): {1.0 310mcc260mnc [en_US] ldltr sw411dp w411dp h923dp 420dpi nrml long compactNeeded port finger qwerty/v/v dpad/v winConfig={ mBounds=Rect(0, 0 - 1080, 2424) mAppBounds=Rect(0, 0 - 1080, 2424) mMaxBounds=Rect(0, 0 - 1080, 2424) mDisplayRotation=ROTATION_0 mWindowingMode=fullscreen mActivityType=undefined mAlwaysOnTop=undefined mRotation=ROTATION_0} as.3 s.44 fontWeightAdjustment=0}
05-07 08:38:33.736 W/Keyboard(17995): Keyboard.getKeyboardViewHelper():607 null helper is returned: keyboardDef=nyt{processedConditions={}, globalConditions={}, className=com.google.android.libraries.inputmethod.keyboard.impl.Keyboard, resourceIds=[#0x7f17004e], initialStates=0, keyboardViewDefs=[], persistentStates=0, persistentStatesPrefKey=null, popupBubbleLayoutId=#0x0, recentKeyLayoutId=#0x0, recentKeyPopupLayoutId=#0x0, recentKeyType=null, rememberRecentKey=NONE, sessionStates=0}, type=BODY, helpersCreated={}, context.getResources().getConfiguration(): {1.0 310mcc260mnc [en_US] ldltr sw411dp w411dp h923dp 420dpi nrml long compactNeeded port finger qwerty/v/v dpad/v winConfig={ mBounds=Rect(0, 0 - 1080, 2424) mAppBounds=Rect(0, 0 - 1080, 2424) mMaxBounds=Rect(0, 0 - 1080, 2424) mDisplayRotation=ROTATION_0 mWindowingMode=fullscreen mActivityType=undefined mAlwaysOnTop=undefined mRotation=ROTATION_0} as.3 s.44 fontWeightAdjustment=0}
05-07 08:38:33.737 W/KeyboardDef(17995): KeyboardDef.getKeyboardViewDef():739 KeyboardViewDef is not found: keyboardDef=nyt{processedConditions={}, globalConditions={}, className=com.google.android.libraries.inputmethod.keyboard.impl.Keyboard, resourceIds=[#0x7f17004e], initialStates=0, keyboardViewDefs=[], persistentStates=0, persistentStatesPrefKey=null, popupBubbleLayoutId=#0x0, recentKeyLayoutId=#0x0, recentKeyPopupLayoutId=#0x0, recentKeyType=null, rememberRecentKey=NONE, sessionStates=0}, type=FLOATING_CANDIDATES, id=2131427878
05-07 08:38:33.737 W/Keyboard(17995): Keyboard.getKeyboardViewHelper():607 null helper is returned: keyboardDef=nyt{processedConditions={}, globalConditions={}, className=com.google.android.libraries.inputmethod.keyboard.impl.Keyboard, resourceIds=[#0x7f17004e], initialStates=0, keyboardViewDefs=[], persistentStates=0, persistentStatesPrefKey=null, popupBubbleLayoutId=#0x0, recentKeyLayoutId=#0x0, recentKeyPopupLayoutId=#0x0, recentKeyType=null, rememberRecentKey=NONE, sessionStates=0}, type=FLOATING_CANDIDATES, helpersCreated={}, context.getResources().getConfiguration(): {1.0 310mcc260mnc [en_US] ldltr sw411dp w411dp h923dp 420dpi nrml long compactNeeded port finger qwerty/v/v dpad/v winConfig={ mBounds=Rect(0, 0 - 1080, 2424) mAppBounds=Rect(0, 0 - 1080, 2424) mMaxBounds=Rect(0, 0 - 1080, 2424) mDisplayRotation=ROTATION_0 mWindowingMode=fullscreen mActivityType=undefined mAlwaysOnTop=undefined mRotation=ROTATION_0} as.3 s.44 fontWeightAdjustment=0}
05-07 08:38:33.737 W/KeyboardDef(17995): KeyboardDef.getKeyboardViewDef():739 KeyboardViewDef is not found: keyboardDef=nyt{processedConditions={}, globalConditions={}, className=com.google.android.libraries.inputmethod.keyboard.impl.Keyboard, resourceIds=[#0x7f17004e], initialStates=0, keyboardViewDefs=[], persistentStates=0, persistentStatesPrefKey=null, popupBubbleLayoutId=#0x0, recentKeyLayoutId=#0x0, recentKeyPopupLayoutId=#0x0, recentKeyType=null, rememberRecentKey=NONE, sessionStates=0}, type=WIDGET, id=2131427878
05-07 08:38:33.738 W/Keyboard(17995): Keyboard.getKeyboardViewHelper():607 null helper is returned: keyboardDef=nyt{processedConditions={}, globalConditions={}, className=com.google.android.libraries.inputmethod.keyboard.impl.Keyboard, resourceIds=[#0x7f17004e], initialStates=0, keyboardViewDefs=[], persistentStates=0, persistentStatesPrefKey=null, popupBubbleLayoutId=#0x0, recentKeyLayoutId=#0x0, recentKeyPopupLayoutId=#0x0, recentKeyType=null, rememberRecentKey=NONE, sessionStates=0}, type=WIDGET, helpersCreated={}, context.getResources().getConfiguration(): {1.0 310mcc260mnc [en_US] ldltr sw411dp w411dp h923dp 420dpi nrml long compactNeeded port finger qwerty/v/v dpad/v winConfig={ mBounds=Rect(0, 0 - 1080, 2424) mAppBounds=Rect(0, 0 - 1080, 2424) mMaxBounds=Rect(0, 0 - 1080, 2424) mDisplayRotation=ROTATION_0 mWindowingMode=fullscreen mActivityType=undefined mAlwaysOnTop=undefined mRotation=ROTATION_0} as.3 s.44 fontWeightAdjustment=0}
05-07 08:38:33.740 W/KeyboardDef(17995): KeyboardDef.getKeyboardViewDef():739 KeyboardViewDef is not found: keyboardDef=nyt{processedConditions={}, globalConditions={global_theme_key=theme,!gsf,!pgsans,!pgsf,!use_system_font,BORDER,FLAVOR_DPI=XXHDPI,IS_LIGHT,KEYBOARD_WIDTH_CATEGORY=NORMAL,KEY_BORDER_SHAPE=1,LIGHT_THEME=true,PHYSICAL_DIAGONAL=6.0111027,POPUP,SCREEN_SHORTEST_WIDTH=411,SCREEN_SHORTEST_WIDTH_NO_SCALE=411,SW400DP,XXHDPI,bottom4dp,enable_popup_on_keypress=true,keyboard_redesign_google_sans=true,non_linear_scale,noshadow,overlay_builtin_dynamic_color_light_base.binarypb:gm3-light-fffaf8fe-ff4c5e8b-4fb1adea13304a190d4abf12326cf60c,silkpopup, global_locale=en_US, global_density_dpi=420, global_orientation=1}, className=.latin.keyboard.AccessoryKeyboard, resourceIds=[#0x7f17004d], initialStates=0, keyboardViewDefs=[nzi{direction=null, id=#0x7f0b0226, isScalable=false, layoutId=#0x7f0e0030, type=FLOATING_CANDIDATES, touchable=true, defaultShow=false}], persistentStates=0, persistentStatesPrefKey=null, popupBubbleLayoutId=#0x7f0e0609, recentKeyLayoutId=#0x0, recentKeyPopupLayoutId=#0x0, recentKeyType=null, rememberRecentKey=NONE, sessionStates=0}, type=HEADER, id=2131427878
05-07 08:38:33.742 W/Keyboard(17995): Keyboard.getKeyboardViewHelper():607 null helper is returned: keyboardDef=nyt{processedConditions={}, globalConditions={global_theme_key=theme,!gsf,!pgsans,!pgsf,!use_system_font,BORDER,FLAVOR_DPI=XXHDPI,IS_LIGHT,KEYBOARD_WIDTH_CATEGORY=NORMAL,KEY_BORDER_SHAPE=1,LIGHT_THEME=true,PHYSICAL_DIAGONAL=6.0111027,POPUP,SCREEN_SHORTEST_WIDTH=411,SCREEN_SHORTEST_WIDTH_NO_SCALE=411,SW400DP,XXHDPI,bottom4dp,enable_popup_on_keypress=true,keyboard_redesign_google_sans=true,non_linear_scale,noshadow,overlay_builtin_dynamic_color_light_base.binarypb:gm3-light-fffaf8fe-ff4c5e8b-4fb1adea13304a190d4abf12326cf60c,silkpopup, global_locale=en_US, global_density_dpi=420, global_orientation=1}, className=.latin.keyboard.AccessoryKeyboard, resourceIds=[#0x7f17004d], initialStates=0, keyboardViewDefs=[nzi{direction=null, id=#0x7f0b0226, isScalable=false, layoutId=#0x7f0e0030, type=FLOATING_CANDIDATES, touchable=true, defaultShow=false}], persistentStates=0, persistentStatesPrefKey=null, popupBubbleLayoutId=#0x7f0e0609, recentKeyLayoutId=#0x0, recentKeyPopupLayoutId=#0x0, recentKeyType=null, rememberRecentKey=NONE, sessionStates=0}, type=HEADER, helpersCreated={}, context.getResources().getConfiguration(): {1.0 310mcc260mnc [en_US] ldltr sw411dp w411dp h923dp 420dpi nrml long compactNeeded port finger qwerty/v/v dpad/v winConfig={ mBounds=Rect(0, 0 - 1080, 2424) mAppBounds=Rect(0, 0 - 1080, 2424) mMaxBounds=Rect(0, 0 - 1080, 2424) mDisplayRotation=ROTATION_0 mWindowingMode=fullscreen mActivityType=undefined mAlwaysOnTop=undefined mRotation=ROTATION_0} as.3 s.44 fontWeightAdjustment=0}
05-07 08:38:33.743 W/KeyboardDef(17995): KeyboardDef.getKeyboardViewDef():739 KeyboardViewDef is not found: keyboardDef=nyt{processedConditions={}, globalConditions={global_theme_key=theme,!gsf,!pgsans,!pgsf,!use_system_font,BORDER,FLAVOR_DPI=XXHDPI,IS_LIGHT,KEYBOARD_WIDTH_CATEGORY=NORMAL,KEY_BORDER_SHAPE=1,LIGHT_THEME=true,PHYSICAL_DIAGONAL=6.0111027,POPUP,SCREEN_SHORTEST_WIDTH=411,SCREEN_SHORTEST_WIDTH_NO_SCALE=411,SW400DP,XXHDPI,bottom4dp,enable_popup_on_keypress=true,keyboard_redesign_google_sans=true,non_linear_scale,noshadow,overlay_builtin_dynamic_color_light_base.binarypb:gm3-light-fffaf8fe-ff4c5e8b-4fb1adea13304a190d4abf12326cf60c,silkpopup, global_locale=en_US, global_density_dpi=420, global_orientation=1}, className=.latin.keyboard.AccessoryKeyboard, resourceIds=[#0x7f17004d], initialStates=0, keyboardViewDefs=[nzi{direction=null, id=#0x7f0b0226, isScalable=false, layoutId=#0x7f0e0030, type=FLOATING_CANDIDATES, touchable=true, defaultShow=false}], persistentStates=0, persistentStatesPrefKey=null, popupBubbleLayoutId=#0x7f0e0609, recentKeyLayoutId=#0x0, recentKeyPopupLayoutId=#0x0, recentKeyType=null, rememberRecentKey=NONE, sessionStates=0}, type=BODY, id=2131427878
05-07 08:38:33.743 W/Keyboard(17995): Keyboard.getKeyboardViewHelper():607 null helper is returned: keyboardDef=nyt{processedConditions={}, globalConditions={global_theme_key=theme,!gsf,!pgsans,!pgsf,!use_system_font,BORDER,FLAVOR_DPI=XXHDPI,IS_LIGHT,KEYBOARD_WIDTH_CATEGORY=NORMAL,KEY_BORDER_SHAPE=1,LIGHT_THEME=true,PHYSICAL_DIAGONAL=6.0111027,POPUP,SCREEN_SHORTEST_WIDTH=411,SCREEN_SHORTEST_WIDTH_NO_SCALE=411,SW400DP,XXHDPI,bottom4dp,enable_popup_on_keypress=true,keyboard_redesign_google_sans=true,non_linear_scale,noshadow,overlay_builtin_dynamic_color_light_base.binarypb:gm3-light-fffaf8fe-ff4c5e8b-4fb1adea13304a190d4abf12326cf60c,silkpopup, global_locale=en_US, global_density_dpi=420, global_orientation=1}, className=.latin.keyboard.AccessoryKeyboard, resourceIds=[#0x7f17004d], initialStates=0, keyboardViewDefs=[nzi{direction=null, id=#0x7f0b0226, isScalable=false, layoutId=#0x7f0e0030, type=FLOATING_CANDIDATES, touchable=true, defaultShow=false}], persistentStates=0, persistentStatesPrefKey=null, popupBubbleLayoutId=#0x7f0e0609, recentKeyLayoutId=#0x0, recentKeyPopupLayoutId=#0x0, recentKeyType=null, rememberRecentKey=NONE, sessionStates=0}, type=BODY, helpersCreated={}, context.getResources().getConfiguration(): {1.0 310mcc260mnc [en_US] ldltr sw411dp w411dp h923dp 420dpi nrml long compactNeeded port finger qwerty/v/v dpad/v winConfig={ mBounds=Rect(0, 0 - 1080, 2424) mAppBounds=Rect(0, 0 - 1080, 2424) mMaxBounds=Rect(0, 0 - 1080, 2424) mDisplayRotation=ROTATION_0 mWindowingMode=fullscreen mActivityType=undefined mAlwaysOnTop=undefined mRotation=ROTATION_0} as.3 s.44 fontWeightAdjustment=0}
05-07 08:38:33.754 W/skia    (  529): AGTM parsing failed flags.readFromStream(s) at 159
05-07 08:38:33.754 W/skia    (  529): AGTM parsing failed flags.readFromStream(s) at 159
05-07 08:38:33.764 W/Keyboard(17995): Keyboard.getKeyboardViewHelper():607 null helper is returned: keyboardDef=nyt{processedConditions={}, globalConditions={}, className=com.google.android.libraries.inputmethod.keyboard.impl.Keyboard, resourceIds=[#0x7f17004e], initialStates=0, keyboardViewDefs=[], persistentStates=0, persistentStatesPrefKey=null, popupBubbleLayoutId=#0x0, recentKeyLayoutId=#0x0, recentKeyPopupLayoutId=#0x0, recentKeyType=null, rememberRecentKey=NONE, sessionStates=0}, type=BODY, helpersCreated={}, context.getResources().getConfiguration(): {1.0 310mcc260mnc [en_US] ldltr sw411dp w411dp h923dp 420dpi nrml long compactNeeded port finger qwerty/v/v dpad/v winConfig={ mBounds=Rect(0, 0 - 1080, 2424) mAppBounds=Rect(0, 0 - 1080, 2424) mMaxBounds=Rect(0, 0 - 1080, 2424) mDisplayRotation=ROTATION_0 mWindowingMode=fullscreen mActivityType=undefined mAlwaysOnTop=undefined mRotation=ROTATION_0} as.3 s.44 fontWeightAdjustment=0}
05-07 08:38:33.764 W/Keyboard(17995): Keyboard.getKeyboardViewHelper():607 null helper is returned: keyboardDef=nyt{processedConditions={}, globalConditions={}, className=com.google.android.libraries.inputmethod.keyboard.impl.Keyboard, resourceIds=[#0x7f17004e], initialStates=0, keyboardViewDefs=[], persistentStates=0, persistentStatesPrefKey=null, popupBubbleLayoutId=#0x0, recentKeyLayoutId=#0x0, recentKeyPopupLayoutId=#0x0, recentKeyType=null, rememberRecentKey=NONE, sessionStates=0}, type=BODY, helpersCreated={}, context.getResources().getConfiguration(): {1.0 310mcc260mnc [en_US] ldltr sw411dp w411dp h923dp 420dpi nrml long compactNeeded port finger qwerty/v/v dpad/v winConfig={ mBounds=Rect(0, 0 - 1080, 2424) mAppBounds=Rect(0, 0 - 1080, 2424) mMaxBounds=Rect(0, 0 - 1080, 2424) mDisplayRotation=ROTATION_0 mWindowingMode=fullscreen mActivityType=undefined mAlwaysOnTop=undefined mRotation=ROTATION_0} as.3 s.44 fontWeightAdjustment=0}
05-07 08:38:33.808 W/SP      (17995): File ref is being finalized but wasn't closed, file: 2023012316_en[7]
05-07 08:38:33.809 W/SP      (17995): File ref is being finalized but wasn't closed, file: 2023012316_en[7]
05-07 08:38:33.809 W/SP      (17995): File ref is being finalized but wasn't closed, file: scribe_latin_20250829tfreco_tflite_zip[5]
05-07 08:38:33.809 W/SP      (17995): File ref is being finalized but wasn't closed, file: en_us_20251103_compact_fst_zip[5]
05-07 08:38:33.809 W/SP      (17995): File ref is being finalized but wasn't closed, file: pack_mapping_v1_lstm_20260206[4]
05-07 08:38:33.809 W/SP      (17995): File ref is being finalized but wasn't closed, file: transformer_latin_seg_tflite_20251103_zip[5]
05-07 08:38:33.810 W/SP      (17995): File ref is being finalized but wasn't closed, file: qrnn_en-US_reco_20251103_fst_20251103_recospec_zip[5]
05-07 08:38:33.822 W/SP      (17995): File ref is being finalized but wasn't closed, file: scribe_latin_20250829tfreco_recospec_zip[5]
05-07 08:38:33.822 W/SP      (17995): File ref is being finalized but wasn't closed, file: transformer_latin_tflite_20251103_zip[5]
05-07 08:38:33.822 W/SP      (17995): File ref is being finalized but wasn't closed, file: transformer_latin_conf_tflite_20251103_zip[5]
05-07 08:38:33.855 W/skia    (  529): AGTM parsing failed flags.readFromStream(s) at 159
05-07 08:38:33.855 W/skia    (  529): AGTM parsing failed flags.readFromStream(s) at 159
05-07 08:38:33.917 W/InteractionJankMonitor(17995): Initializing without READ_DEVICE_CONFIG permission. enabled=false, interval=1, missedFrameThreshold=3, frameTimeThreshold=64, package=com.google.android.inputmethod.latin
05-07 08:38:33.943 E/HandwritingSuperpacksUtil(17995): HandwritingSuperpacksUtil.getPackMappingPackName():42 No pack mapping pack found in []
05-07 08:38:33.955 W/skia    (  529): AGTM parsing failed flags.readFromStream(s) at 159
05-07 08:38:33.955 W/skia    (  529): AGTM parsing failed flags.readFromStream(s) at 159
05-07 08:38:34.050 W/SP      (17995): File ref is being finalized but wasn't closed, file: en_us_20251103_compact_fst_zip[8]
05-07 08:38:34.050 W/SP      (17995): File ref is being finalized but wasn't closed, file: transformer_latin_tflite_20251103_zip[8]
05-07 08:38:34.050 W/SP      (17995): File ref is being finalized but wasn't closed, file: transformer_latin_seg_tflite_20251103_zip[8]
05-07 08:38:34.050 W/SP      (17995): File ref is being finalized but wasn't closed, file: transformer_latin_conf_tflite_20251103_zip[8]
05-07 08:38:34.050 W/SP      (17995): File ref is being finalized but wasn't closed, file: qrnn_en-US_reco_20251103_fst_20251103_recospec_zip[8]
05-07 08:38:34.050 W/SP      (17995): File ref is being finalized but wasn't closed, file: scribe_latin_20250829tfreco_tflite_zip[8]
05-07 08:38:34.050 W/SP      (17995): File ref is being finalized but wasn't closed, file: scribe_latin_20250829tfreco_recospec_zip[8]
05-07 08:38:34.050 W/SP      (17995): File ref is being finalized but wasn't closed, file: transformer_latin_conf_tflite_20251103_zip[8]
05-07 08:38:34.050 W/SP      (17995): File ref is being finalized but wasn't closed, file: transformer_latin_tflite_20251103_zip[8]
05-07 08:38:34.050 W/SP      (17995): File ref is being finalized but wasn't closed, file: scribe_latin_20250829tfreco_recospec_zip[8]
05-07 08:38:34.050 W/SP      (17995): File ref is being finalized but wasn't closed, file: qrnn_en-US_reco_20251103_fst_20251103_recospec_zip[8]
05-07 08:38:34.051 W/SP      (17995): File ref is being finalized but wasn't closed, file: transformer_latin_seg_tflite_20251103_zip[8]
05-07 08:38:34.051 W/SP      (17995): File ref is being finalized but wasn't closed, file: pack_mapping_v1_lstm_20260206[6]
05-07 08:38:34.051 W/SP      (17995): File ref is being finalized but wasn't closed, file: en_us_20251103_compact_fst_zip[8]
05-07 08:38:34.051 W/SP      (17995): File ref is being finalized but wasn't closed, file: scribe_latin_20250829tfreco_tflite_zip[8]
05-07 08:38:34.051 W/SP      (17995): File ref is being finalized but wasn't closed, file: transformer_latin_conf_tflite_20251103_zip[8]
05-07 08:38:34.051 W/SP      (17995): File ref is being finalized but wasn't closed, file: transformer_latin_tflite_20251103_zip[8]
05-07 08:38:34.051 W/SP      (17995): File ref is being finalized but wasn't closed, file: scribe_latin_20250829tfreco_recospec_zip[8]
05-07 08:38:34.051 W/SP      (17995): File ref is being finalized but wasn't closed, file: qrnn_en-US_reco_20251103_fst_20251103_recospec_zip[8]
05-07 08:38:34.051 W/SP      (17995): File ref is being finalized but wasn't closed, file: transformer_latin_seg_tflite_20251103_zip[8]
05-07 08:38:34.051 W/SP      (17995): File ref is being finalized but wasn't closed, file: pack_mapping_v1_lstm_20260206[6]
05-07 08:38:34.051 W/SP      (17995): File ref is being finalized but wasn't closed, file: en_us_20251103_compact_fst_zip[8]
05-07 08:38:34.052 W/SP      (17995): File ref is being finalized but wasn't closed, file: scribe_latin_20250829tfreco_tflite_zip[8]
05-07 08:38:34.052 W/SP      (17995): File ref is being finalized but wasn't closed, file: transformer_latin_conf_tflite_20251103_zip[8]
05-07 08:38:34.052 W/SP      (17995): File ref is being finalized but wasn't closed, file: transformer_latin_tflite_20251103_zip[8]
05-07 08:38:34.053 W/SP      (17995): File ref is being finalized but wasn't closed, file: scribe_latin_20250829tfreco_recospec_zip[8]
05-07 08:38:34.053 W/SP      (17995): File ref is being finalized but wasn't closed, file: qrnn_en-US_reco_20251103_fst_20251103_recospec_zip[8]
05-07 08:38:34.053 W/SP      (17995): File ref is being finalized but wasn't closed, file: transformer_latin_seg_tflite_20251103_zip[8]
05-07 08:38:34.053 W/SP      (17995): File ref is being finalized but wasn't closed, file: pack_mapping_v1_lstm_20260206[6]
05-07 08:38:34.053 W/SP      (17995): File ref is being finalized but wasn't closed, file: en_us_20251103_compact_fst_zip[8]
05-07 08:38:34.054 W/SP      (17995): File ref is being finalized but wasn't closed, file: scribe_latin_20250829tfreco_tflite_zip[8]
05-07 08:38:34.120 W/skia    (  529): AGTM parsing failed flags.readFromStream(s) at 159
05-07 08:38:34.120 W/skia    (  529): AGTM parsing failed flags.readFromStream(s) at 159
05-07 08:38:34.208 W/SP      (17995): File ref is being finalized but wasn't closed, file: main_en_us_2025090100_2[2]
05-07 08:38:34.208 W/SP      (17995): File ref is being finalized but wasn't closed, file: main_en_us_2025090100_2[2]
05-07 08:38:34.620 W/skia    (  529): AGTM parsing failed flags.readFromStream(s) at 159
05-07 08:38:34.620 W/skia    (  529): AGTM parsing failed flags.readFromStream(s) at 159
05-07 08:38:35.119 W/skia    (  529): AGTM parsing failed flags.readFromStream(s) at 159
05-07 08:38:35.119 W/skia    (  529): AGTM parsing failed flags.readFromStream(s) at 159
05-07 08:38:35.148 W/EventHub(  707): Multiple scan codes map to the same key code 73, returning only the first match
05-07 08:38:35.219 W/skia    (  529): AGTM parsing failed flags.readFromStream(s) at 159
05-07 08:38:35.219 W/skia    (  529): AGTM parsing failed flags.readFromStream(s) at 159
05-07 08:38:35.320 W/skia    (  529): AGTM parsing failed flags.readFromStream(s) at 159
05-07 08:38:35.320 W/skia    (  529): AGTM parsing failed flags.readFromStream(s) at 159
05-07 08:38:35.421 W/skia    (  529): AGTM parsing failed flags.readFromStream(s) at 159
05-07 08:38:35.421 W/skia    (  529): AGTM parsing failed flags.readFromStream(s) at 159
05-07 08:38:35.523 W/skia    (  529): AGTM parsing failed flags.readFromStream(s) at 159
05-07 08:38:35.523 W/skia    (  529): AGTM parsing failed flags.readFromStream(s) at 159
05-07 08:38:35.635 W/skia    (  529): AGTM parsing failed flags.readFromStream(s) at 159
05-07 08:38:35.635 W/skia    (  529): AGTM parsing failed flags.readFromStream(s) at 159
05-07 08:38:35.737 W/skia    (  529): AGTM parsing failed flags.readFromStream(s) at 159
05-07 08:38:35.737 W/skia    (  529): AGTM parsing failed flags.readFromStream(s) at 159
05-07 08:38:35.950 W/skia    (  529): AGTM parsing failed flags.readFromStream(s) at 159
05-07 08:38:35.950 W/skia    (  529): AGTM parsing failed flags.readFromStream(s) at 159
05-07 08:38:36.053 W/skia    (  529): AGTM parsing failed flags.readFromStream(s) at 159
05-07 08:38:36.053 W/skia    (  529): AGTM parsing failed flags.readFromStream(s) at 159
05-07 08:38:36.168 W/skia    (  529): AGTM parsing failed flags.readFromStream(s) at 159
05-07 08:38:36.168 W/skia    (  529): AGTM parsing failed flags.readFromStream(s) at 159
05-07 08:38:36.196 W/ProcessStats(  707): Tracking association SourceState{11b430f com.google.android.gms.persistent/10224 BFgs #6387} whose proc state 4 is better than process ProcessState{e9f2013 com.google.android.gms/10224 pkg=com.google.android.gms} proc state 8 (92 skipped)
05-07 08:38:36.271 W/skia    (  529): AGTM parsing failed flags.readFromStream(s) at 159
05-07 08:38:36.271 W/skia    (  529): AGTM parsing failed flags.readFromStream(s) at 159
05-07 08:38:36.455 W/skia    (  529): AGTM parsing failed flags.readFromStream(s) at 159
05-07 08:38:36.455 W/skia    (  529): AGTM parsing failed flags.readFromStream(s) at 159
05-07 08:38:36.557 W/skia    (  529): AGTM parsing failed flags.readFromStream(s) at 159
05-07 08:38:36.557 W/skia    (  529): AGTM parsing failed flags.readFromStream(s) at 159
05-07 08:38:37.001 W/skia    (  529): AGTM parsing failed flags.readFromStream(s) at 159
05-07 08:38:37.001 W/skia    (  529): AGTM parsing failed flags.readFromStream(s) at 159
05-07 08:38:37.501 W/skia    (  529): AGTM parsing failed flags.readFromStream(s) at 159
05-07 08:38:37.501 W/skia    (  529): AGTM parsing failed flags.readFromStream(s) at 159
05-07 08:38:38.001 W/skia    (  529): AGTM parsing failed flags.readFromStream(s) at 159
05-07 08:38:38.001 W/skia    (  529): AGTM parsing failed flags.readFromStream(s) at 159
05-07 08:38:38.102 W/skia    (  529): AGTM parsing failed flags.readFromStream(s) at 159
05-07 08:38:38.102 W/skia    (  529): AGTM parsing failed flags.readFromStream(s) at 159
05-07 08:38:38.501 W/skia    (  529): AGTM parsing failed flags.readFromStream(s) at 159
05-07 08:38:38.501 W/skia    (  529): AGTM parsing failed flags.readFromStream(s) at 159
05-07 08:38:38.616 W/AS.PlaybackActivityMon(  707): No piid assigned for invalid/internal port id 15
05-07 08:38:38.616 W/AS.PlaybackActivityMon(  707): No piid assigned for invalid/internal port id 15
05-07 08:38:38.688 W/skia    (  529): AGTM parsing failed flags.readFromStream(s) at 159
05-07 08:38:38.688 W/skia    (  529): AGTM parsing failed flags.readFromStream(s) at 159
05-07 08:38:38.693 W/System  ( 1016): A resource failed to call release. 
05-07 08:38:38.693 W/GetConfigSnapshotOp(16125): Succeeded but not registered: com.google.android.libraries.performance.primes#com.android.vending [CONTEXT service_id=51 ]
05-07 08:38:38.694 W/System  ( 1016): A resource failed to call release. 
05-07 08:38:38.695 W/System  ( 1016): A resource failed to call release. 
05-07 08:38:38.790 W/skia    (  529): AGTM parsing failed flags.readFromStream(s) at 159
05-07 08:38:38.790 W/skia    (  529): AGTM parsing failed flags.readFromStream(s) at 159
05-07 08:38:38.901 W/skia    (  529): AGTM parsing failed flags.readFromStream(s) at 159
05-07 08:38:38.901 W/skia    (  529): AGTM parsing failed flags.readFromStream(s) at 159
05-07 08:38:39.001 W/skia    (  529): AGTM parsing failed flags.readFromStream(s) at 159
05-07 08:38:39.001 W/skia    (  529): AGTM parsing failed flags.readFromStream(s) at 159
05-07 08:38:39.102 W/skia    (  529): AGTM parsing failed flags.readFromStream(s) at 159
05-07 08:38:39.102 W/skia    (  529): AGTM parsing failed flags.readFromStream(s) at 159
05-07 08:38:39.204 W/skia    (  529): AGTM parsing failed flags.readFromStream(s) at 159
05-07 08:38:39.204 W/skia    (  529): AGTM parsing failed flags.readFromStream(s) at 159
05-07 08:38:39.226 W/GetConfigSnapshotOp(16125): Succeeded but not registered: com.google.android.libraries.performance.primes#com.android.vending [CONTEXT service_id=51 ]
05-07 08:38:39.306 W/skia    (  529): AGTM parsing failed flags.readFromStream(s) at 159
05-07 08:38:39.306 W/skia    (  529): AGTM parsing failed flags.readFromStream(s) at 159
05-07 08:38:39.418 W/skia    (  529): AGTM parsing failed flags.readFromStream(s) at 159
05-07 08:38:39.418 W/skia    (  529): AGTM parsing failed flags.readFromStream(s) at 159
05-07 08:38:39.519 W/skia    (  529): AGTM parsing failed flags.readFromStream(s) at 159
05-07 08:38:39.519 W/skia    (  529): AGTM parsing failed flags.readFromStream(s) at 159
05-07 08:38:39.619 W/skia    (  529): AGTM parsing failed flags.readFromStream(s) at 159
05-07 08:38:39.619 W/skia    (  529): AGTM parsing failed flags.readFromStream(s) at 159
05-07 08:38:39.720 W/skia    (  529): AGTM parsing failed flags.readFromStream(s) at 159
05-07 08:38:39.720 W/skia    (  529): AGTM parsing failed flags.readFromStream(s) at 159
05-07 08:38:39.820 W/skia    (  529): AGTM parsing failed flags.readFromStream(s) at 159
05-07 08:38:39.820 W/skia    (  529): AGTM parsing failed flags.readFromStream(s) at 159
05-07 08:38:39.921 W/skia    (  529): AGTM parsing failed flags.readFromStream(s) at 159
05-07 08:38:39.921 W/skia    (  529): AGTM parsing failed flags.readFromStream(s) at 159
05-07 08:38:40.023 W/skia    (  529): AGTM parsing failed flags.readFromStream(s) at 159
05-07 08:38:40.023 W/skia    (  529): AGTM parsing failed flags.readFromStream(s) at 159
05-07 08:38:40.138 W/skia    (  529): AGTM parsing failed flags.readFromStream(s) at 159
05-07 08:38:40.138 W/skia    (  529): AGTM parsing failed flags.readFromStream(s) at 159
05-07 08:38:40.239 W/skia    (  529): AGTM parsing failed flags.readFromStream(s) at 159
05-07 08:38:40.239 W/skia    (  529): AGTM parsing failed flags.readFromStream(s) at 159
05-07 08:38:40.339 W/skia    (  529): AGTM parsing failed flags.readFromStream(s) at 159
05-07 08:38:40.339 W/skia    (  529): AGTM parsing failed flags.readFromStream(s) at 159
05-07 08:38:40.453 W/skia    (  529): AGTM parsing failed flags.readFromStream(s) at 159
05-07 08:38:40.453 W/skia    (  529): AGTM parsing failed flags.readFromStream(s) at 159
05-07 08:38:40.553 W/skia    (  529): AGTM parsing failed flags.readFromStream(s) at 159
05-07 08:38:40.553 W/skia    (  529): AGTM parsing failed flags.readFromStream(s) at 159
05-07 08:38:40.654 W/skia    (  529): AGTM parsing failed flags.readFromStream(s) at 159
05-07 08:38:40.655 W/skia    (  529): AGTM parsing failed flags.readFromStream(s) at 159
05-07 08:38:40.757 W/skia    (  529): AGTM parsing failed flags.readFromStream(s) at 159
05-07 08:38:40.757 W/skia    (  529): AGTM parsing failed flags.readFromStream(s) at 159
05-07 08:38:40.867 W/skia    (  529): AGTM parsing failed flags.readFromStream(s) at 159
05-07 08:38:40.867 W/skia    (  529): AGTM parsing failed flags.readFromStream(s) at 159
05-07 08:38:40.968 W/skia    (  529): AGTM parsing failed flags.readFromStream(s) at 159
05-07 08:38:40.968 W/skia    (  529): AGTM parsing failed flags.readFromStream(s) at 159
05-07 08:38:41.069 W/skia    (  529): AGTM parsing failed flags.readFromStream(s) at 159
05-07 08:38:41.069 W/skia    (  529): AGTM parsing failed flags.readFromStream(s) at 159
05-07 08:38:41.171 W/skia    (  529): AGTM parsing failed flags.readFromStream(s) at 159
05-07 08:38:41.171 W/skia    (  529): AGTM parsing failed flags.readFromStream(s) at 159
05-07 08:38:41.196 W/[RNScreens](17848): backTitleFontFamily prop is not available on Android
05-07 08:38:41.199 W/[RNScreens](17848): disableBackButtonMenu prop is not available on Android
05-07 08:38:41.199 W/[RNScreens](17848): backTitleVisible prop is not available on Android
05-07 08:38:41.200 W/[RNScreens](17848): topInsetEnabled prop is not available on Android
05-07 08:38:41.200 W/[RNScreens](17848): largeTitleHideShadow prop is not available on Android
05-07 08:38:41.200 W/[RNScreens](17848): largeTitleFontWeight prop is not available on Android
05-07 08:38:41.200 W/[RNScreens](17848): userInterfaceStyle prop is not available on Android
05-07 08:38:41.200 W/[RNScreens](17848): largeTitleFontFamily prop is not available on Android
05-07 08:38:41.259 W/InputChannel-JNI(  707): Channel already disposed.
05-07 08:38:41.260 W/ExtensionWrapper(17995): ExtensionWrapper.setAllowUpdateNavigationBarStyle():887 class ktu is not activate
05-07 08:38:41.263 W/ExtensionWrapper(17995): ExtensionWrapper.setAllowUpdateNavigationBarStyle():887 class ktu is not activate
05-07 08:38:41.265 W/TooltipLifecycleManager(17995): TooltipLifecycleManager.dismissTooltips():153 Tooltip with id spell_check_add_to_dictionary not found in tooltipManager.
05-07 08:38:41.271 W/skia    (  529): AGTM parsing failed flags.readFromStream(s) at 159
05-07 08:38:41.272 W/skia    (  529): AGTM parsing failed flags.readFromStream(s) at 159
05-07 08:38:41.274 W/PackageConfigPersister(  707): App-specific configuration not found for packageName: app.theprimeway.twa and userId: 0
05-07 08:38:41.279 W/RemoteInputConnectionImpl(17848): requestCursorUpdates on inactive InputConnection
05-07 08:38:41.309 E/native  (17995): E0000 00:00:1778161121.309095   17995 input-context-store.cc:317] kNoSpans: num_spans: 0, revertible_span_index: 0
05-07 08:38:41.309 E/native  (17995): composing: (0, 0], selection_start: [0, 0] selection_end: [0, 0]
05-07 08:38:41.322 W/Keyboard(17995): Keyboard.getKeyboardViewHelper():607 null helper is returned: keyboardDef=nyt{processedConditions={}, globalConditions={}, className=com.google.android.libraries.inputmethod.keyboard.impl.Keyboard, resourceIds=[#0x7f17004e], initialStates=0, keyboardViewDefs=[], persistentStates=0, persistentStatesPrefKey=null, popupBubbleLayoutId=#0x0, recentKeyLayoutId=#0x0, recentKeyPopupLayoutId=#0x0, recentKeyType=null, rememberRecentKey=NONE, sessionStates=0}, type=HEADER, helpersCreated={}, context.getResources().getConfiguration(): {1.0 310mcc260mnc [en_US] ldltr sw411dp w411dp h923dp 420dpi nrml long compactNeeded port finger qwerty/v/v dpad/v winConfig={ mBounds=Rect(0, 0 - 1080, 2424) mAppBounds=Rect(0, 0 - 1080, 2424) mMaxBounds=Rect(0, 0 - 1080, 2424) mDisplayRotation=ROTATION_0 mWindowingMode=fullscreen mActivityType=undefined mAlwaysOnTop=undefined mRotation=ROTATION_0} as.3 s.44 fontWeightAdjustment=0}
05-07 08:38:41.322 W/Keyboard(17995): Keyboard.getKeyboardViewHelper():607 null helper is returned: keyboardDef=nyt{processedConditions={}, globalConditions={}, className=com.google.android.libraries.inputmethod.keyboard.impl.Keyboard, resourceIds=[#0x7f17004e], initialStates=0, keyboardViewDefs=[], persistentStates=0, persistentStatesPrefKey=null, popupBubbleLayoutId=#0x0, recentKeyLayoutId=#0x0, recentKeyPopupLayoutId=#0x0, recentKeyType=null, rememberRecentKey=NONE, sessionStates=0}, type=BODY, helpersCreated={}, context.getResources().getConfiguration(): {1.0 310mcc260mnc [en_US] ldltr sw411dp w411dp h923dp 420dpi nrml long compactNeeded port finger qwerty/v/v dpad/v winConfig={ mBounds=Rect(0, 0 - 1080, 2424) mAppBounds=Rect(0, 0 - 1080, 2424) mMaxBounds=Rect(0, 0 - 1080, 2424) mDisplayRotation=ROTATION_0 mWindowingMode=fullscreen mActivityType=undefined mAlwaysOnTop=undefined mRotation=ROTATION_0} as.3 s.44 fontWeightAdjustment=0}
05-07 08:38:41.323 W/Keyboard(17995): Keyboard.getKeyboardViewHelper():607 null helper is returned: keyboardDef=nyt{processedConditions={}, globalConditions={}, className=com.google.android.libraries.inputmethod.keyboard.impl.Keyboard, resourceIds=[#0x7f17004e], initialStates=0, keyboardViewDefs=[], persistentStates=0, persistentStatesPrefKey=null, popupBubbleLayoutId=#0x0, recentKeyLayoutId=#0x0, recentKeyPopupLayoutId=#0x0, recentKeyType=null, rememberRecentKey=NONE, sessionStates=0}, type=HEADER, helpersCreated={}, context.getResources().getConfiguration(): {1.0 310mcc260mnc [en_US] ldltr sw411dp w411dp h923dp 420dpi nrml long compactNeeded port finger qwerty/v/v dpad/v winConfig={ mBounds=Rect(0, 0 - 1080, 2424) mAppBounds=Rect(0, 0 - 1080, 2424) mMaxBounds=Rect(0, 0 - 1080, 2424) mDisplayRotation=ROTATION_0 mWindowingMode=fullscreen mActivityType=undefined mAlwaysOnTop=undefined mRotation=ROTATION_0} as.3 s.44 fontWeightAdjustment=0}
05-07 08:38:41.323 W/Keyboard(17995): Keyboard.getKeyboardViewHelper():607 null helper is returned: keyboardDef=nyt{processedConditions={}, globalConditions={}, className=com.google.android.libraries.inputmethod.keyboard.impl.Keyboard, resourceIds=[#0x7f17004e], initialStates=0, keyboardViewDefs=[], persistentStates=0, persistentStatesPrefKey=null, popupBubbleLayoutId=#0x0, recentKeyLayoutId=#0x0, recentKeyPopupLayoutId=#0x0, recentKeyType=null, rememberRecentKey=NONE, sessionStates=0}, type=BODY, helpersCreated={}, context.getResources().getConfiguration(): {1.0 310mcc260mnc [en_US] ldltr sw411dp w411dp h923dp 420dpi nrml long compactNeeded port finger qwerty/v/v dpad/v winConfig={ mBounds=Rect(0, 0 - 1080, 2424) mAppBounds=Rect(0, 0 - 1080, 2424) mMaxBounds=Rect(0, 0 - 1080, 2424) mDisplayRotation=ROTATION_0 mWindowingMode=fullscreen mActivityType=undefined mAlwaysOnTop=undefined mRotation=ROTATION_0} as.3 s.44 fontWeightAdjustment=0}
05-07 08:38:41.324 W/Keyboard(17995): Keyboard.getKeyboardViewHelper():607 null helper is returned: keyboardDef=nyt{processedConditions={}, globalConditions={}, className=com.google.android.libraries.inputmethod.keyboard.impl.Keyboard, resourceIds=[#0x7f17004e], initialStates=0, keyboardViewDefs=[], persistentStates=0, persistentStatesPrefKey=null, popupBubbleLayoutId=#0x0, recentKeyLayoutId=#0x0, recentKeyPopupLayoutId=#0x0, recentKeyType=null, rememberRecentKey=NONE, sessionStates=0}, type=FLOATING_CANDIDATES, helpersCreated={}, context.getResources().getConfiguration(): {1.0 310mcc260mnc [en_US] ldltr sw411dp w411dp h923dp 420dpi nrml long compactNeeded port finger qwerty/v/v dpad/v winConfig={ mBounds=Rect(0, 0 - 1080, 2424) mAppBounds=Rect(0, 0 - 1080, 2424) mMaxBounds=Rect(0, 0 - 1080, 2424) mDisplayRotation=ROTATION_0 mWindowingMode=fullscreen mActivityType=undefined mAlwaysOnTop=undefined mRotation=ROTATION_0} as.3 s.44 fontWeightAdjustment=0}
05-07 08:38:41.324 W/Keyboard(17995): Keyboard.getKeyboardViewHelper():607 null helper is returned: keyboardDef=nyt{processedConditions={}, globalConditions={}, className=com.google.android.libraries.inputmethod.keyboard.impl.Keyboard, resourceIds=[#0x7f17004e], initialStates=0, keyboardViewDefs=[], persistentStates=0, persistentStatesPrefKey=null, popupBubbleLayoutId=#0x0, recentKeyLayoutId=#0x0, recentKeyPopupLayoutId=#0x0, recentKeyType=null, rememberRecentKey=NONE, sessionStates=0}, type=WIDGET, helpersCreated={}, context.getResources().getConfiguration(): {1.0 310mcc260mnc [en_US] ldltr sw411dp w411dp h923dp 420dpi nrml long compactNeeded port finger qwerty/v/v dpad/v winConfig={ mBounds=Rect(0, 0 - 1080, 2424) mAppBounds=Rect(0, 0 - 1080, 2424) mMaxBounds=Rect(0, 0 - 1080, 2424) mDisplayRotation=ROTATION_0 mWindowingMode=fullscreen mActivityType=undefined mAlwaysOnTop=undefined mRotation=ROTATION_0} as.3 s.44 fontWeightAdjustment=0}
05-07 08:38:41.327 W/Keyboard(17995): Keyboard.getKeyboardViewHelper():607 null helper is returned: keyboardDef=nyt{processedConditions={}, globalConditions={global_theme_key=theme,!gsf,!pgsans,!pgsf,!use_system_font,BORDER,FLAVOR_DPI=XXHDPI,IS_LIGHT,KEYBOARD_WIDTH_CATEGORY=NORMAL,KEY_BORDER_SHAPE=1,LIGHT_THEME=true,PHYSICAL_DIAGONAL=6.0111027,POPUP,SCREEN_SHORTEST_WIDTH=411,SCREEN_SHORTEST_WIDTH_NO_SCALE=411,SW400DP,XXHDPI,bottom4dp,enable_popup_on_keypress=true,keyboard_redesign_google_sans=true,non_linear_scale,noshadow,overlay_builtin_dynamic_color_light_base.binarypb:gm3-light-fffaf8fe-ff4c5e8b-4fb1adea13304a190d4abf12326cf60c,silkpopup, global_locale=en_US, global_density_dpi=420, global_orientation=1}, className=.latin.keyboard.AccessoryKeyboard, resourceIds=[#0x7f17004d], initialStates=0, keyboardViewDefs=[nzi{direction=null, id=#0x7f0b0226, isScalable=false, layoutId=#0x7f0e0030, type=FLOATING_CANDIDATES, touchable=true, defaultShow=false}], persistentStates=0, persistentStatesPrefKey=null, popupBubbleLayoutId=#0x7f0e0609, recentKeyLayoutId=#0x0, recentKeyPopupLayoutId=#0x0, recentKeyType=null, rememberRecentKey=NONE, sessionStates=0}, type=HEADER, helpersCreated={FLOATING_CANDIDATES=njq@8b1df9a}, context.getResources().getConfiguration(): {1.0 310mcc260mnc [en_US] ldltr sw411dp w411dp h923dp 420dpi nrml long compactNeeded port finger qwerty/v/v dpad/v winConfig={ mBounds=Rect(0, 0 - 1080, 2424) mAppBounds=Rect(0, 0 - 1080, 2424) mMaxBounds=Rect(0, 0 - 1080, 2424) mDisplayRotation=ROTATION_0 mWindowingMode=fullscreen mActivityType=undefined mAlwaysOnTop=undefined mRotation=ROTATION_0} as.3 s.44 fontWeightAdjustment=0}
05-07 08:38:41.330 W/Keyboard(17995): Keyboard.getKeyboardViewHelper():607 null helper is returned: keyboardDef=nyt{processedConditions={}, globalConditions={global_theme_key=theme,!gsf,!pgsans,!pgsf,!use_system_font,BORDER,FLAVOR_DPI=XXHDPI,IS_LIGHT,KEYBOARD_WIDTH_CATEGORY=NORMAL,KEY_BORDER_SHAPE=1,LIGHT_THEME=true,PHYSICAL_DIAGONAL=6.0111027,POPUP,SCREEN_SHORTEST_WIDTH=411,SCREEN_SHORTEST_WIDTH_NO_SCALE=411,SW400DP,XXHDPI,bottom4dp,enable_popup_on_keypress=true,keyboard_redesign_google_sans=true,non_linear_scale,noshadow,overlay_builtin_dynamic_color_light_base.binarypb:gm3-light-fffaf8fe-ff4c5e8b-4fb1adea13304a190d4abf12326cf60c,silkpopup, global_locale=en_US, global_density_dpi=420, global_orientation=1}, className=.latin.keyboard.AccessoryKeyboard, resourceIds=[#0x7f17004d], initialStates=0, keyboardViewDefs=[nzi{direction=null, id=#0x7f0b0226, isScalable=false, layoutId=#0x7f0e0030, type=FLOATING_CANDIDATES, touchable=true, defaultShow=false}], persistentStates=0, persistentStatesPrefKey=null, popupBubbleLayoutId=#0x7f0e0609, recentKeyLayoutId=#0x0, recentKeyPopupLayoutId=#0x0, recentKeyType=null, rememberRecentKey=NONE, sessionStates=0}, type=BODY, helpersCreated={FLOATING_CANDIDATES=njq@8b1df9a}, context.getResources().getConfiguration(): {1.0 310mcc260mnc [en_US] ldltr sw411dp w411dp h923dp 420dpi nrml long compactNeeded port finger qwerty/v/v dpad/v winConfig={ mBounds=Rect(0, 0 - 1080, 2424) mAppBounds=Rect(0, 0 - 1080, 2424) mMaxBounds=Rect(0, 0 - 1080, 2424) mDisplayRotation=ROTATION_0 mWindowingMode=fullscreen mActivityType=undefined mAlwaysOnTop=undefined mRotation=ROTATION_0} as.3 s.44 fontWeightAdjustment=0}
05-07 08:38:41.335 W/ExtensionWrapper(17995): ExtensionWrapper.setAllowUpdateNavigationBarStyle():887 class ktu is not activate
05-07 08:38:41.336 W/StatusViewController(17995): StatusViewController.updateKeyboardView():46 Failed to inflate voice header view [UD]
05-07 08:38:41.339 W/ExtensionWrapper(17995): ExtensionWrapper.setAllowUpdateNavigationBarStyle():887 class ktu is not activate
05-07 08:38:41.345 W/ExtensionWrapper(17995): ExtensionWrapper.setExtensionViewVisibility():878 interface nni is not activate
05-07 08:38:41.352 W/AccessPointsManager(17995): AccessPointsManager.addAccessPoint():1088 The holder controller #0x7f0b2478 is not registered
05-07 08:38:41.359 W/AccessPointsManager(17995): AccessPointsManager.addAccessPoint():1088 The holder controller #0x7f0b2478 is not registered
05-07 08:38:41.374 W/skia    (  529): AGTM parsing failed flags.readFromStream(s) at 159
05-07 08:38:41.374 W/skia    (  529): AGTM parsing failed flags.readFromStream(s) at 159
05-07 08:38:41.383 W/StatusViewController(17995): StatusViewController.updateKeyboardView():46 Failed to inflate voice header view [UD]
05-07 08:38:41.399 W/native  (17995): W0000 00:00:1778161121.399198   18025 tf_recognizer.cc:133] Overriding rewriter in processor from 'codepoints' to 'singlechar' for language scribe
05-07 08:38:41.402 W/native  (17995): W0000 00:00:1778161121.402871   18037 fst-model-loader.cc:866] The section id=0x4000000000 is not recognized. Skipping.
05-07 08:38:41.406 W/native  (17995): W0000 00:00:1778161121.406240   18025 tf_recognizer.cc:402] Requested external segmentation for 0ac198e7c0668d1e, but this recognizer (lang: scribe) does not provide segmentation.
05-07 08:38:41.454 W/NotificationCenter(17995): NotificationCenter$NotificationQueue.notifyPendingNotificationsOnExecutor():877 Heavy notify work detected on UI thread: [kvs->ktq] takes 73ms
05-07 08:38:41.464 W/Keyboard(17995): Keyboard.getKeyboardViewHelper():607 null helper is returned: keyboardDef=nyt{processedConditions={}, globalConditions={}, className=com.google.android.libraries.inputmethod.keyboard.impl.Keyboard, resourceIds=[#0x7f17004e], initialStates=0, keyboardViewDefs=[], persistentStates=0, persistentStatesPrefKey=null, popupBubbleLayoutId=#0x0, recentKeyLayoutId=#0x0, recentKeyPopupLayoutId=#0x0, recentKeyType=null, rememberRecentKey=NONE, sessionStates=0}, type=BODY, helpersCreated={}, context.getResources().getConfiguration(): {1.0 310mcc260mnc [en_US] ldltr sw411dp w411dp h923dp 420dpi nrml long compactNeeded port finger qwerty/v/v dpad/v winConfig={ mBounds=Rect(0, 0 - 1080, 2424) mAppBounds=Rect(0, 0 - 1080, 2424) mMaxBounds=Rect(0, 0 - 1080, 2424) mDisplayRotation=ROTATION_0 mWindowingMode=fullscreen mActivityType=undefined mAlwaysOnTop=undefined mRotation=ROTATION_0} as.3 s.44 fontWeightAdjustment=0}
05-07 08:38:41.464 W/Keyboard(17995): Keyboard.getKeyboardViewHelper():607 null helper is returned: keyboardDef=nyt{processedConditions={}, globalConditions={}, className=com.google.android.libraries.inputmethod.keyboard.impl.Keyboard, resourceIds=[#0x7f17004e], initialStates=0, keyboardViewDefs=[], persistentStates=0, persistentStatesPrefKey=null, popupBubbleLayoutId=#0x0, recentKeyLayoutId=#0x0, recentKeyPopupLayoutId=#0x0, recentKeyType=null, rememberRecentKey=NONE, sessionStates=0}, type=BODY, helpersCreated={}, context.getResources().getConfiguration(): {1.0 310mcc260mnc [en_US] ldltr sw411dp w411dp h923dp 420dpi nrml long compactNeeded port finger qwerty/v/v dpad/v winConfig={ mBounds=Rect(0, 0 - 1080, 2424) mAppBounds=Rect(0, 0 - 1080, 2424) mMaxBounds=Rect(0, 0 - 1080, 2424) mDisplayRotation=ROTATION_0 mWindowingMode=fullscreen mActivityType=undefined mAlwaysOnTop=undefined mRotation=ROTATION_0} as.3 s.44 fontWeightAdjustment=0}
05-07 08:38:41.486 W/skia    (  529): AGTM parsing failed flags.readFromStream(s) at 159
05-07 08:38:41.487 W/skia    (  529): AGTM parsing failed flags.readFromStream(s) at 159
05-07 08:38:41.498 W/putmethod.latin(17995): Suspending all threads took: 17.440ms
05-07 08:38:41.506 W/Delight5Decoder(17995): Delight5DecoderWrapper.getTimerTypeForLoadLanguageModule():944 Cannot find timer type for loading language model 29
05-07 08:38:41.532 W/TooltipLifecycleManager(17995): TooltipLifecycleManager.dismissTooltips():153 Tooltip with id spell_check_add_to_dictionary not found in tooltipManager.
