05-07 09:12:40.239 W/MagnificationConnectionManager(22939): requestConnection duplicated request: connect=false, mConnectionState=DISCONNECTED
05-07 09:12:40.244 W/Looper  (22939): Slow dispatch took 107ms main app=system_server main=true group=FOREGROUND h=com.android.server.accessibility.AccessibilityManagerService$MainHandler c=com.android.server.accessibility.AccessibilityManagerService$$ExternalSyntheticLambda35@68d6134 m=0
05-07 09:12:40.249 W/libbinder.IPCThreadState(22939): Sending oneway calls to frozen process.
05-07 09:12:40.249 W/libbinder.IPCThreadState(22939): Sending oneway calls to frozen process.
05-07 09:12:40.251 W/libbinder.IPCThreadState(22939): Sending oneway calls to frozen process.
05-07 09:12:40.254 W/libbinder.IPCThreadState(22939): Sending oneway calls to frozen process.
05-07 09:12:40.254 W/libbinder.IPCThreadState(22939): Sending oneway calls to frozen process.
05-07 09:12:40.256 W/libbinder.IPCThreadState(22939): Sending oneway calls to frozen process.
05-07 09:12:40.261 W/MagnificationConnectionManager(22939): requestConnection duplicated request: connect=false, mConnectionState=DISCONNECTED
05-07 09:12:40.265 W/MagnificationConnectionManager(22939): requestConnection duplicated request: connect=false, mConnectionState=DISCONNECTED
05-07 09:12:40.268 W/libbinder.IPCThreadState(22939): Sending oneway calls to frozen process.
05-07 09:12:40.268 W/libbinder.IPCThreadState(22939): Sending oneway calls to frozen process.
05-07 09:12:40.268 W/libbinder.IPCThreadState(22939): Sending oneway calls to frozen process.
05-07 09:12:40.272 W/libbinder.IPCThreadState(22939): Sending oneway calls to frozen process.
05-07 09:12:40.272 W/libbinder.IPCThreadState(22939): Sending oneway calls to frozen process.
05-07 09:12:40.273 W/libbinder.IPCThreadState(22939): Sending oneway calls to frozen process.
05-07 09:12:40.548 W/PersonalSafety(26411): Reject: Too frequent location with insignificant accuracy improvement. [CONTEXT service_id=310 ]
05-07 09:12:40.559 W/ApplicationInfo(22939): Large ApplicationInfo parcel: size=17700 package=com.google.android.googlequicksearchbox sharedLibs=3 resDirs=2 overlayPaths=2
05-07 09:12:40.603 W/PersonalSafety(26411): BleScanner not running, ignore location update [CONTEXT service_id=310 ]
05-07 09:12:40.724 W/libbinder.Binder(22939): Binder transaction to android.content.pm.IPackageManager, function: UNKNOWN_FUNCTION_NAME, code: 1598311760, took 1055ms. Data bytes: 80 Reply bytes: 4 Flags: 16
05-07 09:12:41.416 W/ApplicationInfo(22939): Large ApplicationInfo parcel: size=17700 package=com.google.android.googlequicksearchbox sharedLibs=3 resDirs=2 overlayPaths=2
05-07 09:12:42.679 W/ApplicationInfo(22939): Large ApplicationInfo parcel: size=17700 package=com.google.android.googlequicksearchbox sharedLibs=3 resDirs=2 overlayPaths=2
05-07 09:12:42.680 W/ApplicationInfo(22939): Large ApplicationInfo parcel: size=17700 package=com.google.android.googlequicksearchbox sharedLibs=3 resDirs=2 overlayPaths=2
05-07 09:12:42.716 W/ApplicationInfo(22939): Large ApplicationInfo parcel: size=17700 package=com.google.android.googlequicksearchbox sharedLibs=3 resDirs=2 overlayPaths=2
05-07 09:12:42.729 W/ApplicationInfo(22939): Large ApplicationInfo parcel: size=17700 package=com.google.android.googlequicksearchbox sharedLibs=3 resDirs=2 overlayPaths=2
05-07 09:12:42.733 W/ApplicationInfo(22939): Large ApplicationInfo parcel: size=17700 package=com.google.android.googlequicksearchbox sharedLibs=3 resDirs=2 overlayPaths=2
05-07 09:12:42.741 W/ApplicationInfo(22939): Large ApplicationInfo parcel: size=17700 package=com.google.android.googlequicksearchbox sharedLibs=3 resDirs=2 overlayPaths=2
05-07 09:12:42.743 W/ApplicationInfo(22939): Large ApplicationInfo parcel: size=17700 package=com.google.android.googlequicksearchbox sharedLibs=3 resDirs=2 overlayPaths=2
05-07 09:12:43.644 W/ApplicationInfo(22939): Large ApplicationInfo parcel: size=17700 package=com.google.android.googlequicksearchbox sharedLibs=3 resDirs=2 overlayPaths=2
05-07 09:12:47.779 W/Looper  (23243): Slow dispatch took 1275ms SysUiBg app=com.android.systemui main=false group=FOREGROUND h=android.net.ConnectivityManager$CallbackHandler c=null m=6
05-07 09:12:47.781 W/Looper  (23243): Slow delivery took 1759ms SysUiBg app=com.android.systemui main=false group=FOREGROUND h=android.net.ConnectivityManager$CallbackHandler c=null m=6
05-07 09:12:48.009 W/libbinder.Binder(22939): Binder transaction to android.net.wifi.IWifiManager, function: UNKNOWN_FUNCTION_NAME, code: 41, took 1493ms. Data bytes: 184 Reply bytes: 576 Flags: 16
05-07 09:12:48.126 W/Looper  (23243): Drained
05-07 09:12:48.970 E/SharingClientImpl(26494): Unsuspend failed: null
05-07 09:12:50.076 W/ApplicationInfo(22939): Large ApplicationInfo parcel: size=17700 package=com.google.android.googlequicksearchbox sharedLibs=3 resDirs=2 overlayPaths=2
05-07 09:12:50.083 W/PackageInfo(22939): Large parcel: size=17964 pkg=com.google.android.googlequicksearchbox uid=10158 prevAllowSquashing=false
05-07 09:12:50.157 W/Looper  (22939): Slow dispatch took 135ms android.ui app=system_server main=false group=TOP_APP h=com.android.server.am.ActivityManagerService$UiHandler c=com.android.server.am.UidObserverController$$ExternalSyntheticLambda0@8fa8333 m=0
05-07 09:12:50.440 W/Looper  (22939): Slow dispatch took 683ms android.perm app=system_server main=false group=FOREGROUND h=android.os.Handler c=com.android.internal.infra.ServiceConnector$Impl$$ExternalSyntheticLambda0@491f2d5 m=0
05-07 09:12:50.761 W/ssioncontroller(28300): Suspending all threads took: 26.822ms
05-07 09:12:51.732 W/Looper  (23243): Slow dispatch took 1172ms SysUiBg app=com.android.systemui main=false group=FOREGROUND h=com.android.systemui.appops.AppOpsControllerImpl$H c=com.android.systemui.appops.AppOpsControllerImpl$H$1@92c837b m=0
05-07 09:12:52.059 W/libbinder.Binder(26494): Binder transaction to com.google.android.gms.common.internal.IGmsServiceBroker, function: UNKNOWN_FUNCTION_NAME, code: 46, took 1007ms. Data bytes: 824 Reply bytes: 4 Flags: 18
05-07 09:12:52.937 W/Looper  (23243): Slow delivery took 1022ms SysUiBg app=com.android.systemui main=false group=FOREGROUND h=android.os.Handler c=android.telephony.TelephonyCallback$IPhoneStateListenerStub$$ExternalSyntheticLambda58@425a598 m=0
05-07 09:12:52.937 W/Looper  (23243): Slow dispatch took 1204ms SysUiBg app=com.android.systemui main=false group=FOREGROUND h=android.os.Handler c=android.telephony.TelephonyCallback$IPhoneStateListenerStub$$ExternalSyntheticLambda58@425a598 m=0
05-07 09:12:53.346 W/System  (29494): A resource failed to call close. 
05-07 09:12:53.346 W/System  (29494): A resource failed to call close. 
05-07 09:12:53.378 W/Looper  (23243): Drained
05-07 09:12:55.515 W/skia    (  529): AGTM parsing failed flags.readFromStream(s) at 159
05-07 09:12:56.098 W/libbinder.Binder(22939): Binder transaction to android.content.pm.IPackageManager, function: UNKNOWN_FUNCTION_NAME, code: 1598311760, took 3159ms. Data bytes: 80 Reply bytes: 4 Flags: 16
05-07 09:13:00.189 W/skia    (  529): AGTM parsing failed flags.readFromStream(s) at 159
05-07 09:13:11.641 W/JobInfo (29578): Requested important-while-foreground flag for job0 is ignored and takes no effect
05-07 09:13:11.663 W/JobInfo (29578): Requested important-while-foreground flag for job1 is ignored and takes no effect
05-07 09:13:11.667 W/JobInfo (29578): Requested important-while-foreground flag for job2 is ignored and takes no effect
05-07 09:13:11.684 W/JobInfo (29578): Requested important-while-foreground flag for job3 is ignored and takes no effect
05-07 09:13:11.707 W/JobInfo (29578): Requested important-while-foreground flag for job40 is ignored and takes no effect
05-07 09:13:11.712 W/JobInfo (29578): Requested important-while-foreground flag for job10 is ignored and takes no effect
05-07 09:13:11.716 W/JobInfo (29578): Requested important-while-foreground flag for job11 is ignored and takes no effect
05-07 09:13:11.720 W/JobInfo (29578): Requested important-while-foreground flag for job12 is ignored and takes no effect
05-07 09:13:11.733 W/JobInfo (29578): Requested important-while-foreground flag for job13 is ignored and takes no effect
05-07 09:13:11.752 W/JobInfo (29578): Requested important-while-foreground flag for job45 is ignored and takes no effect
05-07 09:13:11.757 W/JobInfo (29578): Requested important-while-foreground flag for job50 is ignored and takes no effect
05-07 09:13:11.761 W/JobInfo (29578): Requested important-while-foreground flag for job47 is ignored and takes no effect
05-07 09:13:11.827 W/JobInfo (29578): Requested important-while-foreground flag for job65 is ignored and takes no effect
05-07 09:13:19.330 W/skia    (  529): AGTM parsing failed flags.readFromStream(s) at 159
05-07 09:13:39.325 W/skia    (  529): AGTM parsing failed flags.readFromStream(s) at 159
05-07 09:13:44.444 W/libbinder.IPCThreadState(22939): Sending oneway calls to frozen process.
05-07 09:13:44.444 W/libbinder.IPCThreadState(22939): Sending oneway calls to frozen process.
05-07 09:13:44.445 W/libbinder.IPCThreadState(22939): Sending oneway calls to frozen process.
05-07 09:13:44.445 W/libbinder.IPCThreadState(22939): Sending oneway calls to frozen process.
05-07 09:13:44.445 W/libbinder.IPCThreadState(22939): Sending oneway calls to frozen process.
05-07 09:13:44.445 W/libbinder.IPCThreadState(22939): Sending oneway calls to frozen process.
05-07 09:13:47.097 E/GnssPsdsDownloader(22939): No Long-Term PSDS servers were specified in the GnssConfiguration
05-07 09:13:50.451 W/libbinder.IPCThreadState(22939): Sending oneway calls to frozen process.
05-07 09:13:50.451 W/libbinder.IPCThreadState(22939): Sending oneway calls to frozen process.
05-07 09:13:50.451 W/libbinder.IPCThreadState(22939): Sending oneway calls to frozen process.
05-07 09:13:50.451 W/libbinder.IPCThreadState(22939): Sending oneway calls to frozen process.
05-07 09:13:50.451 W/libbinder.IPCThreadState(22939): Sending oneway calls to frozen process.
05-07 09:13:50.451 W/libbinder.IPCThreadState(22939): Sending oneway calls to frozen process.
05-07 09:14:00.141 W/skia    (  529): AGTM parsing failed flags.readFromStream(s) at 159
05-07 09:14:08.541 W/libbinder.IPCThreadState(22939): Sending oneway calls to frozen process.
05-07 09:14:08.541 W/libbinder.IPCThreadState(22939): Sending oneway calls to frozen process.
05-07 09:14:08.542 W/libbinder.IPCThreadState(22939): Sending oneway calls to frozen process.
05-07 09:14:08.542 W/libbinder.IPCThreadState(22939): Sending oneway calls to frozen process.
05-07 09:14:08.542 W/libbinder.IPCThreadState(22939): Sending oneway calls to frozen process.
05-07 09:14:08.543 W/libbinder.IPCThreadState(22939): Sending oneway calls to frozen process.
05-07 09:14:08.544 W/libbinder.IPCThreadState(22939): Sending oneway calls to frozen process.
05-07 09:14:08.545 W/libbinder.IPCThreadState(22939): Sending oneway calls to frozen process.
05-07 09:14:14.592 W/libbinder.IPCThreadState(22939): Sending oneway calls to frozen process.
05-07 09:14:14.592 W/libbinder.IPCThreadState(22939): Sending oneway calls to frozen process.
05-07 09:14:14.592 W/libbinder.IPCThreadState(22939): Sending oneway calls to frozen process.
05-07 09:14:14.592 W/libbinder.IPCThreadState(22939): Sending oneway calls to frozen process.
05-07 09:14:14.592 W/libbinder.IPCThreadState(22939): Sending oneway calls to frozen process.
05-07 09:14:14.592 W/libbinder.IPCThreadState(22939): Sending oneway calls to frozen process.
05-07 09:14:14.594 W/libbinder.IPCThreadState(22939): Sending oneway calls to frozen process.
05-07 09:14:14.594 W/libbinder.IPCThreadState(22939): Sending oneway calls to frozen process.
05-07 09:14:19.498 W/skia    (  529): AGTM parsing failed flags.readFromStream(s) at 159
05-07 09:14:23.741 W/libbinder.IPCThreadState(22939): Sending oneway calls to frozen process.
05-07 09:14:23.741 W/libbinder.IPCThreadState(22939): Sending oneway calls to frozen process.
05-07 09:14:23.741 W/libbinder.IPCThreadState(22939): Sending oneway calls to frozen process.
05-07 09:14:23.741 W/libbinder.IPCThreadState(22939): Sending oneway calls to frozen process.
05-07 09:14:23.742 W/libbinder.IPCThreadState(22939): Sending oneway calls to frozen process.
05-07 09:14:23.742 W/libbinder.IPCThreadState(22939): Sending oneway calls to frozen process.
05-07 09:14:23.744 W/libbinder.IPCThreadState(22939): Sending oneway calls to frozen process.
05-07 09:14:23.745 W/libbinder.IPCThreadState(22939): Sending oneway calls to frozen process.
05-07 09:14:29.757 W/libbinder.IPCThreadState(22939): Sending oneway calls to frozen process.
05-07 09:14:29.758 W/libbinder.IPCThreadState(22939): Sending oneway calls to frozen process.
05-07 09:14:29.758 W/libbinder.IPCThreadState(22939): Sending oneway calls to frozen process.
05-07 09:14:29.758 W/libbinder.IPCThreadState(22939): Sending oneway calls to frozen process.
05-07 09:14:29.758 W/libbinder.IPCThreadState(22939): Sending oneway calls to frozen process.
05-07 09:14:29.758 W/libbinder.IPCThreadState(22939): Sending oneway calls to frozen process.
05-07 09:14:29.760 W/libbinder.IPCThreadState(22939): Sending oneway calls to frozen process.
05-07 09:14:29.761 W/libbinder.IPCThreadState(22939): Sending oneway calls to frozen process.
05-07 09:14:36.591 E/Nl80211Native(22939): getChannelsMhzForBand: Wiphy index not recorded for band 8
05-07 09:14:36.591 E/Nl80211Native(22939): getChannelsMhzForBand: Wiphy index not recorded for band 16
05-07 09:14:36.726 W/Nl80211Utils(22939): Malformed NEW_INTERFACE response: missing attributes
05-07 09:14:41.717 W/libbinder.Binder(22939): Binder transaction to android.content.pm.IPackageManager, function: UNKNOWN_FUNCTION_NAME, code: 1598311760, took 1436ms. Data bytes: 80 Reply bytes: 4 Flags: 16
05-07 09:14:54.340 W/libbinder.IPCThreadState(22939): Sending oneway calls to frozen process.
05-07 09:14:54.340 W/libbinder.IPCThreadState(22939): Sending oneway calls to frozen process.
05-07 09:14:54.340 W/libbinder.IPCThreadState(22939): Sending oneway calls to frozen process.
05-07 09:14:54.340 W/libbinder.IPCThreadState(22939): Sending oneway calls to frozen process.
05-07 09:14:54.341 W/libbinder.IPCThreadState(22939): Sending oneway calls to frozen process.
05-07 09:14:54.341 W/libbinder.IPCThreadState(22939): Sending oneway calls to frozen process.
05-07 09:14:54.343 W/libbinder.IPCThreadState(22939): Sending oneway calls to frozen process.
05-07 09:14:54.343 W/libbinder.IPCThreadState(22939): Sending oneway calls to frozen process.
05-07 09:14:59.732 W/skia    (  529): AGTM parsing failed flags.readFromStream(s) at 159
05-07 09:15:00.785 W/skia    (  529): AGTM parsing failed flags.readFromStream(s) at 159
05-07 09:15:01.846 W/libbinder.Binder(22939): Binder transaction to android.content.pm.IPackageManager, function: UNKNOWN_FUNCTION_NAME, code: 1598311760, took 1885ms. Data bytes: 80 Reply bytes: 4 Flags: 16
05-07 09:15:03.451 W/libbinder.IPCThreadState(22939): Sending oneway calls to frozen process.
05-07 09:15:03.451 W/libbinder.IPCThreadState(22939): Sending oneway calls to frozen process.
05-07 09:15:03.452 W/libbinder.IPCThreadState(22939): Sending oneway calls to frozen process.
05-07 09:15:03.452 W/libbinder.IPCThreadState(22939): Sending oneway calls to frozen process.
05-07 09:15:03.452 W/libbinder.IPCThreadState(22939): Sending oneway calls to frozen process.
05-07 09:15:03.453 W/libbinder.IPCThreadState(22939): Sending oneway calls to frozen process.
05-07 09:15:03.457 W/libbinder.IPCThreadState(22939): Sending oneway calls to frozen process.
05-07 09:15:03.458 W/libbinder.IPCThreadState(22939): Sending oneway calls to frozen process.
05-07 09:15:09.538 W/libbinder.IPCThreadState(22939): Sending oneway calls to frozen process.
05-07 09:15:09.539 W/libbinder.IPCThreadState(22939): Sending oneway calls to frozen process.
05-07 09:15:09.542 W/libbinder.IPCThreadState(22939): Sending oneway calls to frozen process.
05-07 09:15:09.542 W/libbinder.IPCThreadState(22939): Sending oneway calls to frozen process.
05-07 09:15:09.542 W/libbinder.IPCThreadState(22939): Sending oneway calls to frozen process.
05-07 09:15:09.542 W/libbinder.IPCThreadState(22939): Sending oneway calls to frozen process.
05-07 09:15:09.543 W/libbinder.IPCThreadState(22939): Sending oneway calls to frozen process.
05-07 09:15:09.548 W/libbinder.IPCThreadState(22939): Sending oneway calls to frozen process.
05-07 09:15:12.455 W/ProcessStats(22939): Tracking association SourceState{5c7f64a system/1000 ImpBg #2907} whose proc state 6 is better than process ProcessState{e012953 com.google.android.apps.photos/10171 pkg=com.google.android.apps.photos} proc state 14 (0 skipped)
05-07 09:15:13.028 W/AppOps  (22939): Noting op not finished: uid 10224 pkg com.google.android.gms code 113 startTime of in progress event=1778162986723
05-07 09:15:13.164 W/AppOps  (22939): Noting op not finished: uid 10224 pkg com.google.android.gms code 79 startTime of in progress event=1778163156513
05-07 09:15:13.984 W/AppOps  (22939): Noting op not finished: uid 10224 pkg com.google.android.gms code 113 startTime of in progress event=1778162986723
05-07 09:15:18.539 W/libbinder.IPCThreadState(22939): Sending oneway calls to frozen process.
05-07 09:15:18.539 W/libbinder.IPCThreadState(22939): Sending oneway calls to frozen process.
05-07 09:15:18.540 W/libbinder.IPCThreadState(22939): Sending oneway calls to frozen process.
05-07 09:15:18.540 W/libbinder.IPCThreadState(22939): Sending oneway calls to frozen process.
05-07 09:15:18.540 W/libbinder.IPCThreadState(22939): Sending oneway calls to frozen process.
05-07 09:15:18.540 W/libbinder.IPCThreadState(22939): Sending oneway calls to frozen process.
05-07 09:15:18.541 W/libbinder.IPCThreadState(22939): Sending oneway calls to frozen process.
05-07 09:15:18.541 W/libbinder.IPCThreadState(22939): Sending oneway calls to frozen process.
05-07 09:15:19.611 W/m.android.phone(23382): Suspending all threads took: 7.637ms
05-07 09:15:42.637 W/libbinder.IPCThreadState(22939): Sending oneway calls to frozen process.
05-07 09:15:42.638 W/libbinder.IPCThreadState(22939): Sending oneway calls to frozen process.
05-07 09:15:42.638 W/libbinder.IPCThreadState(22939): Sending oneway calls to frozen process.
05-07 09:15:42.638 W/libbinder.IPCThreadState(22939): Sending oneway calls to frozen process.
05-07 09:15:42.639 W/libbinder.IPCThreadState(22939): Sending oneway calls to frozen process.
05-07 09:15:42.639 W/libbinder.IPCThreadState(22939): Sending oneway calls to frozen process.
05-07 09:15:42.639 W/libbinder.IPCThreadState(22939): Sending oneway calls to frozen process.
05-07 09:15:42.639 W/libbinder.IPCThreadState(22939): Sending oneway calls to frozen process.
05-07 09:15:48.665 W/libbinder.IPCThreadState(22939): Sending oneway calls to frozen process.
05-07 09:15:48.665 W/libbinder.IPCThreadState(22939): Sending oneway calls to frozen process.
05-07 09:15:48.665 W/libbinder.IPCThreadState(22939): Sending oneway calls to frozen process.
05-07 09:15:48.665 W/libbinder.IPCThreadState(22939): Sending oneway calls to frozen process.
05-07 09:15:48.665 W/libbinder.IPCThreadState(22939): Sending oneway calls to frozen process.
05-07 09:15:48.665 W/libbinder.IPCThreadState(22939): Sending oneway calls to frozen process.
05-07 09:15:48.667 W/libbinder.IPCThreadState(22939): Sending oneway calls to frozen process.
05-07 09:15:48.667 W/libbinder.IPCThreadState(22939): Sending oneway calls to frozen process.
05-07 09:15:49.590 W/skia    (  529): AGTM parsing failed flags.readFromStream(s) at 159
05-07 09:16:00.095 W/skia    (  529): AGTM parsing failed flags.readFromStream(s) at 159
05-07 09:16:19.613 W/skia    (  529): AGTM parsing failed flags.readFromStream(s) at 159
05-07 09:16:30.859 W/libbinder.IPCThreadState(22939): Sending oneway calls to frozen process.
05-07 09:16:30.860 W/libbinder.IPCThreadState(22939): Sending oneway calls to frozen process.
05-07 09:16:30.860 W/libbinder.IPCThreadState(22939): Sending oneway calls to frozen process.
05-07 09:16:30.860 W/libbinder.IPCThreadState(22939): Sending oneway calls to frozen process.
05-07 09:16:30.860 W/libbinder.IPCThreadState(22939): Sending oneway calls to frozen process.
05-07 09:16:30.860 W/libbinder.IPCThreadState(22939): Sending oneway calls to frozen process.
05-07 09:16:30.862 W/libbinder.IPCThreadState(22939): Sending oneway calls to frozen process.
05-07 09:16:30.863 W/libbinder.IPCThreadState(22939): Sending oneway calls to frozen process.
05-07 09:16:36.886 W/libbinder.IPCThreadState(22939): Sending oneway calls to frozen process.
05-07 09:16:36.886 W/libbinder.IPCThreadState(22939): Sending oneway calls to frozen process.
05-07 09:16:36.886 W/libbinder.IPCThreadState(22939): Sending oneway calls to frozen process.
05-07 09:16:36.886 W/libbinder.IPCThreadState(22939): Sending oneway calls to frozen process.
05-07 09:16:36.886 W/libbinder.IPCThreadState(22939): Sending oneway calls to frozen process.
05-07 09:16:36.886 W/libbinder.IPCThreadState(22939): Sending oneway calls to frozen process.
05-07 09:16:36.890 W/libbinder.IPCThreadState(22939): Sending oneway calls to frozen process.
05-07 09:16:36.890 W/libbinder.IPCThreadState(22939): Sending oneway calls to frozen process.
05-07 09:16:39.630 W/skia    (  529): AGTM parsing failed flags.readFromStream(s) at 159
05-07 09:16:45.932 W/libbinder.IPCThreadState(22939): Sending oneway calls to frozen process.
05-07 09:16:45.932 W/libbinder.IPCThreadState(22939): Sending oneway calls to frozen process.
05-07 09:16:45.932 W/libbinder.IPCThreadState(22939): Sending oneway calls to frozen process.
05-07 09:16:45.932 W/libbinder.IPCThreadState(22939): Sending oneway calls to frozen process.
05-07 09:16:45.932 W/libbinder.IPCThreadState(22939): Sending oneway calls to frozen process.
05-07 09:16:45.933 W/libbinder.IPCThreadState(22939): Sending oneway calls to frozen process.
05-07 09:16:45.935 W/libbinder.IPCThreadState(22939): Sending oneway calls to frozen process.
05-07 09:16:45.936 W/libbinder.IPCThreadState(22939): Sending oneway calls to frozen process.
05-07 09:16:54.974 W/libbinder.IPCThreadState(22939): Sending oneway calls to frozen process.
05-07 09:16:54.974 W/libbinder.IPCThreadState(22939): Sending oneway calls to frozen process.
05-07 09:16:54.974 W/libbinder.IPCThreadState(22939): Sending oneway calls to frozen process.
05-07 09:16:54.974 W/libbinder.IPCThreadState(22939): Sending oneway calls to frozen process.
05-07 09:16:54.974 W/libbinder.IPCThreadState(22939): Sending oneway calls to frozen process.
05-07 09:16:54.975 W/libbinder.IPCThreadState(22939): Sending oneway calls to frozen process.
05-07 09:16:54.977 W/libbinder.IPCThreadState(22939): Sending oneway calls to frozen process.
05-07 09:16:54.977 W/libbinder.IPCThreadState(22939): Sending oneway calls to frozen process.
05-07 09:17:00.058 W/skia    (  529): AGTM parsing failed flags.readFromStream(s) at 159
05-07 09:17:16.595 E/Nl80211Native(22939): getChannelsMhzForBand: Wiphy index not recorded for band 8
05-07 09:17:16.595 E/Nl80211Native(22939): getChannelsMhzForBand: Wiphy index not recorded for band 16
05-07 09:17:16.715 W/Nl80211Utils(22939): Malformed NEW_INTERFACE response: missing attributes
05-07 09:17:19.655 W/skia    (  529): AGTM parsing failed flags.readFromStream(s) at 159
05-07 09:17:25.135 W/libbinder.IPCThreadState(22939): Sending oneway calls to frozen process.
05-07 09:17:25.136 W/libbinder.IPCThreadState(22939): Sending oneway calls to frozen process.
05-07 09:17:25.136 W/libbinder.IPCThreadState(22939): Sending oneway calls to frozen process.
05-07 09:17:25.136 W/libbinder.IPCThreadState(22939): Sending oneway calls to frozen process.
05-07 09:17:25.136 W/libbinder.IPCThreadState(22939): Sending oneway calls to frozen process.
05-07 09:17:25.136 W/libbinder.IPCThreadState(22939): Sending oneway calls to frozen process.
05-07 09:17:25.139 W/libbinder.IPCThreadState(22939): Sending oneway calls to frozen process.
05-07 09:17:25.140 W/libbinder.IPCThreadState(22939): Sending oneway calls to frozen process.
05-07 09:17:34.194 W/libbinder.IPCThreadState(22939): Sending oneway calls to frozen process.
05-07 09:17:34.195 W/libbinder.IPCThreadState(22939): Sending oneway calls to frozen process.
05-07 09:17:34.195 W/libbinder.IPCThreadState(22939): Sending oneway calls to frozen process.
05-07 09:17:34.195 W/libbinder.IPCThreadState(22939): Sending oneway calls to frozen process.
05-07 09:17:34.195 W/libbinder.IPCThreadState(22939): Sending oneway calls to frozen process.
05-07 09:17:34.195 W/libbinder.IPCThreadState(22939): Sending oneway calls to frozen process.
05-07 09:17:34.197 W/libbinder.IPCThreadState(22939): Sending oneway calls to frozen process.
05-07 09:17:34.197 W/libbinder.IPCThreadState(22939): Sending oneway calls to frozen process.
05-07 09:17:40.190 W/BtScan.ScanManager(29494): handleRegularScanTimeout(ScanClient(com.google.android.gmsid=1, mode[BALANCED, used=BALANCED])): Moving filtered scan to downgraded scan
05-07 09:17:40.198 W/BtScan.ScanManager(29494): handleRegularScanTimeout(ScanClient(com.google.android.gmsid=2, mode[BALANCED, used=BALANCED])): Moving filtered scan to downgraded scan
05-07 09:17:59.700 W/skia    (  529): AGTM parsing failed flags.readFromStream(s) at 159
05-07 09:18:00.056 W/skia    (  529): AGTM parsing failed flags.readFromStream(s) at 159
05-07 09:18:00.155 W/System  (23243): A resource failed to call release. 
05-07 09:18:00.158 W/System  (23243): A resource failed to call release. 
05-07 09:18:00.158 W/System  (23243): A resource failed to call release. 
05-07 09:18:27.789 W/WakeLock(26411): GCM_HB_ALARM release without a matched acquire! [CONTEXT service_id=259 ]
05-07 09:18:27.821 W/WakeLock(26411): GCM_HB_ALARM release without a matched acquire! [CONTEXT service_id=259 ]
05-07 09:18:27.821 W/WakeLock(26411): GCM_HB_ALARM counter does not exist
05-07 09:18:37.477 W/libbinder.IPCThreadState(22939): Sending oneway calls to frozen process.
05-07 09:18:37.477 W/libbinder.IPCThreadState(22939): Sending oneway calls to frozen process.
05-07 09:18:37.477 W/libbinder.IPCThreadState(22939): Sending oneway calls to frozen process.
05-07 09:18:37.477 W/libbinder.IPCThreadState(22939): Sending oneway calls to frozen process.
05-07 09:18:37.477 W/libbinder.IPCThreadState(22939): Sending oneway calls to frozen process.
05-07 09:18:37.477 W/libbinder.IPCThreadState(22939): Sending oneway calls to frozen process.
05-07 09:18:37.479 W/libbinder.IPCThreadState(22939): Sending oneway calls to frozen process.
05-07 09:18:37.479 W/libbinder.IPCThreadState(22939): Sending oneway calls to frozen process.
05-07 09:18:40.495 W/libbinder.IPCThreadState(22939): Sending oneway calls to frozen process.
05-07 09:18:40.495 W/libbinder.IPCThreadState(22939): Sending oneway calls to frozen process.
05-07 09:18:40.495 W/libbinder.IPCThreadState(22939): Sending oneway calls to frozen process.
05-07 09:18:40.495 W/libbinder.IPCThreadState(22939): Sending oneway calls to frozen process.
05-07 09:18:40.495 W/libbinder.IPCThreadState(22939): Sending oneway calls to frozen process.
05-07 09:18:40.495 W/libbinder.IPCThreadState(22939): Sending oneway calls to frozen process.
05-07 09:18:40.497 W/libbinder.IPCThreadState(22939): Sending oneway calls to frozen process.
05-07 09:18:40.498 W/libbinder.IPCThreadState(22939): Sending oneway calls to frozen process.
05-07 09:18:43.509 W/libbinder.IPCThreadState(22939): Sending oneway calls to frozen process.
05-07 09:18:43.509 W/libbinder.IPCThreadState(22939): Sending oneway calls to frozen process.
05-07 09:18:43.509 W/libbinder.IPCThreadState(22939): Sending oneway calls to frozen process.
05-07 09:18:43.509 W/libbinder.IPCThreadState(22939): Sending oneway calls to frozen process.
05-07 09:18:43.510 W/libbinder.IPCThreadState(22939): Sending oneway calls to frozen process.
05-07 09:18:43.510 W/libbinder.IPCThreadState(22939): Sending oneway calls to frozen process.
05-07 09:18:43.510 W/libbinder.IPCThreadState(22939): Sending oneway calls to frozen process.
05-07 09:18:43.510 W/libbinder.IPCThreadState(22939): Sending oneway calls to frozen process.
05-07 09:18:46.527 W/libbinder.IPCThreadState(22939): Sending oneway calls to frozen process.
05-07 09:18:46.527 W/libbinder.IPCThreadState(22939): Sending oneway calls to frozen process.
05-07 09:18:46.527 W/libbinder.IPCThreadState(22939): Sending oneway calls to frozen process.
05-07 09:18:46.527 W/libbinder.IPCThreadState(22939): Sending oneway calls to frozen process.
05-07 09:18:46.527 W/libbinder.IPCThreadState(22939): Sending oneway calls to frozen process.
05-07 09:18:46.528 W/libbinder.IPCThreadState(22939): Sending oneway calls to frozen process.
05-07 09:18:46.528 W/libbinder.IPCThreadState(22939): Sending oneway calls to frozen process.
05-07 09:18:46.528 W/libbinder.IPCThreadState(22939): Sending oneway calls to frozen process.
05-07 09:18:49.711 W/skia    (  529): AGTM parsing failed flags.readFromStream(s) at 159
05-07 09:19:00.056 W/skia    (  529): AGTM parsing failed flags.readFromStream(s) at 159
05-07 09:19:19.729 W/skia    (  529): AGTM parsing failed flags.readFromStream(s) at 159
05-07 09:19:38.453 W/AlarmManager(23320): Unrecognized alarm listener com.android.networkstack.android.net.ip.IpClientLinkObserver$Dhcp6PdPreferredPrefixAlarmListener@7686fb9
05-07 09:19:39.742 W/skia    (  529): AGTM parsing failed flags.readFromStream(s) at 159
05-07 09:19:40.833 W/libbinder.IPCThreadState(22939): Sending oneway calls to frozen process.
05-07 09:19:40.833 W/libbinder.IPCThreadState(22939): Sending oneway calls to frozen process.
05-07 09:19:40.833 W/libbinder.IPCThreadState(22939): Sending oneway calls to frozen process.
05-07 09:19:40.833 W/libbinder.IPCThreadState(22939): Sending oneway calls to frozen process.
05-07 09:19:40.833 W/libbinder.IPCThreadState(22939): Sending oneway calls to frozen process.
05-07 09:19:40.834 W/libbinder.IPCThreadState(22939): Sending oneway calls to frozen process.
05-07 09:19:40.838 W/libbinder.IPCThreadState(22939): Sending oneway calls to frozen process.
05-07 09:19:40.838 W/libbinder.IPCThreadState(22939): Sending oneway calls to frozen process.
05-07 09:19:49.863 W/libbinder.IPCThreadState(22939): Sending oneway calls to frozen process.
05-07 09:19:49.864 W/libbinder.IPCThreadState(22939): Sending oneway calls to frozen process.
05-07 09:19:49.864 W/libbinder.IPCThreadState(22939): Sending oneway calls to frozen process.
05-07 09:19:49.864 W/libbinder.IPCThreadState(22939): Sending oneway calls to frozen process.
05-07 09:19:49.864 W/libbinder.IPCThreadState(22939): Sending oneway calls to frozen process.
05-07 09:19:49.864 W/libbinder.IPCThreadState(22939): Sending oneway calls to frozen process.
05-07 09:19:49.866 W/libbinder.IPCThreadState(22939): Sending oneway calls to frozen process.
05-07 09:19:49.867 W/libbinder.IPCThreadState(22939): Sending oneway calls to frozen process.
05-07 09:19:56.617 E/Nl80211Native(22939): getChannelsMhzForBand: Wiphy index not recorded for band 8
05-07 09:19:56.617 E/Nl80211Native(22939): getChannelsMhzForBand: Wiphy index not recorded for band 16
05-07 09:19:56.718 W/Nl80211Utils(22939): Malformed NEW_INTERFACE response: missing attributes
05-07 09:20:00.061 W/skia    (  529): AGTM parsing failed flags.readFromStream(s) at 159
05-07 09:20:19.789 W/skia    (  529): AGTM parsing failed flags.readFromStream(s) at 159
05-07 09:20:32.019 W/AppOps  (22939): Noting op not finished: uid 10224 pkg com.google.android.gms code 113 startTime of in progress event=1778162986723
05-07 09:20:32.046 W/AppOps  (22939): Noting op not finished: uid 10224 pkg com.google.android.gms code 79 startTime of in progress event=1778163156513
05-07 09:20:33.025 W/AppOps  (22939): Noting op not finished: uid 10224 pkg com.google.android.gms code 113 startTime of in progress event=1778162986723
05-07 09:20:59.810 W/skia    (  529): AGTM parsing failed flags.readFromStream(s) at 159
05-07 09:21:00.057 W/skia    (  529): AGTM parsing failed flags.readFromStream(s) at 159
05-07 09:21:41.341 W/libbinder.IPCThreadState(22939): Sending oneway calls to frozen process.
05-07 09:21:41.344 W/libbinder.IPCThreadState(22939): Sending oneway calls to frozen process.
05-07 09:21:41.344 W/libbinder.IPCThreadState(22939): Sending oneway calls to frozen process.
05-07 09:21:41.345 W/libbinder.IPCThreadState(22939): Sending oneway calls to frozen process.
05-07 09:21:41.345 W/libbinder.IPCThreadState(22939): Sending oneway calls to frozen process.
05-07 09:21:41.345 W/libbinder.IPCThreadState(22939): Sending oneway calls to frozen process.
05-07 09:21:41.349 W/libbinder.IPCThreadState(22939): Sending oneway calls to frozen process.
05-07 09:21:41.349 W/libbinder.IPCThreadState(22939): Sending oneway calls to frozen process.
05-07 09:21:49.865 W/skia    (  529): AGTM parsing failed flags.readFromStream(s) at 159
05-07 09:21:50.396 W/libbinder.IPCThreadState(22939): Sending oneway calls to frozen process.
05-07 09:21:50.396 W/libbinder.IPCThreadState(22939): Sending oneway calls to frozen process.
05-07 09:21:50.397 W/libbinder.IPCThreadState(22939): Sending oneway calls to frozen process.
05-07 09:21:50.397 W/libbinder.IPCThreadState(22939): Sending oneway calls to frozen process.
05-07 09:21:50.397 W/libbinder.IPCThreadState(22939): Sending oneway calls to frozen process.
05-07 09:21:50.397 W/libbinder.IPCThreadState(22939): Sending oneway calls to frozen process.
05-07 09:21:50.398 W/libbinder.IPCThreadState(22939): Sending oneway calls to frozen process.
05-07 09:21:50.399 W/libbinder.IPCThreadState(22939): Sending oneway calls to frozen process.
05-07 09:21:59.414 W/libbinder.IPCThreadState(22939): Sending oneway calls to frozen process.
05-07 09:21:59.414 W/libbinder.IPCThreadState(22939): Sending oneway calls to frozen process.
05-07 09:21:59.415 W/libbinder.IPCThreadState(22939): Sending oneway calls to frozen process.
05-07 09:21:59.416 W/libbinder.IPCThreadState(22939): Sending oneway calls to frozen process.
05-07 09:21:59.416 W/libbinder.IPCThreadState(22939): Sending oneway calls to frozen process.
05-07 09:21:59.416 W/libbinder.IPCThreadState(22939): Sending oneway calls to frozen process.
05-07 09:21:59.416 W/libbinder.IPCThreadState(22939): Sending oneway calls to frozen process.
05-07 09:21:59.417 W/libbinder.IPCThreadState(22939): Sending oneway calls to frozen process.
05-07 09:22:00.066 W/skia    (  529): AGTM parsing failed flags.readFromStream(s) at 159
05-07 09:22:05.443 W/libbinder.IPCThreadState(22939): Sending oneway calls to frozen process.
05-07 09:22:05.444 W/libbinder.IPCThreadState(22939): Sending oneway calls to frozen process.
05-07 09:22:05.444 W/libbinder.IPCThreadState(22939): Sending oneway calls to frozen process.
05-07 09:22:05.444 W/libbinder.IPCThreadState(22939): Sending oneway calls to frozen process.
05-07 09:22:05.444 W/libbinder.IPCThreadState(22939): Sending oneway calls to frozen process.
05-07 09:22:05.444 W/libbinder.IPCThreadState(22939): Sending oneway calls to frozen process.
05-07 09:22:05.447 W/libbinder.IPCThreadState(22939): Sending oneway calls to frozen process.
05-07 09:22:05.448 W/libbinder.IPCThreadState(22939): Sending oneway calls to frozen process.
05-07 09:22:19.873 W/skia    (  529): AGTM parsing failed flags.readFromStream(s) at 159
05-07 09:22:36.629 E/Nl80211Native(22939): getChannelsMhzForBand: Wiphy index not recorded for band 8
05-07 09:22:36.630 E/Nl80211Native(22939): getChannelsMhzForBand: Wiphy index not recorded for band 16
05-07 09:22:36.767 W/Nl80211Utils(22939): Malformed NEW_INTERFACE response: missing attributes
05-07 09:22:39.895 W/skia    (  529): AGTM parsing failed flags.readFromStream(s) at 159
05-07 09:23:00.060 W/skia    (  529): AGTM parsing failed flags.readFromStream(s) at 159
05-07 09:23:19.927 W/skia    (  529): AGTM parsing failed flags.readFromStream(s) at 159
05-07 09:23:26.797 W/libbinder.IPCThreadState(22939): Sending oneway calls to frozen process.
05-07 09:23:26.797 W/libbinder.IPCThreadState(22939): Sending oneway calls to frozen process.
05-07 09:23:26.797 W/libbinder.IPCThreadState(22939): Sending oneway calls to frozen process.
05-07 09:23:26.797 W/libbinder.IPCThreadState(22939): Sending oneway calls to frozen process.
05-07 09:23:26.798 W/libbinder.IPCThreadState(22939): Sending oneway calls to frozen process.
05-07 09:23:26.798 W/libbinder.IPCThreadState(22939): Sending oneway calls to frozen process.
05-07 09:23:26.799 W/libbinder.IPCThreadState(22939): Sending oneway calls to frozen process.
05-07 09:23:26.799 W/libbinder.IPCThreadState(22939): Sending oneway calls to frozen process.
05-07 09:23:32.820 W/libbinder.IPCThreadState(22939): Sending oneway calls to frozen process.
05-07 09:23:32.821 W/libbinder.IPCThreadState(22939): Sending oneway calls to frozen process.
05-07 09:23:32.821 W/libbinder.IPCThreadState(22939): Sending oneway calls to frozen process.
05-07 09:23:32.821 W/libbinder.IPCThreadState(22939): Sending oneway calls to frozen process.
05-07 09:23:32.822 W/libbinder.IPCThreadState(22939): Sending oneway calls to frozen process.
05-07 09:23:32.822 W/libbinder.IPCThreadState(22939): Sending oneway calls to frozen process.
05-07 09:23:32.824 W/libbinder.IPCThreadState(22939): Sending oneway calls to frozen process.
05-07 09:23:32.824 W/libbinder.IPCThreadState(22939): Sending oneway calls to frozen process.
05-07 09:23:59.955 W/skia    (  529): AGTM parsing failed flags.readFromStream(s) at 159
05-07 09:24:00.062 W/skia    (  529): AGTM parsing failed flags.readFromStream(s) at 159
05-07 09:24:30.073 W/libbinder.IPCThreadState(22939): Sending oneway calls to frozen process.
05-07 09:24:30.073 W/libbinder.IPCThreadState(22939): Sending oneway calls to frozen process.
05-07 09:24:30.073 W/libbinder.IPCThreadState(22939): Sending oneway calls to frozen process.
05-07 09:24:30.073 W/libbinder.IPCThreadState(22939): Sending oneway calls to frozen process.
05-07 09:24:30.074 W/libbinder.IPCThreadState(22939): Sending oneway calls to frozen process.
05-07 09:24:30.075 W/libbinder.IPCThreadState(22939): Sending oneway calls to frozen process.
05-07 09:24:30.076 W/libbinder.IPCThreadState(22939): Sending oneway calls to frozen process.
05-07 09:24:30.076 W/libbinder.IPCThreadState(22939): Sending oneway calls to frozen process.
05-07 09:24:39.123 W/libbinder.IPCThreadState(22939): Sending oneway calls to frozen process.
05-07 09:24:39.123 W/libbinder.IPCThreadState(22939): Sending oneway calls to frozen process.
05-07 09:24:39.124 W/libbinder.IPCThreadState(22939): Sending oneway calls to frozen process.
05-07 09:24:39.124 W/libbinder.IPCThreadState(22939): Sending oneway calls to frozen process.
05-07 09:24:39.127 W/libbinder.IPCThreadState(22939): Sending oneway calls to frozen process.
05-07 09:24:39.127 W/libbinder.IPCThreadState(22939): Sending oneway calls to frozen process.
05-07 09:24:39.127 W/libbinder.IPCThreadState(22939): Sending oneway calls to frozen process.
05-07 09:24:39.128 W/libbinder.IPCThreadState(22939): Sending oneway calls to frozen process.
05-07 09:24:49.980 W/skia    (  529): AGTM parsing failed flags.readFromStream(s) at 159
05-07 09:25:00.082 W/skia    (  529): AGTM parsing failed flags.readFromStream(s) at 159
05-07 09:25:16.634 E/Nl80211Native(22939): getChannelsMhzForBand: Wiphy index not recorded for band 8
05-07 09:25:16.634 E/Nl80211Native(22939): getChannelsMhzForBand: Wiphy index not recorded for band 16
05-07 09:25:16.713 W/Nl80211Utils(22939): Malformed NEW_INTERFACE response: missing attributes
05-07 09:25:19.991 W/skia    (  529): AGTM parsing failed flags.readFromStream(s) at 159
05-07 09:25:29.672 W/WakeLock(26411): GCM_HB_ALARM release without a matched acquire! [CONTEXT service_id=259 ]
05-07 09:25:33.421 W/libbinder.IPCThreadState(22939): Sending oneway calls to frozen process.
05-07 09:25:33.421 W/libbinder.IPCThreadState(22939): Sending oneway calls to frozen process.
05-07 09:25:33.421 W/libbinder.IPCThreadState(22939): Sending oneway calls to frozen process.
05-07 09:25:33.421 W/libbinder.IPCThreadState(22939): Sending oneway calls to frozen process.
05-07 09:25:33.421 W/libbinder.IPCThreadState(22939): Sending oneway calls to frozen process.
05-07 09:25:33.421 W/libbinder.IPCThreadState(22939): Sending oneway calls to frozen process.
05-07 09:25:33.423 W/libbinder.IPCThreadState(22939): Sending oneway calls to frozen process.
05-07 09:25:33.424 W/libbinder.IPCThreadState(22939): Sending oneway calls to frozen process.
05-07 09:25:36.445 W/libbinder.IPCThreadState(22939): Sending oneway calls to frozen process.
05-07 09:25:36.445 W/libbinder.IPCThreadState(22939): Sending oneway calls to frozen process.
05-07 09:25:36.446 W/libbinder.IPCThreadState(22939): Sending oneway calls to frozen process.
05-07 09:25:36.446 W/libbinder.IPCThreadState(22939): Sending oneway calls to frozen process.
05-07 09:25:36.446 W/libbinder.IPCThreadState(22939): Sending oneway calls to frozen process.
05-07 09:25:36.446 W/libbinder.IPCThreadState(22939): Sending oneway calls to frozen process.
05-07 09:25:36.448 W/libbinder.IPCThreadState(22939): Sending oneway calls to frozen process.
05-07 09:25:36.449 W/libbinder.IPCThreadState(22939): Sending oneway calls to frozen process.
05-07 09:25:40.007 W/skia    (  529): AGTM parsing failed flags.readFromStream(s) at 159
05-07 09:25:42.480 W/libbinder.IPCThreadState(22939): Sending oneway calls to frozen process.
05-07 09:25:42.480 W/libbinder.IPCThreadState(22939): Sending oneway calls to frozen process.
05-07 09:25:42.480 W/libbinder.IPCThreadState(22939): Sending oneway calls to frozen process.
05-07 09:25:42.480 W/libbinder.IPCThreadState(22939): Sending oneway calls to frozen process.
05-07 09:25:42.480 W/libbinder.IPCThreadState(22939): Sending oneway calls to frozen process.
05-07 09:25:42.480 W/libbinder.IPCThreadState(22939): Sending oneway calls to frozen process.
05-07 09:25:42.481 W/libbinder.IPCThreadState(22939): Sending oneway calls to frozen process.
05-07 09:25:42.481 W/libbinder.IPCThreadState(22939): Sending oneway calls to frozen process.
05-07 09:25:48.499 W/libbinder.IPCThreadState(22939): Sending oneway calls to frozen process.
05-07 09:25:48.499 W/libbinder.IPCThreadState(22939): Sending oneway calls to frozen process.
05-07 09:25:48.500 W/libbinder.IPCThreadState(22939): Sending oneway calls to frozen process.
05-07 09:25:48.500 W/libbinder.IPCThreadState(22939): Sending oneway calls to frozen process.
05-07 09:25:48.501 W/libbinder.IPCThreadState(22939): Sending oneway calls to frozen process.
05-07 09:25:48.501 W/libbinder.IPCThreadState(22939): Sending oneway calls to frozen process.
05-07 09:25:48.501 W/libbinder.IPCThreadState(22939): Sending oneway calls to frozen process.
05-07 09:25:48.501 W/libbinder.IPCThreadState(22939): Sending oneway calls to frozen process.
05-07 09:25:50.721 W/AppOps  (22939): Noting op not finished: uid 10224 pkg com.google.android.gms code 113 startTime of in progress event=1778162986723
05-07 09:25:50.745 W/AppOps  (22939): Noting op not finished: uid 10224 pkg com.google.android.gms code 79 startTime of in progress event=1778163156513
05-07 09:25:51.326 W/WakeLock(26411): GCM_HB_ALARM release without a matched acquire! [CONTEXT service_id=259 ]
05-07 09:25:51.326 W/WakeLock(26411): GCM_HB_ALARM counter does not exist
05-07 09:25:51.521 W/libbinder.IPCThreadState(22939): Sending oneway calls to frozen process.
05-07 09:25:51.522 W/libbinder.IPCThreadState(22939): Sending oneway calls to frozen process.
05-07 09:25:51.522 W/libbinder.IPCThreadState(22939): Sending oneway calls to frozen process.
05-07 09:25:51.522 W/libbinder.IPCThreadState(22939): Sending oneway calls to frozen process.
05-07 09:25:51.522 W/libbinder.IPCThreadState(22939): Sending oneway calls to frozen process.
05-07 09:25:51.524 W/libbinder.IPCThreadState(22939): Sending oneway calls to frozen process.
05-07 09:25:51.526 W/libbinder.IPCThreadState(22939): Sending oneway calls to frozen process.
05-07 09:25:51.526 W/libbinder.IPCThreadState(22939): Sending oneway calls to frozen process.
05-07 09:25:51.733 W/AppOps  (22939): Noting op not finished: uid 10224 pkg com.google.android.gms code 113 startTime of in progress event=1778162986723
05-07 09:25:54.543 W/libbinder.IPCThreadState(22939): Sending oneway calls to frozen process.
05-07 09:25:54.543 W/libbinder.IPCThreadState(22939): Sending oneway calls to frozen process.
05-07 09:25:54.543 W/libbinder.IPCThreadState(22939): Sending oneway calls to frozen process.
05-07 09:25:54.546 W/libbinder.IPCThreadState(22939): Sending oneway calls to frozen process.
05-07 09:25:54.547 W/libbinder.IPCThreadState(22939): Sending oneway calls to frozen process.
05-07 09:25:54.547 W/libbinder.IPCThreadState(22939): Sending oneway calls to frozen process.
05-07 09:25:54.549 W/libbinder.IPCThreadState(22939): Sending oneway calls to frozen process.
05-07 09:25:54.549 W/libbinder.IPCThreadState(22939): Sending oneway calls to frozen process.
05-07 09:26:00.048 W/skia    (  529): AGTM parsing failed flags.readFromStream(s) at 159
05-07 09:26:12.651 W/libbinder.IPCThreadState(22939): Sending oneway calls to frozen process.
05-07 09:26:12.651 W/libbinder.IPCThreadState(22939): Sending oneway calls to frozen process.
05-07 09:26:12.651 W/libbinder.IPCThreadState(22939): Sending oneway calls to frozen process.
05-07 09:26:12.651 W/libbinder.IPCThreadState(22939): Sending oneway calls to frozen process.
05-07 09:26:12.651 W/libbinder.IPCThreadState(22939): Sending oneway calls to frozen process.
05-07 09:26:12.652 W/libbinder.IPCThreadState(22939): Sending oneway calls to frozen process.
05-07 09:26:12.653 W/libbinder.IPCThreadState(22939): Sending oneway calls to frozen process.
05-07 09:26:12.653 W/libbinder.IPCThreadState(22939): Sending oneway calls to frozen process.
05-07 09:26:20.043 W/skia    (  529): AGTM parsing failed flags.readFromStream(s) at 159
05-07 09:26:21.677 W/libbinder.IPCThreadState(22939): Sending oneway calls to frozen process.
05-07 09:26:21.679 W/libbinder.IPCThreadState(22939): Sending oneway calls to frozen process.
05-07 09:26:21.680 W/libbinder.IPCThreadState(22939): Sending oneway calls to frozen process.
05-07 09:26:21.680 W/libbinder.IPCThreadState(22939): Sending oneway calls to frozen process.
05-07 09:26:21.680 W/libbinder.IPCThreadState(22939): Sending oneway calls to frozen process.
05-07 09:26:21.681 W/libbinder.IPCThreadState(22939): Sending oneway calls to frozen process.
05-07 09:26:21.681 W/libbinder.IPCThreadState(22939): Sending oneway calls to frozen process.
05-07 09:26:21.682 W/libbinder.IPCThreadState(22939): Sending oneway calls to frozen process.
05-07 09:26:36.755 W/libbinder.IPCThreadState(22939): Sending oneway calls to frozen process.
05-07 09:26:36.755 W/libbinder.IPCThreadState(22939): Sending oneway calls to frozen process.
05-07 09:26:36.755 W/libbinder.IPCThreadState(22939): Sending oneway calls to frozen process.
05-07 09:26:36.755 W/libbinder.IPCThreadState(22939): Sending oneway calls to frozen process.
05-07 09:26:36.755 W/libbinder.IPCThreadState(22939): Sending oneway calls to frozen process.
05-07 09:26:36.755 W/libbinder.IPCThreadState(22939): Sending oneway calls to frozen process.
05-07 09:26:36.755 W/libbinder.IPCThreadState(22939): Sending oneway calls to frozen process.
05-07 09:26:36.755 W/libbinder.IPCThreadState(22939): Sending oneway calls to frozen process.
05-07 09:26:45.796 W/libbinder.IPCThreadState(22939): Sending oneway calls to frozen process.
05-07 09:26:45.796 W/libbinder.IPCThreadState(22939): Sending oneway calls to frozen process.
05-07 09:26:45.796 W/libbinder.IPCThreadState(22939): Sending oneway calls to frozen process.
05-07 09:26:45.796 W/libbinder.IPCThreadState(22939): Sending oneway calls to frozen process.
05-07 09:26:45.796 W/libbinder.IPCThreadState(22939): Sending oneway calls to frozen process.
05-07 09:26:45.796 W/libbinder.IPCThreadState(22939): Sending oneway calls to frozen process.
05-07 09:26:45.799 W/libbinder.IPCThreadState(22939): Sending oneway calls to frozen process.
05-07 09:26:45.799 W/libbinder.IPCThreadState(22939): Sending oneway calls to frozen process.
05-07 09:26:57.316 W/AlarmManager(23320): Unrecognized alarm listener com.android.networkstack.android.net.ip.IpClientLinkObserver$Dhcp6PdPreferredPrefixAlarmListener@7686fb9
05-07 09:27:00.056 W/skia    (  529): AGTM parsing failed flags.readFromStream(s) at 159
05-07 09:27:35.768 W/theprimeway.twa(29055): Cleared Reference was only reachable from finalizer (only reported once)
05-07 09:27:36.918 W/theprimeway.twa(29055): Reducing the number of considered missed Gc histogram windows from 124 to 100
05-07 09:27:43.047 W/libbinder.IPCThreadState(22939): Sending oneway calls to frozen process.
05-07 09:27:43.048 W/libbinder.IPCThreadState(22939): Sending oneway calls to frozen process.
05-07 09:27:43.048 W/libbinder.IPCThreadState(22939): Sending oneway calls to frozen process.
05-07 09:27:43.048 W/libbinder.IPCThreadState(22939): Sending oneway calls to frozen process.
05-07 09:27:43.048 W/libbinder.IPCThreadState(22939): Sending oneway calls to frozen process.
05-07 09:27:43.049 W/libbinder.IPCThreadState(22939): Sending oneway calls to frozen process.
05-07 09:27:43.050 W/libbinder.IPCThreadState(22939): Sending oneway calls to frozen process.
05-07 09:27:43.051 W/libbinder.IPCThreadState(22939): Sending oneway calls to frozen process.
05-07 09:27:49.078 W/libbinder.IPCThreadState(22939): Sending oneway calls to frozen process.
05-07 09:27:49.078 W/libbinder.IPCThreadState(22939): Sending oneway calls to frozen process.
05-07 09:27:49.078 W/libbinder.IPCThreadState(22939): Sending oneway calls to frozen process.
05-07 09:27:49.078 W/libbinder.IPCThreadState(22939): Sending oneway calls to frozen process.
05-07 09:27:49.078 W/libbinder.IPCThreadState(22939): Sending oneway calls to frozen process.
