05-07 08:38:41.537 W/SP      (17995): File ref is being finalized but wasn't closed, file: transformer_latin_tflite_20251103_zip[11]
05-07 08:38:41.537 W/SP      (17995): File ref is being finalized but wasn't closed, file: transformer_latin_seg_tflite_20251103_zip[11]
05-07 08:38:41.537 W/SP      (17995): File ref is being finalized but wasn't closed, file: transformer_latin_conf_tflite_20251103_zip[11]
05-07 08:38:41.538 W/SP      (17995): File ref is being finalized but wasn't closed, file: qrnn_en-US_reco_20251103_fst_20251103_recospec_zip[11]
05-07 08:38:41.538 W/SP      (17995): File ref is being finalized but wasn't closed, file: scribe_latin_20250829tfreco_tflite_zip[11]
05-07 08:38:41.538 W/SP      (17995): File ref is being finalized but wasn't closed, file: scribe_latin_20250829tfreco_recospec_zip[11]
05-07 08:38:41.538 W/SP      (17995): File ref is being finalized but wasn't closed, file: transformer_latin_conf_tflite_20251103_zip[11]
05-07 08:38:41.538 W/SP      (17995): File ref is being finalized but wasn't closed, file: transformer_latin_tflite_20251103_zip[11]
05-07 08:38:41.539 W/SP      (17995): File ref is being finalized but wasn't closed, file: scribe_latin_20250829tfreco_recospec_zip[11]
05-07 08:38:41.539 W/SP      (17995): File ref is being finalized but wasn't closed, file: qrnn_en-US_reco_20251103_fst_20251103_recospec_zip[11]
05-07 08:38:41.539 W/SP      (17995): File ref is being finalized but wasn't closed, file: transformer_latin_seg_tflite_20251103_zip[11]
05-07 08:38:41.539 W/SP      (17995): File ref is being finalized but wasn't closed, file: pack_mapping_v1_lstm_20260206[8]
05-07 08:38:41.539 W/SP      (17995): File ref is being finalized but wasn't closed, file: en_us_20251103_compact_fst_zip[11]
05-07 08:38:41.539 W/SP      (17995): File ref is being finalized but wasn't closed, file: scribe_latin_20250829tfreco_tflite_zip[11]
05-07 08:38:41.590 W/skia    (  529): AGTM parsing failed flags.readFromStream(s) at 159
05-07 08:38:41.591 W/skia    (  529): AGTM parsing failed flags.readFromStream(s) at 159
05-07 08:38:41.703 W/skia    (  529): AGTM parsing failed flags.readFromStream(s) at 159
05-07 08:38:41.703 W/skia    (  529): AGTM parsing failed flags.readFromStream(s) at 159
05-07 08:38:41.728 W/StatusViewController(17995): StatusViewController.updateKeyboardView():46 Failed to inflate voice header view [UD]
05-07 08:38:41.806 W/skia    (  529): AGTM parsing failed flags.readFromStream(s) at 159
05-07 08:38:41.806 W/skia    (  529): AGTM parsing failed flags.readFromStream(s) at 159
05-07 08:38:41.887 W/SP      (17995): File ref is being finalized but wasn't closed, file: scribe_latin_20250829tfreco_tflite_zip[11]
05-07 08:38:41.889 W/SP      (17995): File ref is being finalized but wasn't closed, file: en_us_20251103_compact_fst_zip[11]
05-07 08:38:41.889 W/SP      (17995): File ref is being finalized but wasn't closed, file: pack_mapping_v1_lstm_20260206[8]
05-07 08:38:41.891 W/SP      (17995): File ref is being finalized but wasn't closed, file: transformer_latin_seg_tflite_20251103_zip[11]
05-07 08:38:41.891 W/SP      (17995): File ref is being finalized but wasn't closed, file: qrnn_en-US_reco_20251103_fst_20251103_recospec_zip[11]
05-07 08:38:41.891 W/SP      (17995): File ref is being finalized but wasn't closed, file: scribe_latin_20250829tfreco_recospec_zip[11]
05-07 08:38:41.891 W/SP      (17995): File ref is being finalized but wasn't closed, file: transformer_latin_tflite_20251103_zip[11]
05-07 08:38:41.891 W/SP      (17995): File ref is being finalized but wasn't closed, file: transformer_latin_conf_tflite_20251103_zip[11]
05-07 08:38:41.891 W/SP      (17995): File ref is being finalized but wasn't closed, file: en_us_20251103_compact_fst_zip[11]
05-07 08:38:41.891 W/SP      (17995): File ref is being finalized but wasn't closed, file: tflite-nwp-756c50035b995cfb0f7e8feb7d1b10ee[5]
05-07 08:38:41.891 W/SP      (17995): File ref is being finalized but wasn't closed, file: tflite-nwp-756c50035b995cfb0f7e8feb7d1b10ee[5]
05-07 08:38:41.892 W/SP      (17995): File ref is being finalized but wasn't closed, file: 2023012316_en[13]
05-07 08:38:41.892 W/SP      (17995): File ref is being finalized but wasn't closed, file: 2023012316_en[13]
05-07 08:38:41.892 W/SP      (17995): File ref is being finalized but wasn't closed, file: main_en_us_2025090100_2[6]
05-07 08:38:41.892 W/SP      (17995): File ref is being finalized but wasn't closed, file: main_en_us_2025090100_2[6]
05-07 08:38:41.892 W/SP      (17995): File ref is being finalized but wasn't closed, file: 2023012316_en[13]
05-07 08:38:41.892 W/SP      (17995): File ref is being finalized but wasn't closed, file: 2023012316_en[13]
05-07 08:38:41.892 W/SP      (17995): File ref is being finalized but wasn't closed, file: 2023012316_en[13]
05-07 08:38:41.892 W/SP      (17995): File ref is being finalized but wasn't closed, file: 2023012316_en[13]
05-07 08:38:41.893 W/SP      (17995): File ref is being finalized but wasn't closed, file: main_en_us_2025090100_2[6]
05-07 08:38:41.893 W/SP      (17995): File ref is being finalized but wasn't closed, file: main_en_us_2025090100_2[6]
05-07 08:38:41.905 W/skia    (  529): AGTM parsing failed flags.readFromStream(s) at 159
05-07 08:38:41.905 W/skia    (  529): AGTM parsing failed flags.readFromStream(s) at 159
05-07 08:38:42.005 W/skia    (  529): AGTM parsing failed flags.readFromStream(s) at 159
05-07 08:38:42.041 W/[RNScreens](17848): backTitleFontFamily prop is not available on Android
05-07 08:38:42.042 W/[RNScreens](17848): disableBackButtonMenu prop is not available on Android
05-07 08:38:42.042 W/[RNScreens](17848): backTitleVisible prop is not available on Android
05-07 08:38:42.042 W/[RNScreens](17848): topInsetEnabled prop is not available on Android
05-07 08:38:42.042 W/[RNScreens](17848): largeTitleHideShadow prop is not available on Android
05-07 08:38:42.042 W/[RNScreens](17848): largeTitleFontWeight prop is not available on Android
05-07 08:38:42.042 W/[RNScreens](17848): userInterfaceStyle prop is not available on Android
05-07 08:38:42.042 W/[RNScreens](17848): largeTitleFontFamily prop is not available on Android
05-07 08:38:42.107 W/skia    (  529): AGTM parsing failed flags.readFromStream(s) at 159
05-07 08:38:42.183 W/ExtensionWrapper(17995): ExtensionWrapper.setAllowUpdateNavigationBarStyle():887 class ktu is not activate
05-07 08:38:42.188 W/ExtensionWrapper(17995): ExtensionWrapper.setAllowUpdateNavigationBarStyle():887 class ktu is not activate
05-07 08:38:42.189 W/TooltipLifecycleManager(17995): TooltipLifecycleManager.dismissTooltips():153 Tooltip with id spell_check_add_to_dictionary not found in tooltipManager.
05-07 08:38:42.198 E/native  (17995): E0000 00:00:1778161122.197889   17995 key-correction-manager.cc:356] User feature cache is not ready for key correction!
05-07 08:38:42.204 W/ModuleManager(17995): ModuleManager.loadModule():634 Module pte is not available
05-07 08:38:42.225 W/skia    (  529): AGTM parsing failed flags.readFromStream(s) at 159
05-07 08:38:42.230 W/ImeBackCallbackProxy(17848): Ime callback not found. Ignoring unregisterReceivedCallback. callbackId: 141822791 remaining callbacks: 0
05-07 08:38:42.287 W/theprimeway.twa(17848): Cleared Reference was only reachable from finalizer (only reported once)
05-07 08:38:42.322 W/skia    (  529): AGTM parsing failed flags.readFromStream(s) at 159
05-07 08:38:42.424 W/skia    (  529): AGTM parsing failed flags.readFromStream(s) at 159
05-07 08:38:42.750 W/skia    (  529): AGTM parsing failed flags.readFromStream(s) at 159
05-07 08:38:42.851 W/skia    (  529): AGTM parsing failed flags.readFromStream(s) at 159
05-07 08:38:42.954 W/skia    (  529): AGTM parsing failed flags.readFromStream(s) at 159
05-07 08:38:43.218 W/skia    (  529): AGTM parsing failed flags.readFromStream(s) at 159
05-07 08:38:44.334 W/skia    (  529): AGTM parsing failed flags.readFromStream(s) at 159
05-07 08:38:44.435 W/AS.PlaybackActivityMon(  707): No piid assigned for invalid/internal port id 15
05-07 08:38:44.437 W/AS.PlaybackActivityMon(  707): No piid assigned for invalid/internal port id 15
05-07 08:38:44.469 W/skia    (  529): AGTM parsing failed flags.readFromStream(s) at 159
05-07 08:38:46.081 W/AS.PlaybackActivityMon(  707): No piid assigned for invalid/internal port id 15
05-07 08:38:46.081 W/AS.PlaybackActivityMon(  707): No piid assigned for invalid/internal port id 15
05-07 08:38:46.384 W/skia    (  529): AGTM parsing failed flags.readFromStream(s) at 159
05-07 08:38:46.486 W/skia    (  529): AGTM parsing failed flags.readFromStream(s) at 159
05-07 08:38:46.589 W/skia    (  529): AGTM parsing failed flags.readFromStream(s) at 159
05-07 08:38:46.702 W/skia    (  529): AGTM parsing failed flags.readFromStream(s) at 159
05-07 08:38:46.803 W/skia    (  529): AGTM parsing failed flags.readFromStream(s) at 159
05-07 08:38:46.904 W/skia    (  529): AGTM parsing failed flags.readFromStream(s) at 159
05-07 08:38:48.751 W/skia    (  529): AGTM parsing failed flags.readFromStream(s) at 159
05-07 08:38:48.848 W/AS.PlaybackActivityMon(  707): No piid assigned for invalid/internal port id 15
05-07 08:38:48.848 W/AS.PlaybackActivityMon(  707): No piid assigned for invalid/internal port id 15
05-07 08:38:48.919 W/skia    (  529): AGTM parsing failed flags.readFromStream(s) at 159
05-07 08:38:48.958 W/unknown:BridgelessReact(17848): ReactHost{0}.onUserLeaveHint(activity)
05-07 08:38:48.962 W/unknown:BridgelessReact(17848): ReactHost{0}.onHostPause(activity)
05-07 08:38:48.972 W/DisconnectHandler( 1016): No disconnect change found in the transition, not handling request.
05-07 08:38:48.978 W/unknown:BridgelessReact(17848): ReactHost{0}.ReactContext.onHostPause()
05-07 08:38:48.991 W/oid.photopicker(18317): Unexpected CPU variant for x86: x86_64.
05-07 08:38:48.991 W/oid.photopicker(18317): Known variants: atom, sandybridge, silvermont, goldmont, goldmont-plus, goldmont-without-sha-xsaves, tremont, kabylake, alderlake, pantherlake, default
05-07 08:38:49.155 W/libc    (18317): Access denied finding property "vendor.mesa.virtgpu.kumquat"
05-07 08:38:49.162 W/PhotopickerUserMonitor(18317): Expected profile resources could not be found
05-07 08:38:49.162 W/PhotopickerUserMonitor(18317): android.content.res.Resources$NotFoundException: No badge found for this user.
05-07 08:38:49.162 W/PhotopickerUserMonitor(18317): 	at android.os.UserManager.getUserBadge(UserManager.java:6269)
05-07 08:38:49.162 W/PhotopickerUserMonitor(18317): 	at com.android.photopicker.core.user.UserMonitor.getUserProfileFromHandle(go/retraceme 3824d78c500b9bdcd874848b98622924feb4a668aa246ae9af0df423f797cc99:62)
05-07 08:38:49.162 W/PhotopickerUserMonitor(18317): 	at com.android.photopicker.core.user.UserMonitor.<init>(go/retraceme 3824d78c500b9bdcd874848b98622924feb4a668aa246ae9af0df423f797cc99:37)
05-07 08:38:49.162 W/PhotopickerUserMonitor(18317): 	at com.android.photopicker.core.ActivityModule_ProvideUserMonitorFactory.get(go/retraceme 3824d78c500b9bdcd874848b98622924feb4a668aa246ae9af0df423f797cc99:67)
05-07 08:38:49.162 W/PhotopickerUserMonitor(18317): 	at dagger.internal.DoubleCheck.get(go/retraceme 3824d78c500b9bdcd874848b98622924feb4a668aa246ae9af0df423f797cc99:14)
05-07 08:38:49.162 W/PhotopickerUserMonitor(18317): 	at com.android.photopicker.core.ActivityModule_ProvidePrefetchDataServiceFactory.get(go/retraceme 3824d78c500b9bdcd874848b98622924feb4a668aa246ae9af0df423f797cc99:3)
05-07 08:38:49.162 W/PhotopickerUserMonitor(18317): 	at dagger.internal.DoubleCheck.get(go/retraceme 3824d78c500b9bdcd874848b98622924feb4a668aa246ae9af0df423f797cc99:14)
05-07 08:38:49.162 W/PhotopickerUserMonitor(18317): 	at com.android.photopicker.core.ActivityModule_ProvideFeatureManagerFactory.get(go/retraceme 3824d78c500b9bdcd874848b98622924feb4a668aa246ae9af0df423f797cc99:19)
05-07 08:38:49.162 W/PhotopickerUserMonitor(18317): 	at dagger.internal.DoubleCheck.get(go/retraceme 3824d78c500b9bdcd874848b98622924feb4a668aa246ae9af0df423f797cc99:14)
05-07 08:38:49.162 W/PhotopickerUserMonitor(18317): 	at com.android.photopicker.core.ActivityModule_ProvideEventsFactory.get(go/retraceme 3824d78c500b9bdcd874848b98622924feb4a668aa246ae9af0df423f797cc99:11)
05-07 08:38:49.162 W/PhotopickerUserMonitor(18317): 	at dagger.internal.DoubleCheck.get(go/retraceme 3824d78c500b9bdcd874848b98622924feb4a668aa246ae9af0df423f797cc99:14)
05-07 08:38:49.162 W/PhotopickerUserMonitor(18317): 	at com.android.photopicker.MainActivity$listenForEvents$1.invokeSuspend(go/retraceme 3824d78c500b9bdcd874848b98622924feb4a668aa246ae9af0df423f797cc99:34)
05-07 08:38:49.162 W/PhotopickerUserMonitor(18317): 	at kotlin.coroutines.jvm.internal.BaseContinuationImpl.resumeWith(go/retraceme 3824d78c500b9bdcd874848b98622924feb4a668aa246ae9af0df423f797cc99:8)
05-07 08:38:49.162 W/PhotopickerUserMonitor(18317): 	at kotlinx.coroutines.internal.DispatchedContinuationKt.resumeCancellableWith(go/retraceme 3824d78c500b9bdcd874848b98622924feb4a668aa246ae9af0df423f797cc99:146)
05-07 08:38:49.162 W/PhotopickerUserMonitor(18317): 	at kotlinx.coroutines.intrinsics.CancellableKt.startCoroutineCancellable(go/retraceme 3824d78c500b9bdcd874848b98622924feb4a668aa246ae9af0df423f797cc99:14)
05-07 08:38:49.162 W/PhotopickerUserMonitor(18317): 	at kotlinx.coroutines.AbstractCoroutine.start(go/retraceme 3824d78c500b9bdcd874848b98622924feb4a668aa246ae9af0df423f797cc99:100)
05-07 08:38:49.162 W/PhotopickerUserMonitor(18317): 	at kotlinx.coroutines.BuildersKt.launch(dex-id-f8a851f0b3fa3212d899dfb8a1946c1a1767c667:36)
05-07 08:38:49.162 W/PhotopickerUserMonitor(18317): 	at kotlinx.coroutines.BuildersKt.launch$default(dex-id-f8a851f0b3fa3212d899dfb8a1946c1a1767c667:13)
05-07 08:38:49.162 W/PhotopickerUserMonitor(18317): 	at com.android.photopicker.MainActivity.onCreate(go/retraceme 3824d78c500b9bdcd874848b98622924feb4a668aa246ae9af0df423f797cc99:517)
05-07 08:38:49.162 W/PhotopickerUserMonitor(18317): 	at android.app.Activity.performCreate(Activity.java:9340)
05-07 08:38:49.162 W/PhotopickerUserMonitor(18317): 	at android.app.Activity.performCreate(Activity.java:9318)
05-07 08:38:49.162 W/PhotopickerUserMonitor(18317): 	at android.app.Instrumentation.callActivityOnCreate(Instrumentation.java:1543)
05-07 08:38:49.162 W/PhotopickerUserMonitor(18317): 	at android.app.ActivityThread.performLaunchActivity(ActivityThread.java:4559)
05-07 08:38:49.162 W/PhotopickerUserMonitor(18317): 	at android.app.ActivityThread.handleLaunchActivity(ActivityThread.java:4781)
05-07 08:38:49.162 W/PhotopickerUserMonitor(18317): 	at android.app.servertransaction.LaunchActivityItem.execute(LaunchActivityItem.java:224)
05-07 08:38:49.162 W/PhotopickerUserMonitor(18317): 	at android.app.servertransaction.TransactionExecutor.executeNonLifecycleItem(TransactionExecutor.java:133)
05-07 08:38:49.162 W/PhotopickerUserMonitor(18317): 	at android.app.servertransaction.TransactionExecutor.executeTransactionItems(TransactionExecutor.java:103)
05-07 08:38:49.162 W/PhotopickerUserMonitor(18317): 	at android.app.servertransaction.TransactionExecutor.execute(TransactionExecutor.java:80)
05-07 08:38:49.162 W/PhotopickerUserMonitor(18317): 	at android.app.ActivityThread$H.handleMessage(ActivityThread.java:3032)
05-07 08:38:49.162 W/PhotopickerUserMonitor(18317): 	at android.os.Handler.dispatchMessageImpl(Handler.java:142)
05-07 08:38:49.162 W/PhotopickerUserMonitor(18317): 	at android.os.Handler.dispatchMessage(Handler.java:125)
05-07 08:38:49.162 W/PhotopickerUserMonitor(18317): 	at android.os.Looper.loopOnce(Looper.java:296)
05-07 08:38:49.162 W/PhotopickerUserMonitor(18317): 	at android.os.Looper.loop(Looper.java:397)
05-07 08:38:49.162 W/PhotopickerUserMonitor(18317): 	at android.app.ActivityThread.main(ActivityThread.java:9523)
05-07 08:38:49.162 W/PhotopickerUserMonitor(18317): 	at java.lang.reflect.Method.invoke(Native Method)
05-07 08:38:49.162 W/PhotopickerUserMonitor(18317): 	at com.android.internal.os.RuntimeInit$MethodAndArgsCaller.run(RuntimeInit.java:575)
05-07 08:38:49.162 W/PhotopickerUserMonitor(18317): 	at com.android.internal.os.ZygoteInit.main(ZygoteInit.java:939)
05-07 08:38:49.163 W/HWUI    (18317): Failed to choose config with EGL_SWAP_BEHAVIOR_PRESERVED, retrying without...
05-07 08:38:49.164 W/HWUI    (18317): Failed to initialize 101010-2 format, error = EGL_SUCCESS
05-07 08:38:49.165 W/PhotopickerUserMonitor(18317): Expected profile resources could not be found
05-07 08:38:49.165 W/PhotopickerUserMonitor(18317): android.content.res.Resources$NotFoundException: No badge found for this user.
05-07 08:38:49.165 W/PhotopickerUserMonitor(18317): 	at android.os.UserManager.getUserBadge(UserManager.java:6269)
05-07 08:38:49.165 W/PhotopickerUserMonitor(18317): 	at com.android.photopicker.core.user.UserMonitor.getUserProfileFromHandle(go/retraceme 3824d78c500b9bdcd874848b98622924feb4a668aa246ae9af0df423f797cc99:62)
05-07 08:38:49.165 W/PhotopickerUserMonitor(18317): 	at com.android.photopicker.core.user.UserMonitor.<init>(go/retraceme 3824d78c500b9bdcd874848b98622924feb4a668aa246ae9af0df423f797cc99:172)
05-07 08:38:49.165 W/PhotopickerUserMonitor(18317): 	at com.android.photopicker.core.ActivityModule_ProvideUserMonitorFactory.get(go/retraceme 3824d78c500b9bdcd874848b98622924feb4a668aa246ae9af0df423f797cc99:67)
05-07 08:38:49.165 W/PhotopickerUserMonitor(18317): 	at dagger.internal.DoubleCheck.get(go/retraceme 3824d78c500b9bdcd874848b98622924feb4a668aa246ae9af0df423f797cc99:14)
05-07 08:38:49.165 W/PhotopickerUserMonitor(18317): 	at com.android.photopicker.core.ActivityModule_ProvidePrefetchDataServiceFactory.get(go/retraceme 3824d78c500b9bdcd874848b98622924feb4a668aa246ae9af0df423f797cc99:3)
05-07 08:38:49.165 W/PhotopickerUserMonitor(18317): 	at dagger.internal.DoubleCheck.get(go/retraceme 3824d78c500b9bdcd874848b98622924feb4a668aa246ae9af0df423f797cc99:14)
05-07 08:38:49.165 W/PhotopickerUserMonitor(18317): 	at com.android.photopicker.core.ActivityModule_ProvideFeatureManagerFactory.get(go/retraceme 3824d78c500b9bdcd874848b98622924feb4a668aa246ae9af0df423f797cc99:19)
05-07 08:38:49.165 W/PhotopickerUserMonitor(18317): 	at dagger.internal.DoubleCheck.get(go/retraceme 3824d78c500b9bdcd874848b98622924feb4a668aa246ae9af0df423f797cc99:14)
05-07 08:38:49.165 W/PhotopickerUserMonitor(18317): 	at com.android.photopicker.core.ActivityModule_ProvideEventsFactory.get(go/retraceme 3824d78c500b9bdcd874848b98622924feb4a668aa246ae9af0df423f797cc99:11)
05-07 08:38:49.165 W/PhotopickerUserMonitor(18317): 	at dagger.internal.DoubleCheck.get(go/retraceme 3824d78c500b9bdcd874848b98622924feb4a668aa246ae9af0df423f797cc99:14)
05-07 08:38:49.165 W/PhotopickerUserMonitor(18317): 	at com.android.photopicker.MainActivity$listenForEvents$1.invokeSuspend(go/retraceme 3824d78c500b9bdcd874848b98622924feb4a668aa246ae9af0df423f797cc99:34)
05-07 08:38:49.165 W/PhotopickerUserMonitor(18317): 	at kotlin.coroutines.jvm.internal.BaseContinuationImpl.resumeWith(go/retraceme 3824d78c500b9bdcd874848b98622924feb4a668aa246ae9af0df423f797cc99:8)
05-07 08:38:49.165 W/PhotopickerUserMonitor(18317): 	at kotlinx.coroutines.internal.DispatchedContinuationKt.resumeCancellableWith(go/retraceme 3824d78c500b9bdcd874848b98622924feb4a668aa246ae9af0df423f797cc99:146)
05-07 08:38:49.165 W/PhotopickerUserMonitor(18317): 	at kotlinx.coroutines.intrinsics.CancellableKt.startCoroutineCancellable(go/retraceme 3824d78c500b9bdcd874848b98622924feb4a668aa246ae9af0df423f797cc99:14)
05-07 08:38:49.165 W/PhotopickerUserMonitor(18317): 	at kotlinx.coroutines.AbstractCoroutine.start(go/retraceme 3824d78c500b9bdcd874848b98622924feb4a668aa246ae9af0df423f797cc99:100)
05-07 08:38:49.165 W/PhotopickerUserMonitor(18317): 	at kotlinx.coroutines.BuildersKt.launch(dex-id-f8a851f0b3fa3212d899dfb8a1946c1a1767c667:36)
05-07 08:38:49.165 W/PhotopickerUserMonitor(18317): 	at kotlinx.coroutines.BuildersKt.launch$default(dex-id-f8a851f0b3fa3212d899dfb8a1946c1a1767c667:13)
05-07 08:38:49.165 W/PhotopickerUserMonitor(18317): 	at com.android.photopicker.MainActivity.onCreate(go/retraceme 3824d78c500b9bdcd874848b98622924feb4a668aa246ae9af0df423f797cc99:517)
05-07 08:38:49.165 W/PhotopickerUserMonitor(18317): 	at android.app.Activity.performCreate(Activity.java:9340)
05-07 08:38:49.165 W/PhotopickerUserMonitor(18317): 	at android.app.Activity.performCreate(Activity.java:9318)
05-07 08:38:49.165 W/PhotopickerUserMonitor(18317): 	at android.app.Instrumentation.callActivityOnCreate(Instrumentation.java:1543)
05-07 08:38:49.165 W/PhotopickerUserMonitor(18317): 	at android.app.ActivityThread.performLaunchActivity(ActivityThread.java:4559)
05-07 08:38:49.165 W/PhotopickerUserMonitor(18317): 	at android.app.ActivityThread.handleLaunchActivity(ActivityThread.java:4781)
05-07 08:38:49.165 W/PhotopickerUserMonitor(18317): 	at android.app.servertransaction.LaunchActivityItem.execute(LaunchActivityItem.java:224)
05-07 08:38:49.165 W/PhotopickerUserMonitor(18317): 	at android.app.servertransaction.TransactionExecutor.executeNonLifecycleItem(TransactionExecutor.java:133)
05-07 08:38:49.165 W/PhotopickerUserMonitor(18317): 	at android.app.servertransaction.TransactionExecutor.executeTransactionItems(TransactionExecutor.java:103)
05-07 08:38:49.165 W/PhotopickerUserMonitor(18317): 	at android.app.servertransaction.TransactionExecutor.execute(TransactionExecutor.java:80)
05-07 08:38:49.165 W/PhotopickerUserMonitor(18317): 	at android.app.ActivityThread$H.handleMessage(ActivityThread.java:3032)
05-07 08:38:49.165 W/PhotopickerUserMonitor(18317): 	at android.os.Handler.dispatchMessageImpl(Handler.java:142)
05-07 08:38:49.165 W/PhotopickerUserMonitor(18317): 	at android.os.Handler.dispatchMessage(Handler.java:125)
05-07 08:38:49.165 W/PhotopickerUserMonitor(18317): 	at android.os.Looper.loopOnce(Looper.java:296)
05-07 08:38:49.165 W/PhotopickerUserMonitor(18317): 	at android.os.Looper.loop(Looper.java:397)
05-07 08:38:49.165 W/PhotopickerUserMonitor(18317): 	at android.app.ActivityThread.main(ActivityThread.java:9523)
05-07 08:38:49.165 W/PhotopickerUserMonitor(18317): 	at java.lang.reflect.Method.invoke(Native Method)
05-07 08:38:49.165 W/PhotopickerUserMonitor(18317): 	at com.android.internal.os.RuntimeInit$MethodAndArgsCaller.run(RuntimeInit.java:575)
05-07 08:38:49.165 W/PhotopickerUserMonitor(18317): 	at com.android.internal.os.ZygoteInit.main(ZygoteInit.java:939)
05-07 08:38:49.168 W/PhotopickerUserMonitor(18317): Expected profile resources could not be found
05-07 08:38:49.168 W/PhotopickerUserMonitor(18317): android.content.res.Resources$NotFoundException: No badge found for this user.
05-07 08:38:49.168 W/PhotopickerUserMonitor(18317): 	at android.os.UserManager.getUserBadge(UserManager.java:6269)
05-07 08:38:49.168 W/PhotopickerUserMonitor(18317): 	at com.android.photopicker.core.user.UserMonitor.getUserProfileFromHandle(go/retraceme 3824d78c500b9bdcd874848b98622924feb4a668aa246ae9af0df423f797cc99:62)
05-07 08:38:49.168 W/PhotopickerUserMonitor(18317): 	at com.android.photopicker.core.user.UserMonitor.<init>(go/retraceme 3824d78c500b9bdcd874848b98622924feb4a668aa246ae9af0df423f797cc99:247)
05-07 08:38:49.168 W/PhotopickerUserMonitor(18317): 	at com.android.photopicker.core.ActivityModule_ProvideUserMonitorFactory.get(go/retraceme 3824d78c500b9bdcd874848b98622924feb4a668aa246ae9af0df423f797cc99:67)
05-07 08:38:49.168 W/PhotopickerUserMonitor(18317): 	at dagger.internal.DoubleCheck.get(go/retraceme 3824d78c500b9bdcd874848b98622924feb4a668aa246ae9af0df423f797cc99:14)
05-07 08:38:49.168 W/PhotopickerUserMonitor(18317): 	at com.android.photopicker.core.ActivityModule_ProvidePrefetchDataServiceFactory.get(go/retraceme 3824d78c500b9bdcd874848b98622924feb4a668aa246ae9af0df423f797cc99:3)
05-07 08:38:49.168 W/PhotopickerUserMonitor(18317): 	at dagger.internal.DoubleCheck.get(go/retraceme 3824d78c500b9bdcd874848b98622924feb4a668aa246ae9af0df423f797cc99:14)
05-07 08:38:49.168 W/PhotopickerUserMonitor(18317): 	at com.android.photopicker.core.ActivityModule_ProvideFeatureManagerFactory.get(go/retraceme 3824d78c500b9bdcd874848b98622924feb4a668aa246ae9af0df423f797cc99:19)
05-07 08:38:49.168 W/PhotopickerUserMonitor(18317): 	at dagger.internal.DoubleCheck.get(go/retraceme 3824d78c500b9bdcd874848b98622924feb4a668aa246ae9af0df423f797cc99:14)
05-07 08:38:49.168 W/PhotopickerUserMonitor(18317): 	at com.android.photopicker.core.ActivityModule_ProvideEventsFactory.get(go/retraceme 3824d78c500b9bdcd874848b98622924feb4a668aa246ae9af0df423f797cc99:11)
05-07 08:38:49.168 W/PhotopickerUserMonitor(18317): 	at dagger.internal.DoubleCheck.get(go/retraceme 3824d78c500b9bdcd874848b98622924feb4a668aa246ae9af0df423f797cc99:14)
05-07 08:38:49.168 W/PhotopickerUserMonitor(18317): 	at com.android.photopicker.MainActivity$listenForEvents$1.invokeSuspend(go/retraceme 3824d78c500b9bdcd874848b98622924feb4a668aa246ae9af0df423f797cc99:34)
05-07 08:38:49.168 W/PhotopickerUserMonitor(18317): 	at kotlin.coroutines.jvm.internal.BaseContinuationImpl.resumeWith(go/retraceme 3824d78c500b9bdcd874848b98622924feb4a668aa246ae9af0df423f797cc99:8)
05-07 08:38:49.168 W/PhotopickerUserMonitor(18317): 	at kotlinx.coroutines.internal.DispatchedContinuationKt.resumeCancellableWith(go/retraceme 3824d78c500b9bdcd874848b98622924feb4a668aa246ae9af0df423f797cc99:146)
05-07 08:38:49.168 W/PhotopickerUserMonitor(18317): 	at kotlinx.coroutines.intrinsics.CancellableKt.startCoroutineCancellable(go/retraceme 3824d78c500b9bdcd874848b98622924feb4a668aa246ae9af0df423f797cc99:14)
05-07 08:38:49.168 W/PhotopickerUserMonitor(18317): 	at kotlinx.coroutines.AbstractCoroutine.start(go/retraceme 3824d78c500b9bdcd874848b98622924feb4a668aa246ae9af0df423f797cc99:100)
05-07 08:38:49.168 W/PhotopickerUserMonitor(18317): 	at kotlinx.coroutines.BuildersKt.launch(dex-id-f8a851f0b3fa3212d899dfb8a1946c1a1767c667:36)
05-07 08:38:49.168 W/PhotopickerUserMonitor(18317): 	at kotlinx.coroutines.BuildersKt.launch$default(dex-id-f8a851f0b3fa3212d899dfb8a1946c1a1767c667:13)
05-07 08:38:49.168 W/PhotopickerUserMonitor(18317): 	at com.android.photopicker.MainActivity.onCreate(go/retraceme 3824d78c500b9bdcd874848b98622924feb4a668aa246ae9af0df423f797cc99:517)
05-07 08:38:49.168 W/PhotopickerUserMonitor(18317): 	at android.app.Activity.performCreate(Activity.java:9340)
05-07 08:38:49.168 W/PhotopickerUserMonitor(18317): 	at android.app.Activity.performCreate(Activity.java:9318)
05-07 08:38:49.168 W/PhotopickerUserMonitor(18317): 	at android.app.Instrumentation.callActivityOnCreate(Instrumentation.java:1543)
05-07 08:38:49.168 W/PhotopickerUserMonitor(18317): 	at android.app.ActivityThread.performLaunchActivity(ActivityThread.java:4559)
05-07 08:38:49.168 W/PhotopickerUserMonitor(18317): 	at android.app.ActivityThread.handleLaunchActivity(ActivityThread.java:4781)
05-07 08:38:49.168 W/PhotopickerUserMonitor(18317): 	at android.app.servertransaction.LaunchActivityItem.execute(LaunchActivityItem.java:224)
05-07 08:38:49.168 W/PhotopickerUserMonitor(18317): 	at android.app.servertransaction.TransactionExecutor.executeNonLifecycleItem(TransactionExecutor.java:133)
05-07 08:38:49.168 W/PhotopickerUserMonitor(18317): 	at android.app.servertransaction.TransactionExecutor.executeTransactionItems(TransactionExecutor.java:103)
05-07 08:38:49.168 W/PhotopickerUserMonitor(18317): 	at android.app.servertransaction.TransactionExecutor.execute(TransactionExecutor.java:80)
05-07 08:38:49.168 W/PhotopickerUserMonitor(18317): 	at android.app.ActivityThread$H.handleMessage(ActivityThread.java:3032)
05-07 08:38:49.168 W/PhotopickerUserMonitor(18317): 	at android.os.Handler.dispatchMessageImpl(Handler.java:142)
05-07 08:38:49.168 W/PhotopickerUserMonitor(18317): 	at android.os.Handler.dispatchMessage(Handler.java:125)
05-07 08:38:49.168 W/PhotopickerUserMonitor(18317): 	at android.os.Looper.loopOnce(Looper.java:296)
05-07 08:38:49.168 W/PhotopickerUserMonitor(18317): 	at android.os.Looper.loop(Looper.java:397)
05-07 08:38:49.168 W/PhotopickerUserMonitor(18317): 	at android.app.ActivityThread.main(ActivityThread.java:9523)
05-07 08:38:49.168 W/PhotopickerUserMonitor(18317): 	at java.lang.reflect.Method.invoke(Native Method)
05-07 08:38:49.168 W/PhotopickerUserMonitor(18317): 	at com.android.internal.os.RuntimeInit$MethodAndArgsCaller.run(RuntimeInit.java:575)
05-07 08:38:49.168 W/PhotopickerUserMonitor(18317): 	at com.android.internal.os.ZygoteInit.main(ZygoteInit.java:939)
05-07 08:38:49.226 E/ProcessingUtils( 1707): Media processing is disabled.
05-07 08:38:49.231 E/PhotoPickerProvider( 1707): Failed to check if local search is enabled
05-07 08:38:49.231 E/PhotoPickerProvider( 1707): java.lang.IllegalStateException: Service not connected
05-07 08:38:49.231 E/PhotoPickerProvider( 1707): 	at com.android.providers.media.photopicker.PhotoPickerLocalSearchManager.isSemanticSearchSupported(PhotoPickerLocalSearchManager.java:155)
05-07 08:38:49.231 E/PhotoPickerProvider( 1707): 	at com.android.providers.media.photopicker.PhotoPickerProvider.isSearchEnabled(PhotoPickerProvider.java:329)
05-07 08:38:49.231 E/PhotoPickerProvider( 1707): 	at com.android.providers.media.photopicker.PhotoPickerProvider.onGetCapabilities(PhotoPickerProvider.java:319)
05-07 08:38:49.231 E/PhotoPickerProvider( 1707): 	at android.provider.CloudMediaProvider.callUnchecked(CloudMediaProvider.java:761)
05-07 08:38:49.231 E/PhotoPickerProvider( 1707): 	at android.provider.CloudMediaProvider.call(CloudMediaProvider.java:734)
05-07 08:38:49.231 E/PhotoPickerProvider( 1707): 	at android.content.ContentProvider.call(ContentProvider.java:2756)
05-07 08:38:49.231 E/PhotoPickerProvider( 1707): 	at android.content.ContentProvider$Transport.call(ContentProvider.java:648)
05-07 08:38:49.231 E/PhotoPickerProvider( 1707): 	at android.content.ContentProviderClient.lambda$call$16(ContentProviderClient.java:591)
05-07 08:38:49.231 E/PhotoPickerProvider( 1707): 	at android.content.ContentProviderClient.$r8$lambda$33Q7SUkYb_Sf_zVybrtewVEK9BU(ContentProviderClient.java:0)
05-07 08:38:49.231 E/PhotoPickerProvider( 1707): 	at android.content.ContentProviderClient$$ExternalSyntheticLambda14.apply(D8$$SyntheticClass:0)
05-07 08:38:49.231 E/PhotoPickerProvider( 1707): 	at android.content.ContentProviderClient.execute(ContentProviderClient.java:743)
05-07 08:38:49.231 E/PhotoPickerProvider( 1707): 	at android.content.ContentProviderClient.call(ContentProviderClient.java:591)
05-07 08:38:49.231 E/PhotoPickerProvider( 1707): 	at android.content.ContentProviderClient.call(ContentProviderClient.java:582)
05-07 08:38:49.231 E/PhotoPickerProvider( 1707): 	at com.android.providers.media.photopicker.sync.PickerSearchProviderClient.fetchCapabilities(PickerSearchProviderClient.java:254)
05-07 08:38:49.231 E/PhotoPickerProvider( 1707): 	at com.android.providers.media.photopicker.SearchState.doesLocalProviderSupportSearch(SearchState.java:108)
05-07 08:38:49.231 E/PhotoPickerProvider( 1707): 	at com.android.providers.media.photopicker.SearchState.isLocalSearchEnabled(SearchState.java:136)
05-07 08:38:49.231 E/PhotoPickerProvider( 1707): 	at com.android.providers.media.photopicker.v2.PickerDataLayerV2.$r8$lambda$LzYBg9FQAjB2SfoOD3HXjF_LAKc(PickerDataLayerV2.java:1954)
05-07 08:38:49.231 E/PhotoPickerProvider( 1707): 	at com.android.providers.media.photopicker.v2.PickerDataLayerV2$$ExternalSyntheticLambda1.get(R8$$SyntheticClass:0)
05-07 08:38:49.231 E/PhotoPickerProvider( 1707): 	at java.util.concurrent.CompletableFuture$AsyncSupply.run(CompletableFuture.java:1744)
05-07 08:38:49.231 E/PhotoPickerProvider( 1707): 	at java.util.concurrent.ThreadPoolExecutor.runWorker(ThreadPoolExecutor.java:1100)
05-07 08:38:49.231 E/PhotoPickerProvider( 1707): 	at java.util.concurrent.ThreadPoolExecutor$Worker.run(ThreadPoolExecutor.java:624)
05-07 08:38:49.231 E/PhotoPickerProvider( 1707): 	at com.android.providers.media.util.ThreadFactoryUtil$1.$r8$lambda$Wm4GPOYBu_O7miOEhuUfhyf0mgc(ThreadFactoryUtil.java:77)
05-07 08:38:49.231 E/PhotoPickerProvider( 1707): 	at com.android.providers.media.util.ThreadFactoryUtil$1$$ExternalSyntheticLambda0.run(R8$$SyntheticClass:0)
05-07 08:38:49.231 E/PhotoPickerProvider( 1707): 	at java.lang.Thread.run(Thread.java:1572)
05-07 08:38:49.250 W/oid.apps.photos(18342): Unexpected CPU variant for x86: x86_64.
05-07 08:38:49.250 W/oid.apps.photos(18342): Known variants: atom, sandybridge, silvermont, goldmont, goldmont-plus, goldmont-without-sha-xsaves, tremont, kabylake, alderlake, pantherlake, default
05-07 08:38:49.372 E/PickerDataLayerV2( 1707): Timed out waiting for search capabilities.
05-07 08:38:49.372 E/PickerDataLayerV2( 1707): java.util.concurrent.TimeoutException
05-07 08:38:49.372 E/PickerDataLayerV2( 1707): 	at java.util.concurrent.CompletableFuture.timedGet(CompletableFuture.java:1936)
05-07 08:38:49.372 E/PickerDataLayerV2( 1707): 	at java.util.concurrent.CompletableFuture.get(CompletableFuture.java:2071)
05-07 08:38:49.372 E/PickerDataLayerV2( 1707): 	at com.android.providers.media.photopicker.v2.PickerDataLayerV2.getSearchProviders(PickerDataLayerV2.java:1958)
05-07 08:38:49.372 E/PickerDataLayerV2( 1707): 	at com.android.providers.media.photopicker.v2.PickerDataLayerV2.getSearchProviders(PickerDataLayerV2.java:1918)
05-07 08:38:49.372 E/PickerDataLayerV2( 1707): 	at com.android.providers.media.MediaProvider.getPickerSearchProviders(MediaProvider.java:8476)
05-07 08:38:49.372 E/PickerDataLayerV2( 1707): 	at com.android.providers.media.MediaProvider.callInternal(MediaProvider.java:7582)
05-07 08:38:49.372 E/PickerDataLayerV2( 1707): 	at com.android.providers.media.MediaProvider.call(MediaProvider.java:7494)
05-07 08:38:49.372 E/PickerDataLayerV2( 1707): 	at android.content.ContentProvider.call(ContentProvider.java:2756)
05-07 08:38:49.372 E/PickerDataLayerV2( 1707): 	at android.content.ContentProvider$Transport.call(ContentProvider.java:648)
05-07 08:38:49.372 E/PickerDataLayerV2( 1707): 	at android.content.ContentProviderNative.onTransact(ContentProviderNative.java:309)
05-07 08:38:49.372 E/PickerDataLayerV2( 1707): 	at android.os.Binder.execTransactInternal(Binder.java:1364)
05-07 08:38:49.372 E/PickerDataLayerV2( 1707): 	at android.os.Binder.execTransact(Binder.java:1323)
05-07 08:38:49.373 W/PickerDataLayerV2( 1707): Cloud search capability check did not complete. Falling back to cache.
05-07 08:38:49.393 W/WindowOnBackDispatcher(18317): OnBackInvokedCallback is not enabled for the application.
05-07 08:38:49.393 W/WindowOnBackDispatcher(18317): Set 'android:enableOnBackInvokedCallback="true"' in the application manifest.
05-07 08:38:49.403 W/HWUI    (18317): Unknown dataspace 0
05-07 08:38:49.412 W/InputChannel-JNI(  707): Channel already disposed.
05-07 08:38:49.416 W/libc    (18317): Access denied finding property "vendor.mesa.virtgpu.kumquat"
05-07 08:38:49.601 W/libc    (18342): Access denied finding property "ro.debuggable"
05-07 08:38:49.629 W/libbinder.ServiceManagerCppClient(  529): Permission failure: android.permission.ACCESS_SURFACE_FLINGER from uid=10217 pid=18317
05-07 08:38:49.630 W/libbinder.ServiceManagerCppClient(  529): Permission failure: android.permission.ROTATE_SURFACE_FLINGER from uid=10217 pid=18317
05-07 08:38:49.631 W/libbinder.ServiceManagerCppClient(  529): Permission failure: android.permission.INTERNAL_SYSTEM_WINDOW from uid=10217 pid=18317
05-07 08:38:49.631 W/libbinder.ServiceManagerCppClient(  529): Permission failure: android.permission.READ_FRAME_BUFFER from uid=10217 pid=18317
05-07 08:38:49.675 W/JobInfo (18342): Job 'com.google.android.apps.photos/com.google.android.libraries.social.async.BackgroundTaskJobService#1043' has a deadline with no functional constraints. The deadline won't improve job execution latency. Consider removing the deadline.
05-07 08:38:49.739 W/libc    (18342): Access denied finding property "ro.debuggable"
05-07 08:38:49.742 E/PickerDataLayerV2( 1707): Could not ensure that the providers are set.
05-07 08:38:49.789 W/libbinder.ServiceManagerCppClient(  707): Permission failure: android.permission.ACCESS_SURFACE_FLINGER from uid=10217 pid=0
05-07 08:38:49.789 W/libbinder.ServiceManagerCppClient(  707): Permission failure: android.permission.ROTATE_SURFACE_FLINGER from uid=10217 pid=0
05-07 08:38:49.790 W/libbinder.ServiceManagerCppClient(  707): Permission failure: android.permission.INTERNAL_SYSTEM_WINDOW from uid=10217 pid=0
05-07 08:38:49.790 W/libbinder.ServiceManagerCppClient(  707): Permission failure: android.permission.READ_FRAME_BUFFER from uid=10217 pid=0
05-07 08:38:49.900 W/System  ( 1707): A resource failed to call AbstractCursor.close. 
05-07 08:38:49.900 W/System  ( 1707): A resource failed to call AbstractCursor.close. 
05-07 08:38:49.900 W/System  ( 1707): A resource failed to call AbstractCursor.close. 
05-07 08:38:49.900 W/System  ( 1707): A resource failed to call AbstractCursor.close. 
05-07 08:38:49.904 W/skia    (  529): AGTM parsing failed flags.readFromStream(s) at 159
05-07 08:38:49.904 W/skia    (  529): AGTM parsing failed flags.readFromStream(s) at 159
05-07 08:38:49.913 W/InputChannel-JNI(  707): Channel already disposed.
05-07 08:38:49.975 W/PackageConfigPersister(  707): App-specific configuration not found for packageName: com.google.android.photopicker and userId: 0
05-07 08:38:50.004 W/skia    (  529): AGTM parsing failed flags.readFromStream(s) at 159
05-07 08:38:50.004 W/skia    (  529): AGTM parsing failed flags.readFromStream(s) at 159
05-07 08:38:50.037 W/SQLiteLog( 1707): (28) double-quoted string literal: "app.theprimeway.twa"
05-07 08:38:50.064 W/libc    (18342): Access denied finding property "ro.debuggable"
05-07 08:38:50.068 E/PickerSyncController( 1707): Sync failed due to invalid params. Resetting media. Retry: true
05-07 08:38:50.068 E/PickerSyncController( 1707): com.android.providers.media.photopicker.util.exceptions.InvalidProviderSyncParamsException: Unexpected Latest Media Collection Info: ID/Gen/AccountName=null/0/null
05-07 08:38:50.068 E/PickerSyncController( 1707): 	at com.android.providers.media.photopicker.PickerSyncController.getSyncRequestParamsLocked(PickerSyncController.java:1687)
05-07 08:38:50.068 E/PickerSyncController( 1707): 	at com.android.providers.media.photopicker.PickerSyncController.getSyncRequestParams(PickerSyncController.java:1644)
05-07 08:38:50.068 E/PickerSyncController( 1707): 	at com.android.providers.media.photopicker.PickerSyncController.syncAllMediaFromProvider(PickerSyncController.java:992)
05-07 08:38:50.068 E/PickerSyncController( 1707): 	at com.android.providers.media.photopicker.PickerSyncController.syncAllMediaFromCloudProvider(PickerSyncController.java:458)
05-07 08:38:50.068 E/PickerSyncController( 1707): 	at com.android.providers.media.photopicker.sync.ImmediateSyncWorker.doWork(ImmediateSyncWorker.java:97)
05-07 08:38:50.068 E/PickerSyncController( 1707): 	at androidx.work.Worker.$r8$lambda$opNRPVQx7zi4ENxyGPOIhxFU0oM(Worker.kt:64)
05-07 08:38:50.068 E/PickerSyncController( 1707): 	at androidx.work.Worker$$ExternalSyntheticLambda0.invoke(R8$$SyntheticClass:0)
05-07 08:38:50.068 E/PickerSyncController( 1707): 	at androidx.work.WorkerKt.future$lambda$0$1(Worker.kt:100)
05-07 08:38:50.068 E/PickerSyncController( 1707): 	at androidx.work.WorkerKt.$r8$lambda$YRKOYg4KOcZY2JOe5siOBop394I(Worker.kt:0)
05-07 08:38:50.068 E/PickerSyncController( 1707): 	at androidx.work.WorkerKt$$ExternalSyntheticLambda2.run(R8$$SyntheticClass:0)
05-07 08:38:50.068 E/PickerSyncController( 1707): 	at java.util.concurrent.ThreadPoolExecutor.runWorker(ThreadPoolExecutor.java:1100)
05-07 08:38:50.068 E/PickerSyncController( 1707): 	at java.util.concurrent.ThreadPoolExecutor$Worker.run(ThreadPoolExecutor.java:624)
05-07 08:38:50.068 E/PickerSyncController( 1707): 	at java.lang.Thread.run(Thread.java:1572)
05-07 08:38:50.083 W/libc    (18342): Access denied finding property "ro.debuggable"
05-07 08:38:50.087 E/PickerSyncController( 1707): Sync failed due to invalid params. Resetting media. Retry: false
05-07 08:38:50.087 E/PickerSyncController( 1707): com.android.providers.media.photopicker.util.exceptions.InvalidProviderSyncParamsException: Unexpected Latest Media Collection Info: ID/Gen/AccountName=null/0/null
05-07 08:38:50.087 E/PickerSyncController( 1707): 	at com.android.providers.media.photopicker.PickerSyncController.getSyncRequestParamsLocked(PickerSyncController.java:1687)
05-07 08:38:50.087 E/PickerSyncController( 1707): 	at com.android.providers.media.photopicker.PickerSyncController.getSyncRequestParams(PickerSyncController.java:1644)
05-07 08:38:50.087 E/PickerSyncController( 1707): 	at com.android.providers.media.photopicker.PickerSyncController.syncAllMediaFromProvider(PickerSyncController.java:992)
05-07 08:38:50.087 E/PickerSyncController( 1707): 	at com.android.providers.media.photopicker.PickerSyncController.syncAllMediaFromProvider(PickerSyncController.java:1080)
05-07 08:38:50.087 E/PickerSyncController( 1707): 	at com.android.providers.media.photopicker.PickerSyncController.syncAllMediaFromCloudProvider(PickerSyncController.java:458)
05-07 08:38:50.087 E/PickerSyncController( 1707): 	at com.android.providers.media.photopicker.sync.ImmediateSyncWorker.doWork(ImmediateSyncWorker.java:97)
05-07 08:38:50.087 E/PickerSyncController( 1707): 	at androidx.work.Worker.$r8$lambda$opNRPVQx7zi4ENxyGPOIhxFU0oM(Worker.kt:64)
05-07 08:38:50.087 E/PickerSyncController( 1707): 	at androidx.work.Worker$$ExternalSyntheticLambda0.invoke(R8$$SyntheticClass:0)
05-07 08:38:50.087 E/PickerSyncController( 1707): 	at androidx.work.WorkerKt.future$lambda$0$1(Worker.kt:100)
05-07 08:38:50.087 E/PickerSyncController( 1707): 	at androidx.work.WorkerKt.$r8$lambda$YRKOYg4KOcZY2JOe5siOBop394I(Worker.kt:0)
05-07 08:38:50.087 E/PickerSyncController( 1707): 	at androidx.work.WorkerKt$$ExternalSyntheticLambda2.run(R8$$SyntheticClass:0)
05-07 08:38:50.087 E/PickerSyncController( 1707): 	at java.util.concurrent.ThreadPoolExecutor.runWorker(ThreadPoolExecutor.java:1100)
05-07 08:38:50.087 E/PickerSyncController( 1707): 	at java.util.concurrent.ThreadPoolExecutor$Worker.run(ThreadPoolExecutor.java:624)
05-07 08:38:50.087 E/PickerSyncController( 1707): 	at java.lang.Thread.run(Thread.java:1572)
05-07 08:38:50.091 E/ISyncWorker( 1707): Couldn't complete immediate sync from the cloud provider due to com.android.providers.media.photopicker.util.exceptions.InvalidProviderSyncParamsException: Unexpected Latest Media Collection Info: ID/Gen/AccountName=null/0/null
05-07 08:38:50.101 W/libc    (18342): Access denied finding property "ro.debuggable"
05-07 08:38:50.104 E/PickerDataLayerV2( 1707): Could not ensure that the providers are set.
05-07 08:38:50.106 W/skia    (  529): AGTM parsing failed flags.readFromStream(s) at 159
05-07 08:38:50.106 W/skia    (  529): AGTM parsing failed flags.readFromStream(s) at 159
05-07 08:38:50.118 W/System  ( 1707): A resource failed to call CursorWindow.close. 
05-07 08:38:50.118 W/System  ( 1707): A resource failed to call AbstractCursor.close. 
05-07 08:38:50.118 W/System  ( 1707): A resource failed to call CursorWindow.close. 
05-07 08:38:50.118 W/System  ( 1707): A resource failed to call AbstractCursor.close. 
05-07 08:38:50.118 W/System  ( 1707): A resource failed to call CursorWindow.close. 
05-07 08:38:50.118 W/System  ( 1707): A resource failed to call AbstractCursor.close. 
05-07 08:38:50.118 W/System  ( 1707): A resource failed to call CursorWindow.close. 
05-07 08:38:50.118 W/System  ( 1707): A resource failed to call AbstractCursor.close. 
05-07 08:38:50.218 W/System  ( 1707): A resource failed to call CursorWindow.close. 
05-07 08:38:50.218 W/System  ( 1707): A resource failed to call AbstractCursor.close. 
05-07 08:38:50.218 W/System  ( 1707): A resource failed to call CursorWindow.close. 
05-07 08:38:50.218 W/System  ( 1707): A resource failed to call AbstractCursor.close. 
05-07 08:38:50.218 W/System  ( 1707): A resource failed to call CursorWindow.close. 
05-07 08:38:50.218 W/System  ( 1707): A resource failed to call AbstractCursor.close. 
05-07 08:38:50.218 W/System  ( 1707): A resource failed to call CursorWindow.close. 
05-07 08:38:50.218 W/System  ( 1707): A resource failed to call AbstractCursor.close. 
05-07 08:38:50.219 W/skia    (  529): AGTM parsing failed flags.readFromStream(s) at 159
05-07 08:38:50.219 W/skia    (  529): AGTM parsing failed flags.readFromStream(s) at 159
05-07 08:38:50.227 W/libc    (18342): Access denied finding property "ro.debuggable"
05-07 08:38:50.229 E/PickerSyncController( 1707): Sync failed due to invalid params. Resetting media. Retry: true
05-07 08:38:50.229 E/PickerSyncController( 1707): com.android.providers.media.photopicker.util.exceptions.InvalidProviderSyncParamsException: Unexpected Latest Media Collection Info: ID/Gen/AccountName=null/0/null
05-07 08:38:50.229 E/PickerSyncController( 1707): 	at com.android.providers.media.photopicker.PickerSyncController.getSyncRequestParamsLocked(PickerSyncController.java:1687)
05-07 08:38:50.229 E/PickerSyncController( 1707): 	at com.android.providers.media.photopicker.PickerSyncController.getSyncRequestParams(PickerSyncController.java:1644)
05-07 08:38:50.229 E/PickerSyncController( 1707): 	at com.android.providers.media.photopicker.PickerSyncController.syncAllMediaFromProvider(PickerSyncController.java:992)
05-07 08:38:50.229 E/PickerSyncController( 1707): 	at com.android.providers.media.photopicker.PickerSyncController.syncAllMediaFromCloudProvider(PickerSyncController.java:458)
05-07 08:38:50.229 E/PickerSyncController( 1707): 	at com.android.providers.media.photopicker.sync.ImmediateSyncWorker.doWork(ImmediateSyncWorker.java:97)
05-07 08:38:50.229 E/PickerSyncController( 1707): 	at androidx.work.Worker.$r8$lambda$opNRPVQx7zi4ENxyGPOIhxFU0oM(Worker.kt:64)
05-07 08:38:50.229 E/PickerSyncController( 1707): 	at androidx.work.Worker$$ExternalSyntheticLambda0.invoke(R8$$SyntheticClass:0)
05-07 08:38:50.229 E/PickerSyncController( 1707): 	at androidx.work.WorkerKt.future$lambda$0$1(Worker.kt:100)
05-07 08:38:50.229 E/PickerSyncController( 1707): 	at androidx.work.WorkerKt.$r8$lambda$YRKOYg4KOcZY2JOe5siOBop394I(Worker.kt:0)
05-07 08:38:50.229 E/PickerSyncController( 1707): 	at androidx.work.WorkerKt$$ExternalSyntheticLambda2.run(R8$$SyntheticClass:0)
05-07 08:38:50.229 E/PickerSyncController( 1707): 	at java.util.concurrent.ThreadPoolExecutor.runWorker(ThreadPoolExecutor.java:1100)
05-07 08:38:50.229 E/PickerSyncController( 1707): 	at java.util.concurrent.ThreadPoolExecutor$Worker.run(ThreadPoolExecutor.java:624)
05-07 08:38:50.229 E/PickerSyncController( 1707): 	at java.lang.Thread.run(Thread.java:1572)
05-07 08:38:50.238 W/libc    (18342): Access denied finding property "ro.debuggable"
05-07 08:38:50.239 E/PickerSyncController( 1707): Sync failed due to invalid params. Resetting media. Retry: false
05-07 08:38:50.239 E/PickerSyncController( 1707): com.android.providers.media.photopicker.util.exceptions.InvalidProviderSyncParamsException: Unexpected Latest Media Collection Info: ID/Gen/AccountName=null/0/null
05-07 08:38:50.239 E/PickerSyncController( 1707): 	at com.android.providers.media.photopicker.PickerSyncController.getSyncRequestParamsLocked(PickerSyncController.java:1687)
05-07 08:38:50.239 E/PickerSyncController( 1707): 	at com.android.providers.media.photopicker.PickerSyncController.getSyncRequestParams(PickerSyncController.java:1644)
05-07 08:38:50.239 E/PickerSyncController( 1707): 	at com.android.providers.media.photopicker.PickerSyncController.syncAllMediaFromProvider(PickerSyncController.java:992)
05-07 08:38:50.239 E/PickerSyncController( 1707): 	at com.android.providers.media.photopicker.PickerSyncController.syncAllMediaFromProvider(PickerSyncController.java:1080)
05-07 08:38:50.239 E/PickerSyncController( 1707): 	at com.android.providers.media.photopicker.PickerSyncController.syncAllMediaFromCloudProvider(PickerSyncController.java:458)
05-07 08:38:50.239 E/PickerSyncController( 1707): 	at com.android.providers.media.photopicker.sync.ImmediateSyncWorker.doWork(ImmediateSyncWorker.java:97)
05-07 08:38:50.239 E/PickerSyncController( 1707): 	at androidx.work.Worker.$r8$lambda$opNRPVQx7zi4ENxyGPOIhxFU0oM(Worker.kt:64)
05-07 08:38:50.239 E/PickerSyncController( 1707): 	at androidx.work.Worker$$ExternalSyntheticLambda0.invoke(R8$$SyntheticClass:0)
05-07 08:38:50.239 E/PickerSyncController( 1707): 	at androidx.work.WorkerKt.future$lambda$0$1(Worker.kt:100)
05-07 08:38:50.239 E/PickerSyncController( 1707): 	at androidx.work.WorkerKt.$r8$lambda$YRKOYg4KOcZY2JOe5siOBop394I(Worker.kt:0)
05-07 08:38:50.239 E/PickerSyncController( 1707): 	at androidx.work.WorkerKt$$ExternalSyntheticLambda2.run(R8$$SyntheticClass:0)
05-07 08:38:50.239 E/PickerSyncController( 1707): 	at java.util.concurrent.ThreadPoolExecutor.runWorker(ThreadPoolExecutor.java:1100)
05-07 08:38:50.239 E/PickerSyncController( 1707): 	at java.util.concurrent.ThreadPoolExecutor$Worker.run(ThreadPoolExecutor.java:624)
05-07 08:38:50.239 E/PickerSyncController( 1707): 	at java.lang.Thread.run(Thread.java:1572)
05-07 08:38:50.244 E/ISyncWorker( 1707): Couldn't complete immediate sync from the cloud provider due to com.android.providers.media.photopicker.util.exceptions.InvalidProviderSyncParamsException: Unexpected Latest Media Collection Info: ID/Gen/AccountName=null/0/null
05-07 08:38:50.320 W/skia    (  529): AGTM parsing failed flags.readFromStream(s) at 159
05-07 08:38:50.320 W/skia    (  529): AGTM parsing failed flags.readFromStream(s) at 159
05-07 08:38:53.555 W/skia    (  529): AGTM parsing failed flags.readFromStream(s) at 159
05-07 08:38:53.555 W/skia    (  529): AGTM parsing failed flags.readFromStream(s) at 159
05-07 08:38:53.656 W/skia    (  529): AGTM parsing failed flags.readFromStream(s) at 159
05-07 08:38:53.656 W/skia    (  529): AGTM parsing failed flags.readFromStream(s) at 159
05-07 08:38:53.767 W/skia    (  529): AGTM parsing failed flags.readFromStream(s) at 159
05-07 08:38:53.768 W/skia    (  529): AGTM parsing failed flags.readFromStream(s) at 159
